#
# There is insufficient memory for the Java Runtime Environment to continue.
# Native memory allocation (mmap) failed to map 65536 bytes. Error detail: Failed to commit metaspace.
# Possible reasons:
#   The system is out of physical RAM or swap space
#   This process is running with CompressedOops enabled, and the Java Heap may be blocking the growth of the native heap
# Possible solutions:
#   Reduce memory load on the system
#   Increase physical memory or swap space
#   Check if swap backing store is full
#   Decrease Java heap size (-Xmx/-Xms)
#   Decrease number of Java threads
#   Decrease Java thread stack sizes (-Xss)
#   Set larger code cache with -XX:ReservedCodeCacheSize=
#   JVM is running with Zero Based Compressed Oops mode in which the Java heap is
#     placed in the first 32GB address space. The Java Heap base address is the
#     maximum limit for the native heap growth. Please use -XX:HeapBaseMinAddress
#     to set the Java Heap base and to place the Java Heap above 32GB virtual address.
# This output file may be truncated or incomplete.
#
#  Out of Memory Error (virtualSpaceNode.cpp:113), pid=27768, tid=30212
#
# JRE version: OpenJDK Runtime Environment Temurin-25.0.1+8 (25.0.1+8) (build 25.0.1+8-LTS)
# Java VM: OpenJDK 64-Bit Server VM Temurin-25.0.1+8 (25.0.1+8-LTS, mixed mode, sharing, tiered, compressed oops, compressed class ptrs, g1 gc, windows-amd64)
# No core dump will be written. Minidumps are not enabled by default on client versions of Windows
#

---------------  S U M M A R Y ------------

Command Line: -Dclassworlds.conf=C:\Program Files\Apache NetBeans\java\maven\bin\m2.conf -Dmaven.home=C:\Program Files\Apache NetBeans\java\maven -Dlibrary.jansi.path=C:\Program Files\Apache NetBeans\java\maven\lib\jansi-native -Dmaven.multiModuleProjectDirectory=C:\Users\agamg\Documents\NetBeansProjects\TareaProgra\TareaProgramacion2 org.codehaus.plexus.classworlds.launcher.Launcher -Dexec.vmArgs= -Dexec.appArgs= -Dmaven.ext.class.path=C:\Program Files\Apache NetBeans\java\maven-nblib\netbeans-eventspy.jar --no-transfer-progress clean javafx:run

Host: 12th Gen Intel(R) Core(TM) i5-1235U, 12 cores, 15G,  Windows 11 , 64 bit Build 26100 (10.0.26100.7920)
Time: Wed Mar 25 18:17:53 2026 Hora estándar, América Central elapsed time: 2.287340 seconds (0d 0h 0m 2s)

---------------  T H R E A D  ---------------

Current thread (0x000001e2b7371060):  JavaThread "main"             [_thread_in_vm, id=30212, stack(0x00000007ebf00000,0x00000007ec000000) (1024K)]

Stack: [0x00000007ebf00000,0x00000007ec000000]
Native frames: (J=compiled Java code, j=interpreted, Vv=VM code, C=native code)
V  [jvm.dll+0x7a8379]  (no source info available)
V  [jvm.dll+0x7729fd]  (no source info available)
V  [jvm.dll+0x9f57b3]  (no source info available)
V  [jvm.dll+0x9f7da1]  (no source info available)
V  [jvm.dll+0x9f84a3]  (no source info available)
V  [jvm.dll+0x2fcd26]  (no source info available)
V  [jvm.dll+0x9f268e]  (no source info available)
V  [jvm.dll+0x73da34]  (no source info available)
V  [jvm.dll+0x25867b]  (no source info available)
V  [jvm.dll+0x25843e]  (no source info available)
V  [jvm.dll+0x740465]  (no source info available)
V  [jvm.dll+0x740115]  (no source info available)
V  [jvm.dll+0x29ab92]  (no source info available)
V  [jvm.dll+0x73e458]  (no source info available)
V  [jvm.dll+0x2e231b]  (no source info available)
V  [jvm.dll+0x28a1ef]  (no source info available)
V  [jvm.dll+0x2800c6]  (no source info available)
V  [jvm.dll+0x6683b1]  (no source info available)
V  [jvm.dll+0x964ef6]  (no source info available)
V  [jvm.dll+0x51a232]  (no source info available)
V  [jvm.dll+0x51ff68]  (no source info available)
C  [java.dll+0x17c2]  (no source info available)

Java frames: (J=compiled Java code, j=interpreted, Vv=VM code)
j  java.lang.ClassLoader.defineClass1(Ljava/lang/ClassLoader;Ljava/lang/String;[BIILjava/security/ProtectionDomain;Ljava/lang/String;)Ljava/lang/Class;+0 java.base@25.0.1
j  java.lang.ClassLoader.defineClass(Ljava/lang/String;[BIILjava/security/ProtectionDomain;)Ljava/lang/Class;+27 java.base@25.0.1
j  java.security.SecureClassLoader.defineClass(Ljava/lang/String;[BIILjava/security/CodeSource;)Ljava/lang/Class;+12 java.base@25.0.1
j  jdk.internal.loader.BuiltinClassLoader.defineClass(Ljava/lang/String;Ljdk/internal/loader/Resource;)Ljava/lang/Class;+117 java.base@25.0.1
j  jdk.internal.loader.BuiltinClassLoader.findClassOnClassPathOrNull(Ljava/lang/String;)Ljava/lang/Class;+30 java.base@25.0.1
j  jdk.internal.loader.BuiltinClassLoader.loadClassOrNull(Ljava/lang/String;Z)Ljava/lang/Class;+111 java.base@25.0.1
j  jdk.internal.loader.BuiltinClassLoader.loadClass(Ljava/lang/String;Z)Ljava/lang/Class;+3 java.base@25.0.1
j  java.lang.ClassLoader.loadClass(Ljava/lang/String;)Ljava/lang/Class;+3 java.base@25.0.1
v  ~StubRoutines::call_stub 0x000001e2c98112ed
j  java.lang.Class.forName0(Ljava/lang/String;ZLjava/lang/ClassLoader;Ljava/lang/Class;)Ljava/lang/Class;+0 java.base@25.0.1
j  java.lang.Class.forName(Ljava/lang/String;ZLjava/lang/ClassLoader;)Ljava/lang/Class;+4 java.base@25.0.1
j  sun.launcher.LauncherHelper.loadMainClass(ILjava/lang/String;)Ljava/lang/Class;+130 java.base@25.0.1
j  sun.launcher.LauncherHelper.checkAndLoadMain(ZILjava/lang/String;)Ljava/lang/Class;+42 java.base@25.0.1
v  ~StubRoutines::call_stub 0x000001e2c98112ed
Lock stack of current Java thread (top to bottom):
LockStack[0]: java.lang.Object 
{0x00000003d1c169d8} - klass: 'java/lang/Object' - flags: 

 - ---- fields (total size 2 words):


---------------  P R O C E S S  ---------------

Threads class SMR info:
_java_thread_list=0x000001e2d928a690, length=11, elements={
0x000001e2b7371060, 0x000001e2d920b370, 0x000001e2d920caa0, 0x000001e2d920d900,
0x000001e2d92102f0, 0x000001e2d9210eb0, 0x000001e2d9211a70, 0x000001e2d9212960,
0x000001e2d921f390, 0x000001e2d928e760, 0x000001e2d93bc320
}

Java Threads: ( => current thread )
=>0x000001e2b7371060 JavaThread "main"                              [_thread_in_vm, id=30212, stack(0x00000007ebf00000,0x00000007ec000000) (1024K)]
  0x000001e2d920b370 JavaThread "Reference Handler"          daemon [_thread_blocked, id=12656, stack(0x00000007ec700000,0x00000007ec800000) (1024K)]
  0x000001e2d920caa0 JavaThread "Finalizer"                  daemon [_thread_blocked, id=15384, stack(0x00000007ec800000,0x00000007ec900000) (1024K)]
  0x000001e2d920d900 JavaThread "Signal Dispatcher"          daemon [_thread_blocked, id=5236, stack(0x00000007ec900000,0x00000007eca00000) (1024K)]
  0x000001e2d92102f0 JavaThread "Attach Listener"            daemon [_thread_blocked, id=13684, stack(0x00000007eca00000,0x00000007ecb00000) (1024K)]
  0x000001e2d9210eb0 JavaThread "Service Thread"             daemon [_thread_blocked, id=19808, stack(0x00000007ecb00000,0x00000007ecc00000) (1024K)]
  0x000001e2d9211a70 JavaThread "Monitor Deflation Thread"   daemon [_thread_blocked, id=30664, stack(0x00000007ecc00000,0x00000007ecd00000) (1024K)]
  0x000001e2d9212960 JavaThread "C2 CompilerThread0"         daemon [_thread_blocked, id=30668, stack(0x00000007ecd00000,0x00000007ece00000) (1024K)]
  0x000001e2d921f390 JavaThread "C1 CompilerThread0"         daemon [_thread_blocked, id=31428, stack(0x00000007ece00000,0x00000007ecf00000) (1024K)]
  0x000001e2d928e760 JavaThread "Notification Thread"        daemon [_thread_blocked, id=21308, stack(0x00000007ecf00000,0x00000007ed000000) (1024K)]
  0x000001e2d93bc320 JavaThread "Common-Cleaner"             daemon [_thread_blocked, id=20992, stack(0x00000007ed000000,0x00000007ed100000) (1024K)]
Total: 11

Other Threads:
  0x000001e2d91f4070 VMThread "VM Thread"                           [id=31028, stack(0x00000007ec600000,0x00000007ec700000) (1024K)]
  0x000001e2d91e68a0 WatcherThread "VM Periodic Task Thread"        [id=31016, stack(0x00000007ec500000,0x00000007ec600000) (1024K)]
  0x000001e2b9857060 WorkerThread "GC Thread#0"                     [id=30576, stack(0x00000007ec000000,0x00000007ec100000) (1024K)]
  0x000001e2b986fad0 ConcurrentGCThread "G1 Main Marker"            [id=25460, stack(0x00000007ec100000,0x00000007ec200000) (1024K)]
  0x000001e2b9870670 WorkerThread "G1 Conc#0"                       [id=29940, stack(0x00000007ec200000,0x00000007ec300000) (1024K)]
  0x000001e2b98aea70 ConcurrentGCThread "G1 Refine#0"               [id=30768, stack(0x00000007ec300000,0x00000007ec400000) (1024K)]
  0x000001e2d90ad340 ConcurrentGCThread "G1 Service"                [id=30268, stack(0x00000007ec400000,0x00000007ec500000) (1024K)]
Total: 7

Threads with active compile tasks:
Total: 0

VM state: not at safepoint (normal execution)

VM Mutex/Monitor currently owned by a thread:  ([mutex/lock_event])
[0x00007fff65ca4168] Metaspace_lock - owner thread: 0x000001e2b7371060

Heap address: 0x00000003c2200000, size: 4028 MB, Compressed Oops mode: Zero based, Oop shift amount: 3

CDS archive(s) mapped at: [0x000000000c000000-0x000000000cdd0000-0x000000000cdd0000), size 14483456, SharedBaseAddress: 0x000000000c000000, ArchiveRelocationMode: 1.
Compressed class space mapped at: 0x000000000d000000-0x000000004d000000, reserved size: 1073741824
UseCompressedClassPointers 1, UseCompactObjectHeaders 0
Narrow klass pointer bits 32, Max shift 3
Narrow klass base: 0x000000000c000000, Narrow klass shift: 0
Encoding Range: [0x000000000c000000 - 0x000000010c000000), (4294967296 bytes)
Klass Range:    [0x000000000c010000 - 0x000000004d000000), (1090453504 bytes)
Klass ID Range:  [65536 - 1090519033) (1090453497)
Protection zone: [0x000000000c000000 - 0x000000000c010000), (65536 bytes)

GC Precious Log:
 CardTable entry size: 512
 Card Set container configuration: InlinePtr #cards 4 size 8 Array Of Cards #cards 16 size 48 Howl #buckets 8 coarsen threshold 3686 Howl Bitmap #cards 512 size 80 coarsen threshold 460 Card regions per heap region 1 cards per card region 4096
 CPUs: 12 total, 12 available
 Memory: 16108M
 Large Page Support: Disabled
 NUMA Support: Disabled
 Compressed Oops: Enabled (Zero based)
 Heap Region Size: 2M
 Heap Min Capacity: 8M
 Heap Initial Capacity: 252M
 Heap Max Capacity: 4028M
 Pre-touch: Disabled
 Parallel Workers: 10
 Concurrent Workers: 3
 Concurrent Refinement Workers: 10
 Periodic GC: Disabled

Heap:
 garbage-first heap   total reserved 4124672K, committed 260096K, used 1171K [0x00000003c2200000, 0x00000004bde00000)
  region size 2048K, 1 young (2048K), 0 survivors (0K)

Heap Regions: E=young(eden), S=young(survivor), O=old, HS=humongous(starts), HC=humongous(continues), CS=collection set, F=free, TAMS=top-at-mark-start, PB=parsable bottom
|   0|0x00000003c2200000, 0x00000003c2200000, 0x00000003c2400000|  0%| F|  |TAMS 0x00000003c2200000| PB 0x00000003c2200000| Untracked |  0
|   1|0x00000003c2400000, 0x00000003c2400000, 0x00000003c2600000|  0%| F|  |TAMS 0x00000003c2400000| PB 0x00000003c2400000| Untracked |  0
|   2|0x00000003c2600000, 0x00000003c2600000, 0x00000003c2800000|  0%| F|  |TAMS 0x00000003c2600000| PB 0x00000003c2600000| Untracked |  0
|   3|0x00000003c2800000, 0x00000003c2800000, 0x00000003c2a00000|  0%| F|  |TAMS 0x00000003c2800000| PB 0x00000003c2800000| Untracked |  0
|   4|0x00000003c2a00000, 0x00000003c2a00000, 0x00000003c2c00000|  0%| F|  |TAMS 0x00000003c2a00000| PB 0x00000003c2a00000| Untracked |  0
|   5|0x00000003c2c00000, 0x00000003c2c00000, 0x00000003c2e00000|  0%| F|  |TAMS 0x00000003c2c00000| PB 0x00000003c2c00000| Untracked |  0
|   6|0x00000003c2e00000, 0x00000003c2e00000, 0x00000003c3000000|  0%| F|  |TAMS 0x00000003c2e00000| PB 0x00000003c2e00000| Untracked |  0
|   7|0x00000003c3000000, 0x00000003c3000000, 0x00000003c3200000|  0%| F|  |TAMS 0x00000003c3000000| PB 0x00000003c3000000| Untracked |  0
|   8|0x00000003c3200000, 0x00000003c3200000, 0x00000003c3400000|  0%| F|  |TAMS 0x00000003c3200000| PB 0x00000003c3200000| Untracked |  0
|   9|0x00000003c3400000, 0x00000003c3400000, 0x00000003c3600000|  0%| F|  |TAMS 0x00000003c3400000| PB 0x00000003c3400000| Untracked |  0
|  10|0x00000003c3600000, 0x00000003c3600000, 0x00000003c3800000|  0%| F|  |TAMS 0x00000003c3600000| PB 0x00000003c3600000| Untracked |  0
|  11|0x00000003c3800000, 0x00000003c3800000, 0x00000003c3a00000|  0%| F|  |TAMS 0x00000003c3800000| PB 0x00000003c3800000| Untracked |  0
|  12|0x00000003c3a00000, 0x00000003c3a00000, 0x00000003c3c00000|  0%| F|  |TAMS 0x00000003c3a00000| PB 0x00000003c3a00000| Untracked |  0
|  13|0x00000003c3c00000, 0x00000003c3c00000, 0x00000003c3e00000|  0%| F|  |TAMS 0x00000003c3c00000| PB 0x00000003c3c00000| Untracked |  0
|  14|0x00000003c3e00000, 0x00000003c3e00000, 0x00000003c4000000|  0%| F|  |TAMS 0x00000003c3e00000| PB 0x00000003c3e00000| Untracked |  0
|  15|0x00000003c4000000, 0x00000003c4000000, 0x00000003c4200000|  0%| F|  |TAMS 0x00000003c4000000| PB 0x00000003c4000000| Untracked |  0
|  16|0x00000003c4200000, 0x00000003c4200000, 0x00000003c4400000|  0%| F|  |TAMS 0x00000003c4200000| PB 0x00000003c4200000| Untracked |  0
|  17|0x00000003c4400000, 0x00000003c4400000, 0x00000003c4600000|  0%| F|  |TAMS 0x00000003c4400000| PB 0x00000003c4400000| Untracked |  0
|  18|0x00000003c4600000, 0x00000003c4600000, 0x00000003c4800000|  0%| F|  |TAMS 0x00000003c4600000| PB 0x00000003c4600000| Untracked |  0
|  19|0x00000003c4800000, 0x00000003c4800000, 0x00000003c4a00000|  0%| F|  |TAMS 0x00000003c4800000| PB 0x00000003c4800000| Untracked |  0
|  20|0x00000003c4a00000, 0x00000003c4a00000, 0x00000003c4c00000|  0%| F|  |TAMS 0x00000003c4a00000| PB 0x00000003c4a00000| Untracked |  0
|  21|0x00000003c4c00000, 0x00000003c4c00000, 0x00000003c4e00000|  0%| F|  |TAMS 0x00000003c4c00000| PB 0x00000003c4c00000| Untracked |  0
|  22|0x00000003c4e00000, 0x00000003c4e00000, 0x00000003c5000000|  0%| F|  |TAMS 0x00000003c4e00000| PB 0x00000003c4e00000| Untracked |  0
|  23|0x00000003c5000000, 0x00000003c5000000, 0x00000003c5200000|  0%| F|  |TAMS 0x00000003c5000000| PB 0x00000003c5000000| Untracked |  0
|  24|0x00000003c5200000, 0x00000003c5200000, 0x00000003c5400000|  0%| F|  |TAMS 0x00000003c5200000| PB 0x00000003c5200000| Untracked |  0
|  25|0x00000003c5400000, 0x00000003c5400000, 0x00000003c5600000|  0%| F|  |TAMS 0x00000003c5400000| PB 0x00000003c5400000| Untracked |  0
|  26|0x00000003c5600000, 0x00000003c5600000, 0x00000003c5800000|  0%| F|  |TAMS 0x00000003c5600000| PB 0x00000003c5600000| Untracked |  0
|  27|0x00000003c5800000, 0x00000003c5800000, 0x00000003c5a00000|  0%| F|  |TAMS 0x00000003c5800000| PB 0x00000003c5800000| Untracked |  0
|  28|0x00000003c5a00000, 0x00000003c5a00000, 0x00000003c5c00000|  0%| F|  |TAMS 0x00000003c5a00000| PB 0x00000003c5a00000| Untracked |  0
|  29|0x00000003c5c00000, 0x00000003c5c00000, 0x00000003c5e00000|  0%| F|  |TAMS 0x00000003c5c00000| PB 0x00000003c5c00000| Untracked |  0
|  30|0x00000003c5e00000, 0x00000003c5e00000, 0x00000003c6000000|  0%| F|  |TAMS 0x00000003c5e00000| PB 0x00000003c5e00000| Untracked |  0
|  31|0x00000003c6000000, 0x00000003c6000000, 0x00000003c6200000|  0%| F|  |TAMS 0x00000003c6000000| PB 0x00000003c6000000| Untracked |  0
|  32|0x00000003c6200000, 0x00000003c6200000, 0x00000003c6400000|  0%| F|  |TAMS 0x00000003c6200000| PB 0x00000003c6200000| Untracked |  0
|  33|0x00000003c6400000, 0x00000003c6400000, 0x00000003c6600000|  0%| F|  |TAMS 0x00000003c6400000| PB 0x00000003c6400000| Untracked |  0
|  34|0x00000003c6600000, 0x00000003c6600000, 0x00000003c6800000|  0%| F|  |TAMS 0x00000003c6600000| PB 0x00000003c6600000| Untracked |  0
|  35|0x00000003c6800000, 0x00000003c6800000, 0x00000003c6a00000|  0%| F|  |TAMS 0x00000003c6800000| PB 0x00000003c6800000| Untracked |  0
|  36|0x00000003c6a00000, 0x00000003c6a00000, 0x00000003c6c00000|  0%| F|  |TAMS 0x00000003c6a00000| PB 0x00000003c6a00000| Untracked |  0
|  37|0x00000003c6c00000, 0x00000003c6c00000, 0x00000003c6e00000|  0%| F|  |TAMS 0x00000003c6c00000| PB 0x00000003c6c00000| Untracked |  0
|  38|0x00000003c6e00000, 0x00000003c6e00000, 0x00000003c7000000|  0%| F|  |TAMS 0x00000003c6e00000| PB 0x00000003c6e00000| Untracked |  0
|  39|0x00000003c7000000, 0x00000003c7000000, 0x00000003c7200000|  0%| F|  |TAMS 0x00000003c7000000| PB 0x00000003c7000000| Untracked |  0
|  40|0x00000003c7200000, 0x00000003c7200000, 0x00000003c7400000|  0%| F|  |TAMS 0x00000003c7200000| PB 0x00000003c7200000| Untracked |  0
|  41|0x00000003c7400000, 0x00000003c7400000, 0x00000003c7600000|  0%| F|  |TAMS 0x00000003c7400000| PB 0x00000003c7400000| Untracked |  0
|  42|0x00000003c7600000, 0x00000003c7600000, 0x00000003c7800000|  0%| F|  |TAMS 0x00000003c7600000| PB 0x00000003c7600000| Untracked |  0
|  43|0x00000003c7800000, 0x00000003c7800000, 0x00000003c7a00000|  0%| F|  |TAMS 0x00000003c7800000| PB 0x00000003c7800000| Untracked |  0
|  44|0x00000003c7a00000, 0x00000003c7a00000, 0x00000003c7c00000|  0%| F|  |TAMS 0x00000003c7a00000| PB 0x00000003c7a00000| Untracked |  0
|  45|0x00000003c7c00000, 0x00000003c7c00000, 0x00000003c7e00000|  0%| F|  |TAMS 0x00000003c7c00000| PB 0x00000003c7c00000| Untracked |  0
|  46|0x00000003c7e00000, 0x00000003c7e00000, 0x00000003c8000000|  0%| F|  |TAMS 0x00000003c7e00000| PB 0x00000003c7e00000| Untracked |  0
|  47|0x00000003c8000000, 0x00000003c8000000, 0x00000003c8200000|  0%| F|  |TAMS 0x00000003c8000000| PB 0x00000003c8000000| Untracked |  0
|  48|0x00000003c8200000, 0x00000003c8200000, 0x00000003c8400000|  0%| F|  |TAMS 0x00000003c8200000| PB 0x00000003c8200000| Untracked |  0
|  49|0x00000003c8400000, 0x00000003c8400000, 0x00000003c8600000|  0%| F|  |TAMS 0x00000003c8400000| PB 0x00000003c8400000| Untracked |  0
|  50|0x00000003c8600000, 0x00000003c8600000, 0x00000003c8800000|  0%| F|  |TAMS 0x00000003c8600000| PB 0x00000003c8600000| Untracked |  0
|  51|0x00000003c8800000, 0x00000003c8800000, 0x00000003c8a00000|  0%| F|  |TAMS 0x00000003c8800000| PB 0x00000003c8800000| Untracked |  0
|  52|0x00000003c8a00000, 0x00000003c8a00000, 0x00000003c8c00000|  0%| F|  |TAMS 0x00000003c8a00000| PB 0x00000003c8a00000| Untracked |  0
|  53|0x00000003c8c00000, 0x00000003c8c00000, 0x00000003c8e00000|  0%| F|  |TAMS 0x00000003c8c00000| PB 0x00000003c8c00000| Untracked |  0
|  54|0x00000003c8e00000, 0x00000003c8e00000, 0x00000003c9000000|  0%| F|  |TAMS 0x00000003c8e00000| PB 0x00000003c8e00000| Untracked |  0
|  55|0x00000003c9000000, 0x00000003c9000000, 0x00000003c9200000|  0%| F|  |TAMS 0x00000003c9000000| PB 0x00000003c9000000| Untracked |  0
|  56|0x00000003c9200000, 0x00000003c9200000, 0x00000003c9400000|  0%| F|  |TAMS 0x00000003c9200000| PB 0x00000003c9200000| Untracked |  0
|  57|0x00000003c9400000, 0x00000003c9400000, 0x00000003c9600000|  0%| F|  |TAMS 0x00000003c9400000| PB 0x00000003c9400000| Untracked |  0
|  58|0x00000003c9600000, 0x00000003c9600000, 0x00000003c9800000|  0%| F|  |TAMS 0x00000003c9600000| PB 0x00000003c9600000| Untracked |  0
|  59|0x00000003c9800000, 0x00000003c9800000, 0x00000003c9a00000|  0%| F|  |TAMS 0x00000003c9800000| PB 0x00000003c9800000| Untracked |  0
|  60|0x00000003c9a00000, 0x00000003c9a00000, 0x00000003c9c00000|  0%| F|  |TAMS 0x00000003c9a00000| PB 0x00000003c9a00000| Untracked |  0
|  61|0x00000003c9c00000, 0x00000003c9c00000, 0x00000003c9e00000|  0%| F|  |TAMS 0x00000003c9c00000| PB 0x00000003c9c00000| Untracked |  0
|  62|0x00000003c9e00000, 0x00000003c9e00000, 0x00000003ca000000|  0%| F|  |TAMS 0x00000003c9e00000| PB 0x00000003c9e00000| Untracked |  0
|  63|0x00000003ca000000, 0x00000003ca000000, 0x00000003ca200000|  0%| F|  |TAMS 0x00000003ca000000| PB 0x00000003ca000000| Untracked |  0
|  64|0x00000003ca200000, 0x00000003ca200000, 0x00000003ca400000|  0%| F|  |TAMS 0x00000003ca200000| PB 0x00000003ca200000| Untracked |  0
|  65|0x00000003ca400000, 0x00000003ca400000, 0x00000003ca600000|  0%| F|  |TAMS 0x00000003ca400000| PB 0x00000003ca400000| Untracked |  0
|  66|0x00000003ca600000, 0x00000003ca600000, 0x00000003ca800000|  0%| F|  |TAMS 0x00000003ca600000| PB 0x00000003ca600000| Untracked |  0
|  67|0x00000003ca800000, 0x00000003ca800000, 0x00000003caa00000|  0%| F|  |TAMS 0x00000003ca800000| PB 0x00000003ca800000| Untracked |  0
|  68|0x00000003caa00000, 0x00000003caa00000, 0x00000003cac00000|  0%| F|  |TAMS 0x00000003caa00000| PB 0x00000003caa00000| Untracked |  0
|  69|0x00000003cac00000, 0x00000003cac00000, 0x00000003cae00000|  0%| F|  |TAMS 0x00000003cac00000| PB 0x00000003cac00000| Untracked |  0
|  70|0x00000003cae00000, 0x00000003cae00000, 0x00000003cb000000|  0%| F|  |TAMS 0x00000003cae00000| PB 0x00000003cae00000| Untracked |  0
|  71|0x00000003cb000000, 0x00000003cb000000, 0x00000003cb200000|  0%| F|  |TAMS 0x00000003cb000000| PB 0x00000003cb000000| Untracked |  0
|  72|0x00000003cb200000, 0x00000003cb200000, 0x00000003cb400000|  0%| F|  |TAMS 0x00000003cb200000| PB 0x00000003cb200000| Untracked |  0
|  73|0x00000003cb400000, 0x00000003cb400000, 0x00000003cb600000|  0%| F|  |TAMS 0x00000003cb400000| PB 0x00000003cb400000| Untracked |  0
|  74|0x00000003cb600000, 0x00000003cb600000, 0x00000003cb800000|  0%| F|  |TAMS 0x00000003cb600000| PB 0x00000003cb600000| Untracked |  0
|  75|0x00000003cb800000, 0x00000003cb800000, 0x00000003cba00000|  0%| F|  |TAMS 0x00000003cb800000| PB 0x00000003cb800000| Untracked |  0
|  76|0x00000003cba00000, 0x00000003cba00000, 0x00000003cbc00000|  0%| F|  |TAMS 0x00000003cba00000| PB 0x00000003cba00000| Untracked |  0
|  77|0x00000003cbc00000, 0x00000003cbc00000, 0x00000003cbe00000|  0%| F|  |TAMS 0x00000003cbc00000| PB 0x00000003cbc00000| Untracked |  0
|  78|0x00000003cbe00000, 0x00000003cbe00000, 0x00000003cc000000|  0%| F|  |TAMS 0x00000003cbe00000| PB 0x00000003cbe00000| Untracked |  0
|  79|0x00000003cc000000, 0x00000003cc000000, 0x00000003cc200000|  0%| F|  |TAMS 0x00000003cc000000| PB 0x00000003cc000000| Untracked |  0
|  80|0x00000003cc200000, 0x00000003cc200000, 0x00000003cc400000|  0%| F|  |TAMS 0x00000003cc200000| PB 0x00000003cc200000| Untracked |  0
|  81|0x00000003cc400000, 0x00000003cc400000, 0x00000003cc600000|  0%| F|  |TAMS 0x00000003cc400000| PB 0x00000003cc400000| Untracked |  0
|  82|0x00000003cc600000, 0x00000003cc600000, 0x00000003cc800000|  0%| F|  |TAMS 0x00000003cc600000| PB 0x00000003cc600000| Untracked |  0
|  83|0x00000003cc800000, 0x00000003cc800000, 0x00000003cca00000|  0%| F|  |TAMS 0x00000003cc800000| PB 0x00000003cc800000| Untracked |  0
|  84|0x00000003cca00000, 0x00000003cca00000, 0x00000003ccc00000|  0%| F|  |TAMS 0x00000003cca00000| PB 0x00000003cca00000| Untracked |  0
|  85|0x00000003ccc00000, 0x00000003ccc00000, 0x00000003cce00000|  0%| F|  |TAMS 0x00000003ccc00000| PB 0x00000003ccc00000| Untracked |  0
|  86|0x00000003cce00000, 0x00000003cce00000, 0x00000003cd000000|  0%| F|  |TAMS 0x00000003cce00000| PB 0x00000003cce00000| Untracked |  0
|  87|0x00000003cd000000, 0x00000003cd000000, 0x00000003cd200000|  0%| F|  |TAMS 0x00000003cd000000| PB 0x00000003cd000000| Untracked |  0
|  88|0x00000003cd200000, 0x00000003cd200000, 0x00000003cd400000|  0%| F|  |TAMS 0x00000003cd200000| PB 0x00000003cd200000| Untracked |  0
|  89|0x00000003cd400000, 0x00000003cd400000, 0x00000003cd600000|  0%| F|  |TAMS 0x00000003cd400000| PB 0x00000003cd400000| Untracked |  0
|  90|0x00000003cd600000, 0x00000003cd600000, 0x00000003cd800000|  0%| F|  |TAMS 0x00000003cd600000| PB 0x00000003cd600000| Untracked |  0
|  91|0x00000003cd800000, 0x00000003cd800000, 0x00000003cda00000|  0%| F|  |TAMS 0x00000003cd800000| PB 0x00000003cd800000| Untracked |  0
|  92|0x00000003cda00000, 0x00000003cda00000, 0x00000003cdc00000|  0%| F|  |TAMS 0x00000003cda00000| PB 0x00000003cda00000| Untracked |  0
|  93|0x00000003cdc00000, 0x00000003cdc00000, 0x00000003cde00000|  0%| F|  |TAMS 0x00000003cdc00000| PB 0x00000003cdc00000| Untracked |  0
|  94|0x00000003cde00000, 0x00000003cde00000, 0x00000003ce000000|  0%| F|  |TAMS 0x00000003cde00000| PB 0x00000003cde00000| Untracked |  0
|  95|0x00000003ce000000, 0x00000003ce000000, 0x00000003ce200000|  0%| F|  |TAMS 0x00000003ce000000| PB 0x00000003ce000000| Untracked |  0
|  96|0x00000003ce200000, 0x00000003ce200000, 0x00000003ce400000|  0%| F|  |TAMS 0x00000003ce200000| PB 0x00000003ce200000| Untracked |  0
|  97|0x00000003ce400000, 0x00000003ce400000, 0x00000003ce600000|  0%| F|  |TAMS 0x00000003ce400000| PB 0x00000003ce400000| Untracked |  0
|  98|0x00000003ce600000, 0x00000003ce600000, 0x00000003ce800000|  0%| F|  |TAMS 0x00000003ce600000| PB 0x00000003ce600000| Untracked |  0
|  99|0x00000003ce800000, 0x00000003ce800000, 0x00000003cea00000|  0%| F|  |TAMS 0x00000003ce800000| PB 0x00000003ce800000| Untracked |  0
| 100|0x00000003cea00000, 0x00000003cea00000, 0x00000003cec00000|  0%| F|  |TAMS 0x00000003cea00000| PB 0x00000003cea00000| Untracked |  0
| 101|0x00000003cec00000, 0x00000003cec00000, 0x00000003cee00000|  0%| F|  |TAMS 0x00000003cec00000| PB 0x00000003cec00000| Untracked |  0
| 102|0x00000003cee00000, 0x00000003cee00000, 0x00000003cf000000|  0%| F|  |TAMS 0x00000003cee00000| PB 0x00000003cee00000| Untracked |  0
| 103|0x00000003cf000000, 0x00000003cf000000, 0x00000003cf200000|  0%| F|  |TAMS 0x00000003cf000000| PB 0x00000003cf000000| Untracked |  0
| 104|0x00000003cf200000, 0x00000003cf200000, 0x00000003cf400000|  0%| F|  |TAMS 0x00000003cf200000| PB 0x00000003cf200000| Untracked |  0
| 105|0x00000003cf400000, 0x00000003cf400000, 0x00000003cf600000|  0%| F|  |TAMS 0x00000003cf400000| PB 0x00000003cf400000| Untracked |  0
| 106|0x00000003cf600000, 0x00000003cf600000, 0x00000003cf800000|  0%| F|  |TAMS 0x00000003cf600000| PB 0x00000003cf600000| Untracked |  0
| 107|0x00000003cf800000, 0x00000003cf800000, 0x00000003cfa00000|  0%| F|  |TAMS 0x00000003cf800000| PB 0x00000003cf800000| Untracked |  0
| 108|0x00000003cfa00000, 0x00000003cfa00000, 0x00000003cfc00000|  0%| F|  |TAMS 0x00000003cfa00000| PB 0x00000003cfa00000| Untracked |  0
| 109|0x00000003cfc00000, 0x00000003cfc00000, 0x00000003cfe00000|  0%| F|  |TAMS 0x00000003cfc00000| PB 0x00000003cfc00000| Untracked |  0
| 110|0x00000003cfe00000, 0x00000003cfe00000, 0x00000003d0000000|  0%| F|  |TAMS 0x00000003cfe00000| PB 0x00000003cfe00000| Untracked |  0
| 111|0x00000003d0000000, 0x00000003d0000000, 0x00000003d0200000|  0%| F|  |TAMS 0x00000003d0000000| PB 0x00000003d0000000| Untracked |  0
| 112|0x00000003d0200000, 0x00000003d0200000, 0x00000003d0400000|  0%| F|  |TAMS 0x00000003d0200000| PB 0x00000003d0200000| Untracked |  0
| 113|0x00000003d0400000, 0x00000003d0400000, 0x00000003d0600000|  0%| F|  |TAMS 0x00000003d0400000| PB 0x00000003d0400000| Untracked |  0
| 114|0x00000003d0600000, 0x00000003d0600000, 0x00000003d0800000|  0%| F|  |TAMS 0x00000003d0600000| PB 0x00000003d0600000| Untracked |  0
| 115|0x00000003d0800000, 0x00000003d0800000, 0x00000003d0a00000|  0%| F|  |TAMS 0x00000003d0800000| PB 0x00000003d0800000| Untracked |  0
| 116|0x00000003d0a00000, 0x00000003d0a00000, 0x00000003d0c00000|  0%| F|  |TAMS 0x00000003d0a00000| PB 0x00000003d0a00000| Untracked |  0
| 117|0x00000003d0c00000, 0x00000003d0c00000, 0x00000003d0e00000|  0%| F|  |TAMS 0x00000003d0c00000| PB 0x00000003d0c00000| Untracked |  0
| 118|0x00000003d0e00000, 0x00000003d0e00000, 0x00000003d1000000|  0%| F|  |TAMS 0x00000003d0e00000| PB 0x00000003d0e00000| Untracked |  0
| 119|0x00000003d1000000, 0x00000003d1000000, 0x00000003d1200000|  0%| F|  |TAMS 0x00000003d1000000| PB 0x00000003d1000000| Untracked |  0
| 120|0x00000003d1200000, 0x00000003d1200000, 0x00000003d1400000|  0%| F|  |TAMS 0x00000003d1200000| PB 0x00000003d1200000| Untracked |  0
| 121|0x00000003d1400000, 0x00000003d1400000, 0x00000003d1600000|  0%| F|  |TAMS 0x00000003d1400000| PB 0x00000003d1400000| Untracked |  0
| 122|0x00000003d1600000, 0x00000003d1600000, 0x00000003d1800000|  0%| F|  |TAMS 0x00000003d1600000| PB 0x00000003d1600000| Untracked |  0
| 123|0x00000003d1800000, 0x00000003d1800000, 0x00000003d1a00000|  0%| F|  |TAMS 0x00000003d1800000| PB 0x00000003d1800000| Untracked |  0
| 124|0x00000003d1a00000, 0x00000003d1a00000, 0x00000003d1c00000|  0%| F|  |TAMS 0x00000003d1a00000| PB 0x00000003d1a00000| Untracked |  0
| 125|0x00000003d1c00000, 0x00000003d1e00000, 0x00000003d1e00000|100%| E|  |TAMS 0x00000003d1c00000| PB 0x00000003d1c00000| Complete |  0
|2013|0x00000004bdc00000, 0x00000004bdd24ea8, 0x00000004bde00000| 57%| O|  |TAMS 0x00000004bdc00000| PB 0x00000004bdc00000| Untracked |  0

Card table byte_map: [0x000001e2d2020000,0x000001e2d2800000] _byte_map_base: 0x000001e2d020f000

Marking Bits: (CMBitMap*) 0x000001e2b98577f0
 Bits: [0x000001e2d2800000, 0x000001e2d66f0000)

Polling page: 0x000001e2b7850000

Metaspace:
Metaspace        used 141K, committed 256K, reserved 1114112K
 class space     used 3K, committed 64K, reserved 1048576K

Usage:
  Non-class:    137.98 KB used.
      Class:      3.11 KB used.
       Both:    141.09 KB used.

Virtual space:
  Non-class space:       64.00 MB reserved,     192.00 KB ( <1%) committed,  1 nodes.
      Class space:        1.00 GB reserved,      64.00 KB ( <1%) committed,  1 nodes.
             Both:        1.06 GB reserved,     256.00 KB ( <1%) committed. 

Chunk freelists:
   Non-Class:  12.00 MB
       Class:  15.75 MB
        Both:  27.75 MB

MaxMetaspaceSize: unlimited
CompressedClassSpaceSize: 1.00 GB
Initial GC threshold: 21.00 MB
Current GC threshold: 21.00 MB
CDS: on
 - commit_granule_bytes: 65536.
 - commit_granule_words: 8192.
 - virtual_space_node_default_size: 8388608.
 - enlarge_chunks_in_place: 1.
UseCompressedClassPointers 1, UseCompactObjectHeaders 0
Narrow klass pointer bits 32, Max shift 3
Narrow klass base: 0x000000000c000000, Narrow klass shift: 0
Encoding Range: [0x000000000c000000 - 0x000000010c000000), (4294967296 bytes)
Klass Range:    [0x000000000c010000 - 0x000000004d000000), (1090453504 bytes)
Klass ID Range:  [65536 - 1090519033) (1090453497)
Protection zone: [0x000000000c000000 - 0x000000000c010000), (65536 bytes)


Internal statistics:

num_allocs_failed_limit: 0.
num_arena_births: 4.
num_arena_deaths: 0.
num_vsnodes_births: 2.
num_vsnodes_deaths: 0.
num_space_committed: 4.
num_space_uncommitted: 0.
num_chunks_returned_to_freelist: 0.
num_chunks_taken_from_freelist: 2.
num_chunk_merges: 0.
num_chunk_splits: 3.
num_chunks_enlarged: 0.
num_inconsistent_stats: 0.

CodeHeap 'non-profiled nmethods': size=120064Kb used=5Kb max_used=5Kb free=120058Kb
 bounds [0x000001e2c9da0000, 0x000001e2ca010000, 0x000001e2d12e0000]
CodeHeap 'profiled nmethods': size=120000Kb used=20Kb max_used=20Kb free=119979Kb
 bounds [0x000001e2c22e0000, 0x000001e2c2550000, 0x000001e2c9810000]
CodeHeap 'non-nmethods': size=5696Kb used=1208Kb max_used=1211Kb free=4487Kb
 bounds [0x000001e2c9810000, 0x000001e2c9a80000, 0x000001e2c9da0000]
CodeCache: size=245760Kb, used=1233Kb, max_used=1236Kb, free=244524Kb
 total_blobs=363, nmethods=30, adapters=238, full_count=0
Compilation: enabled, stopped_count=0, restarted_count=0

Compilation events (20 events):
Event: 2.267 Thread 0x000001e2d9212960 nmethod 18 0x000001e2c9da1088 code [0x000001e2c9da1180, 0x000001e2c9da11e8]
Event: 2.267 Thread 0x000001e2d921f390 nmethod 20 0x000001e2c22e2f08 code [0x000001e2c22e3000, 0x000001e2c22e32b8]
Event: 2.267 Thread 0x000001e2d921f390   21       3       jdk.internal.misc.Unsafe::getShortUnaligned (12 bytes)
Event: 2.267 Thread 0x000001e2d921f390 nmethod 21 0x000001e2c22e3308 code [0x000001e2c22e3400, 0x000001e2c22e3630]
Event: 2.267 Thread 0x000001e2d921f390   22       3       jdk.internal.misc.Unsafe::getShortUnaligned (33 bytes)
Event: 2.268 Thread 0x000001e2d921f390 nmethod 22 0x000001e2c22e3688 code [0x000001e2c22e3780, 0x000001e2c22e3b18]
Event: 2.268 Thread 0x000001e2d921f390   23       3       jdk.internal.misc.Unsafe::convEndian (16 bytes)
Event: 2.268 Thread 0x000001e2d921f390 nmethod 23 0x000001e2c22e3b88 code [0x000001e2c22e3c80, 0x000001e2c22e3e28]
Event: 2.268 Thread 0x000001e2d921f390   24       3       java.lang.Short::toUnsignedInt (5 bytes)
Event: 2.268 Thread 0x000001e2d921f390 nmethod 24 0x000001e2c22e3e88 code [0x000001e2c22e3f80, 0x000001e2c22e4070]
Event: 2.275 Thread 0x000001e2d921f390   25       3       java.util.concurrent.ConcurrentHashMap::tabAt (21 bytes)
Event: 2.276 Thread 0x000001e2d921f390 nmethod 25 0x000001e2c22e4188 code [0x000001e2c22e4280, 0x000001e2c22e45b8]
Event: 2.276 Thread 0x000001e2d921f390   26       3       jdk.internal.misc.Unsafe::getReferenceAcquire (7 bytes)
Event: 2.276 Thread 0x000001e2d921f390 nmethod 26 0x000001e2c22e4608 code [0x000001e2c22e4700, 0x000001e2c22e4860]
Event: 2.276 Thread 0x000001e2d921f390   27       3       java.lang.AbstractStringBuilder::needsNewBuffer (33 bytes)
Event: 2.276 Thread 0x000001e2d921f390 nmethod 27 0x000001e2c22e4908 code [0x000001e2c22e4a00, 0x000001e2c22e4ba8]
Event: 2.277 Thread 0x000001e2d921f390   28       3       java.lang.Math::max (11 bytes)
Event: 2.277 Thread 0x000001e2d921f390 nmethod 28 0x000001e2c22e4c08 code [0x000001e2c22e4d00, 0x000001e2c22e4e30]
Event: 2.282 Thread 0x000001e2d921f390   30       3       jdk.internal.util.ArraysSupport::unsignedHashCode (36 bytes)
Event: 2.283 Thread 0x000001e2d921f390 nmethod 30 0x000001e2c22e4f08 code [0x000001e2c22e5000, 0x000001e2c22e5220]

GC Heap Usage History (0 events):
No events

Metaspace Usage History (0 events):
No events

Dll operation events (4 events):
Event: 0.031 Loaded shared library C:\Program Files\Apache NetBeans\jdk\bin\java.dll
Event: 2.102 Loaded shared library C:\Program Files\Apache NetBeans\jdk\bin\net.dll
Event: 2.261 Loaded shared library C:\Program Files\Apache NetBeans\jdk\bin\nio.dll
Event: 2.274 Loaded shared library C:\Program Files\Apache NetBeans\jdk\bin\zip.dll

Deoptimization events (0 events):
No events

Classes loaded (4 events):
Event: 1.414 Loading class jdk/internal/vm/PostVMInitHook
Event: 1.414 Loading class jdk/internal/vm/PostVMInitHook done
Event: 1.416 Loading class sun/nio/cs/UTF_8$Decoder
Event: 1.416 Loading class sun/nio/cs/UTF_8$Decoder done

Classes unloaded (0 events):
No events

Classes redefined (0 events):
No events

Internal exceptions (0 events):
No events

VM Operations (0 events):
No events

Memory protections (0 events):
No events

Nmethod flushes (0 events):
No events

Events (11 events):
Event: 0.951 Thread 0x000001e2b7371060 Thread added: 0x000001e2b7371060
Event: 1.141 Thread 0x000001e2b7371060 Thread added: 0x000001e2d920b370
Event: 1.141 Thread 0x000001e2b7371060 Thread added: 0x000001e2d920caa0
Event: 1.141 Thread 0x000001e2b7371060 Thread added: 0x000001e2d920d900
Event: 1.141 Thread 0x000001e2b7371060 Thread added: 0x000001e2d92102f0
Event: 1.142 Thread 0x000001e2b7371060 Thread added: 0x000001e2d9210eb0
Event: 1.142 Thread 0x000001e2b7371060 Thread added: 0x000001e2d9211a70
Event: 1.142 Thread 0x000001e2b7371060 Thread added: 0x000001e2d9212960
Event: 1.228 Thread 0x000001e2b7371060 Thread added: 0x000001e2d921f390
Event: 1.414 Thread 0x000001e2b7371060 Thread added: 0x000001e2d928e760
Event: 1.418 Thread 0x000001e2b7371060 Thread added: 0x000001e2d93bc320


Dynamic libraries:
0x00007ff62a220000 - 0x00007ff62a22e000 	C:\Program Files\Apache NetBeans\jdk\bin\java.exe
0x00007ff82ac40000 - 0x00007ff82aea7000 	C:\WINDOWS\SYSTEM32\ntdll.dll
0x00007ff829220000 - 0x00007ff8292e9000 	C:\WINDOWS\System32\KERNEL32.DLL
0x00007ff8279d0000 - 0x00007ff827dc1000 	C:\WINDOWS\System32\KERNELBASE.dll
0x00007ff827880000 - 0x00007ff8279cb000 	C:\WINDOWS\System32\ucrtbase.dll
0x00007ffff0a40000 - 0x00007ffff0a56000 	C:\Program Files\Apache NetBeans\jdk\bin\jli.dll
0x00007ff8292f0000 - 0x00007ff8294b5000 	C:\WINDOWS\System32\USER32.dll
0x00007ff8275d0000 - 0x00007ff8275f7000 	C:\WINDOWS\System32\win32u.dll
0x00007ff828e50000 - 0x00007ff828e7b000 	C:\WINDOWS\System32\GDI32.dll
0x00007ff827750000 - 0x00007ff82787b000 	C:\WINDOWS\System32\gdi32full.dll
0x00007ff827520000 - 0x00007ff8275c3000 	C:\WINDOWS\System32\msvcp_win.dll
0x00007ffffbb30000 - 0x00007ffffbb4e000 	C:\Program Files\Apache NetBeans\jdk\bin\VCRUNTIME140.dll
0x00007ff807d10000 - 0x00007ff807fa3000 	C:\WINDOWS\WinSxS\amd64_microsoft.windows.common-controls_6595b64144ccf1df_6.0.26100.8037_none_3e092faae333b53b\COMCTL32.dll
0x00007ff8295a0000 - 0x00007ff829649000 	C:\WINDOWS\System32\msvcrt.dll
0x00007ff829dc0000 - 0x00007ff829df1000 	C:\WINDOWS\System32\IMM32.DLL
0x00007ff813db0000 - 0x00007ff813dbc000 	C:\Program Files\Apache NetBeans\jdk\bin\vcruntime140_1.dll
0x00007ffff0950000 - 0x00007ffff09dd000 	C:\Program Files\Apache NetBeans\jdk\bin\msvcp140.dll
0x00007fff64e70000 - 0x00007fff65d96000 	C:\Program Files\Apache NetBeans\jdk\bin\server\jvm.dll
0x00007ff828be0000 - 0x00007ff828c9b000 	C:\WINDOWS\System32\ADVAPI32.dll
0x00007ff82ab50000 - 0x00007ff82abf7000 	C:\WINDOWS\System32\sechost.dll
0x00007ff82a850000 - 0x00007ff82a968000 	C:\WINDOWS\System32\RPCRT4.dll
0x00007ff82aad0000 - 0x00007ff82ab44000 	C:\WINDOWS\System32\WS2_32.dll
0x00007ff827380000 - 0x00007ff8273de000 	C:\WINDOWS\SYSTEM32\POWRPROF.dll
0x00007ff81c420000 - 0x00007ff81c455000 	C:\WINDOWS\SYSTEM32\WINMM.dll
0x00007ff815370000 - 0x00007ff81537b000 	C:\WINDOWS\SYSTEM32\VERSION.dll
0x00007ff827360000 - 0x00007ff827374000 	C:\WINDOWS\SYSTEM32\UMPDC.dll
0x00007ff826280000 - 0x00007ff82629b000 	C:\WINDOWS\SYSTEM32\kernel.appcore.dll
0x00007ff813b90000 - 0x00007ff813b9a000 	C:\Program Files\Apache NetBeans\jdk\bin\jimage.dll
0x00007ff8252f0000 - 0x00007ff825532000 	C:\WINDOWS\SYSTEM32\DBGHELP.DLL
0x00007ff828e80000 - 0x00007ff829202000 	C:\WINDOWS\System32\combase.dll
0x00007ff8294c0000 - 0x00007ff829597000 	C:\WINDOWS\System32\OLEAUT32.dll
0x00007ff803230000 - 0x00007ff80326b000 	C:\WINDOWS\SYSTEM32\dbgcore.DLL
0x00007ff828930000 - 0x00007ff8289d5000 	C:\WINDOWS\System32\bcryptPrimitives.dll
0x00007ffffbaf0000 - 0x00007ffffbb0e000 	C:\Program Files\Apache NetBeans\jdk\bin\java.dll
0x00007ff828ca0000 - 0x00007ff828e35000 	C:\WINDOWS\System32\ole32.dll
0x00007ff829650000 - 0x00007ff829daf000 	C:\WINDOWS\System32\SHELL32.dll
0x00007ff8287c0000 - 0x00007ff82892a000 	C:\WINDOWS\System32\wintypes.dll
0x00007ff827dd0000 - 0x00007ff828634000 	C:\WINDOWS\System32\windows.storage.dll
0x00007ff82a980000 - 0x00007ff82aa77000 	C:\WINDOWS\System32\SHCORE.dll
0x00007ff828b70000 - 0x00007ff828bd7000 	C:\WINDOWS\System32\shlwapi.dll
0x00007ff827440000 - 0x00007ff827469000 	C:\WINDOWS\SYSTEM32\profapi.dll
0x00007ffff0a00000 - 0x00007ffff0a11000 	C:\Program Files\Apache NetBeans\jdk\bin\net.dll
0x00007ff826800000 - 0x00007ff82686b000 	C:\WINDOWS\system32\mswsock.dll
0x00007ffff09e0000 - 0x00007ffff09f6000 	C:\Program Files\Apache NetBeans\jdk\bin\nio.dll
0x00007ffff0a20000 - 0x00007ffff0a37000 	C:\Program Files\Apache NetBeans\jdk\bin\zip.dll

JVMTI agents: none

dbghelp: loaded successfully - version: 4.0.5 - missing functions: none
symbol engine: initialized successfully - sym options: 0x614 - pdb path: .;C:\Program Files\Apache NetBeans\jdk\bin;C:\WINDOWS\SYSTEM32;C:\WINDOWS\WinSxS\amd64_microsoft.windows.common-controls_6595b64144ccf1df_6.0.26100.8037_none_3e092faae333b53b;C:\Program Files\Apache NetBeans\jdk\bin\server

VM Arguments:
jvm_args: -Dclassworlds.conf=C:\Program Files\Apache NetBeans\java\maven\bin\m2.conf -Dmaven.home=C:\Program Files\Apache NetBeans\java\maven -Dlibrary.jansi.path=C:\Program Files\Apache NetBeans\java\maven\lib\jansi-native -Dmaven.multiModuleProjectDirectory=C:\Users\agamg\Documents\NetBeansProjects\TareaProgra\TareaProgramacion2 
java_command: org.codehaus.plexus.classworlds.launcher.Launcher -Dexec.vmArgs= -Dexec.appArgs= -Dmaven.ext.class.path=C:\Program Files\Apache NetBeans\java\maven-nblib\netbeans-eventspy.jar --no-transfer-progress clean javafx:run
java_class_path (initial): C:\Program Files\Apache NetBeans\java\maven\boot\plexus-classworlds-2.9.0.jar
Launcher Type: SUN_STANDARD

[Global flags]
     intx CICompilerCount                          = 4                                         {product} {ergonomic}
     uint ConcGCThreads                            = 3                                         {product} {ergonomic}
     uint G1ConcRefinementThreads                  = 10                                        {product} {ergonomic}
   size_t G1HeapRegionSize                         = 2097152                                   {product} {ergonomic}
   size_t InitialHeapSize                          = 264241152                                 {product} {ergonomic}
   size_t MarkStackSize                            = 4194304                                   {product} {ergonomic}
   size_t MarkStackSizeMax                         = 536870912                                 {product} {ergonomic}
   size_t MaxHeapSize                              = 4223664128                                {product} {ergonomic}
   size_t MaxNewSize                               = 2533359616                                {product} {ergonomic}
   size_t MinHeapDeltaBytes                        = 2097152                                   {product} {ergonomic}
   size_t MinHeapSize                              = 8388608                                   {product} {ergonomic}
    uintx NonNMethodCodeHeapSize                   = 5832704                                {pd product} {ergonomic}
    uintx NonProfiledCodeHeapSize                  = 122945536                              {pd product} {ergonomic}
    uintx ProfiledCodeHeapSize                     = 122880000                              {pd product} {ergonomic}
    uintx ReservedCodeCacheSize                    = 251658240                              {pd product} {ergonomic}
     bool SegmentedCodeCache                       = true                                      {product} {ergonomic}
   size_t SoftMaxHeapSize                          = 4223664128                             {manageable} {ergonomic}
     bool UseCompressedOops                        = true                           {product lp64_product} {ergonomic}
     bool UseG1GC                                  = true                                      {product} {ergonomic}
     bool UseLargePagesIndividualAllocation        = false                                  {pd product} {ergonomic}

Logging:
Log output configuration:
 #0: stdout all=warning uptime,level,tags foldmultilines=false
 #1: stderr all=off uptime,level,tags foldmultilines=false

Release file:
IMPLEMENTOR="Eclipse Adoptium" 
IMPLEMENTOR_VERSION="Temurin-25.0.1+8" 
JAVA_RUNTIME_VERSION="25.0.1+8-LTS" 
JAVA_VERSION="25.0.1" 
JAVA_VERSION_DATE="2025-10-21" 
LIBC="default" 
MODULES="java.base java.compiler java.datatransfer java.xml java.prefs java.desktop java.instrument java.logging java.management java.security.sasl java.naming java.rmi java.management.rmi java.net.http java.scripting java.security.jgss java.transaction.xa java.sql java.sql.rowset java.xml.crypto java.se java.smartcardio jdk.accessibility jdk.internal.jvmstat jdk.attach jdk.charsets jdk.internal.opt jdk.zipfs jdk.compiler jdk.crypto.cryptoki jdk.crypto.ec jdk.crypto.mscapi jdk.dynalink jdk.internal.ed jdk.editpad jdk.internal.vm.ci jdk.graal.compiler jdk.graal.compiler.management jdk.hotspot.agent jdk.httpserver jdk.incubator.vector jdk.internal.le jdk.internal.md jdk.jartool jdk.javadoc jdk.jcmd jdk.management jdk.management.agent jdk.jconsole jdk.jdeps jdk.jdwp.agent jdk.jdi jdk.jfr jdk.jlink jdk.jpackage jdk.jshell jdk.jsobject jdk.jstatd jdk.localedata jdk.management.jfr jdk.naming.dns jdk.naming.rmi jdk.net jdk.nio.mapmode jdk.sctp jdk.security.auth jdk.security.jgss jdk.unsupported jdk.unsupported.desktop jdk.xml.dom" 
OS_ARCH="x86_64" 
OS_NAME="Windows" 
SOURCE=".:git:61d6a2c1b35e" 
BUILD_SOURCE="git:839fa0b45d809157cffd3dc8515aad262a4a1776"
BUILD_SOURCE_REPO="https://github.com/adoptium/temurin-build.git"
SOURCE_REPO="https://github.com/adoptium/jdk25u.git"
FULL_VERSION="25.0.1+8-LTS"
SEMANTIC_VERSION="25.0.1+8"
BUILD_INFO="OS: Windows Server 2022 Version: 10.0"
JVM_VARIANT="Hotspot"
JVM_VERSION="25.0.1+8-LTS"
IMAGE_TYPE="JDK"

Environment Variables:
JAVA_HOME=C:\Program Files\Apache NetBeans\jdk
PATH=C:\Program Files\Common Files\Oracle\Java\javapath;C:\WINDOWS\system32;C:\WINDOWS;C:\WINDOWS\System32\Wbem;C:\WINDOWS\System32\WindowsPowerShell\v1.0\;C:\WINDOWS\System32\OpenSSH\;C:\Program Files (x86)\Windows Kits\10\Windows Performance Toolkit\;C:\Program Files\dotnet\;C:\Program Files\Docker\Docker\resources\bin;C:\Program Files\Git\cmd;C:\Users\agamg\AppData\Local\Microsoft\WindowsApps;C:\Users\agamg\.dotnet\tools;C:\Users\agamg\AppData\Local\GitHubDesktop\bin
USERNAME=agamg
OS=Windows_NT
PROCESSOR_IDENTIFIER=Intel64 Family 6 Model 154 Stepping 4, GenuineIntel
TMP=C:\Users\agamg\AppData\Local\Temp
TEMP=C:\Users\agamg\AppData\Local\Temp




Compilation memory statistics disabled.

Periodic native trim disabled

---------------  S Y S T E M  ---------------

OS:
 Windows 11 , 64 bit Build 26100 (10.0.26100.7920)
OS uptime: 0 days 4:39 hours
Hyper-V role detected

CPU: total 12 (initial active 12) (6 cores per cpu, 2 threads per core) family 6 model 154 stepping 4 microcode 0x437, cx8, cmov, fxsr, ht, mmx, 3dnowpref, sse, sse2, sse3, ssse3, sse4.1, sse4.2, popcnt, lzcnt, tsc, tscinvbit, avx, avx2, aes, erms, clmul, bmi1, bmi2, adx, sha, fma, vzeroupper, clflush, clflushopt, clwb, hv, serialize, rdtscp, rdpid, fsrm, gfni, f16c, cet_ibt, cet_ss
Processor Information for processor 0
  Max Mhz: 1300, Current Mhz: 1300, Mhz Limit: 1300
Processor Information for processor 1
  Max Mhz: 1300, Current Mhz: 1300, Mhz Limit: 1300
Processor Information for processor 2
  Max Mhz: 1300, Current Mhz: 1300, Mhz Limit: 1300
Processor Information for processor 3
  Max Mhz: 1300, Current Mhz: 1300, Mhz Limit: 1300
Processor Information for processor 4
  Max Mhz: 900, Current Mhz: 900, Mhz Limit: 900
Processor Information for processor 5
  Max Mhz: 900, Current Mhz: 900, Mhz Limit: 900
Processor Information for processor 6
  Max Mhz: 900, Current Mhz: 900, Mhz Limit: 900
Processor Information for processor 7
  Max Mhz: 900, Current Mhz: 900, Mhz Limit: 900
Processor Information for processor 8
  Max Mhz: 900, Current Mhz: 900, Mhz Limit: 900
Processor Information for processor 9
  Max Mhz: 900, Current Mhz: 900, Mhz Limit: 900
Processor Information for processor 10
  Max Mhz: 900, Current Mhz: 900, Mhz Limit: 900
Processor Information for processor 11
  Max Mhz: 900, Current Mhz: 900, Mhz Limit: 900

Memory: 4k page, system-wide physical 16108M (1239M free)
TotalPageFile size 38082M (AvailPageFile size 44M)
current process WorkingSet (physical memory assigned to process): 38M, peak: 38M
current process commit charge ("private bytes"): 341M, peak: 341M

vm_info: OpenJDK 64-Bit Server VM (25.0.1+8-LTS) for windows-amd64 JRE (25.0.1+8-LTS), built on 2025-10-21T00:00:00Z with unknown MS VC++:1942

END.
