#
# There is insufficient memory for the Java Runtime Environment to continue.
# Native memory allocation (malloc) failed to allocate 32752 bytes. Error detail: Chunk::new
# Possible reasons:
#   The system is out of physical RAM or swap space
#   This process is running with CompressedOops enabled, and the Java Heap may be blocking the growth of the native heap
# Possible solutions:
#   Reduce memory load on the system
#   Increase physical memory or swap space
#   Check if swap backing store is full
#   Decrease Java heap size (-Xmx/-Xms)
#   Decrease number of Java threads
#   Decrease Java thread stack sizes (-Xss)
#   Set larger code cache with -XX:ReservedCodeCacheSize=
#   JVM is running with Zero Based Compressed Oops mode in which the Java heap is
#     placed in the first 32GB address space. The Java Heap base address is the
#     maximum limit for the native heap growth. Please use -XX:HeapBaseMinAddress
#     to set the Java Heap base and to place the Java Heap above 32GB virtual address.
# This output file may be truncated or incomplete.
#
#  Out of Memory Error (arena.cpp:186), pid=30888, tid=31280
#
# JRE version: OpenJDK Runtime Environment Temurin-25.0.1+8 (25.0.1+8) (build 25.0.1+8-LTS)
# Java VM: OpenJDK 64-Bit Server VM Temurin-25.0.1+8 (25.0.1+8-LTS, mixed mode, sharing, tiered, compressed oops, compressed class ptrs, g1 gc, windows-amd64)
# No core dump will be written. Minidumps are not enabled by default on client versions of Windows
#

---------------  S U M M A R Y ------------

Command Line: --enable-native-access=ALL-UNNAMED -Dclassworlds.conf=C:\Program Files\Apache NetBeans\java\maven\bin\m2.conf -Dmaven.home=C:\Program Files\Apache NetBeans\java\maven -Dlibrary.jansi.path=C:\Program Files\Apache NetBeans\java\maven\lib\jansi-native -Dmaven.multiModuleProjectDirectory=C:\Users\agamg\Documents\NetBeansProjects\TareaProgra\TareaProgramacion2 org.codehaus.plexus.classworlds.launcher.Launcher -Dexec.vmArgs= -Dexec.appArgs= -Dmaven.ext.class.path=C:\Program Files\Apache NetBeans\java\maven-nblib\netbeans-eventspy.jar --no-transfer-progress clean javafx:run

Host: 12th Gen Intel(R) Core(TM) i5-1235U, 12 cores, 15G,  Windows 11 , 64 bit Build 26100 (10.0.26100.7920)
Time: Wed Mar 25 18:17:53 2026 Hora estándar, América Central elapsed time: 5.197382 seconds (0d 0h 0m 5s)

---------------  T H R E A D  ---------------

Current thread (0x00000230fc23f3a0):  JavaThread "main"             [_thread_in_vm, id=31280, stack(0x0000003af4000000,0x0000003af4100000) (1024K)]

Stack: [0x0000003af4000000,0x0000003af4100000]
Native frames: (J=compiled Java code, j=interpreted, Vv=VM code, C=native code)
V  [jvm.dll+0x7a8379]  (no source info available)
V  [jvm.dll+0x7729fd]  (no source info available)
V  [jvm.dll+0x9f57b3]  (no source info available)
V  [jvm.dll+0x9f7da1]  (no source info available)
V  [jvm.dll+0x9f84a3]  (no source info available)
V  [jvm.dll+0x2fcd26]  (no source info available)
V  [jvm.dll+0x111086]  (no source info available)
V  [jvm.dll+0x1113ae]  (no source info available)
V  [jvm.dll+0x289d4f]  (no source info available)
V  [jvm.dll+0x28a66a]  (no source info available)
V  [jvm.dll+0x2800c6]  (no source info available)
V  [jvm.dll+0x6683b1]  (no source info available)
V  [jvm.dll+0x96504d]  (no source info available)
V  [jvm.dll+0x51a9a2]  (no source info available)
V  [jvm.dll+0x52c976]  (no source info available)
C  [java.dll+0x162d]  (no source info available)
C  0x000002308ff6d193  (no source info available)

The last pc belongs to native method entry point (kind = native) (printed below).
Java frames: (J=compiled Java code, j=interpreted, Vv=VM code)
j  java.lang.ClassLoader.defineClass0(Ljava/lang/ClassLoader;Ljava/lang/Class;Ljava/lang/String;[BIILjava/security/ProtectionDomain;ZILjava/lang/Object;)Ljava/lang/Class;+0 java.base@25.0.1
j  java.lang.System$1.defineClass(Ljava/lang/ClassLoader;Ljava/lang/Class;Ljava/lang/String;[BLjava/security/ProtectionDomain;ZILjava/lang/Object;)Ljava/lang/Class;+17 java.base@25.0.1
j  java.lang.invoke.MethodHandles$Lookup$ClassDefiner.defineClass(ZLjava/lang/Object;)Ljava/lang/Class;+57 java.base@25.0.1
j  java.lang.invoke.InnerClassLambdaMetafactory.generateInnerClass()Ljava/lang/Class;+229 java.base@25.0.1
j  java.lang.invoke.InnerClassLambdaMetafactory.spinInnerClass()Ljava/lang/Class;+120 java.base@25.0.1
j  java.lang.invoke.InnerClassLambdaMetafactory.buildCallSite()Ljava/lang/invoke/CallSite;+1 java.base@25.0.1
j  java.lang.invoke.LambdaMetafactory.metafactory(Ljava/lang/invoke/MethodHandles$Lookup;Ljava/lang/String;Ljava/lang/invoke/MethodType;Ljava/lang/invoke/MethodType;Ljava/lang/invoke/MethodHandle;Ljava/lang/invoke/MethodType;)Ljava/lang/invoke/CallSite;+67 java.base@25.0.1
j  java.lang.invoke.DirectMethodHandle$Holder.invokeStatic(Ljava/lang/Object;Ljava/lang/Object;Ljava/lang/Object;Ljava/lang/Object;Ljava/lang/Object;Ljava/lang/Object;Ljava/lang/Object;)Ljava/lang/Object;+20 java.base@25.0.1
j  java.lang.invoke.BootstrapMethodInvoker.invoke(Ljava/lang/Class;Ljava/lang/invoke/MethodHandle;Ljava/lang/String;Ljava/lang/Object;Ljava/lang/Object;Ljava/lang/Class;)Ljava/lang/Object;+319 java.base@25.0.1
j  java.lang.invoke.CallSite.makeSite(Ljava/lang/invoke/MethodHandle;Ljava/lang/String;Ljava/lang/invoke/MethodType;Ljava/lang/Object;Ljava/lang/Class;)Ljava/lang/invoke/CallSite;+8 java.base@25.0.1
j  java.lang.invoke.MethodHandleNatives.linkCallSiteImpl(Ljava/lang/Class;Ljava/lang/invoke/MethodHandle;Ljava/lang/String;Ljava/lang/invoke/MethodType;Ljava/lang/Object;[Ljava/lang/Object;)Ljava/lang/invoke/MemberName;+6 java.base@25.0.1
j  java.lang.invoke.MethodHandleNatives.linkCallSite(Ljava/lang/Object;Ljava/lang/Object;Ljava/lang/Object;Ljava/lang/Object;Ljava/lang/Object;[Ljava/lang/Object;)Ljava/lang/invoke/MemberName;+45 java.base@25.0.1
v  ~StubRoutines::call_stub 0x000002308ff612ed
j  org.apache.maven.cli.MavenCli.populateProperties(Lorg/apache/maven/cli/CliRequest;Ljava/util/Properties;Ljava/util/Properties;)V+236
j  org.apache.maven.cli.MavenCli.properties(Lorg/apache/maven/cli/CliRequest;)V+9
j  org.apache.maven.cli.MavenCli.doMain(Lorg/apache/maven/cli/CliRequest;)I+14
j  org.apache.maven.cli.MavenCli.main([Ljava/lang/String;Lorg/codehaus/plexus/classworlds/ClassWorld;)I+24
j  java.lang.invoke.DirectMethodHandle$Holder.invokeStatic(Ljava/lang/Object;Ljava/lang/Object;Ljava/lang/Object;)I+11 java.base@25.0.1
j  java.lang.invoke.LambdaForm$MH+0x000000002a046000.invoke(Ljava/lang/Object;Ljava/lang/Object;Ljava/lang/Object;Ljava/lang/Object;)Ljava/lang/Object;+54 java.base@25.0.1
j  java.lang.invoke.LambdaForm$MH+0x000000002a046400.invokeExact_MT(Ljava/lang/Object;Ljava/lang/Object;Ljava/lang/Object;Ljava/lang/Object;Ljava/lang/Object;)Ljava/lang/Object;+22 java.base@25.0.1
j  jdk.internal.reflect.DirectMethodHandleAccessor.invokeImpl(Ljava/lang/Object;[Ljava/lang/Object;)Ljava/lang/Object;+72 java.base@25.0.1
j  jdk.internal.reflect.DirectMethodHandleAccessor.invoke(Ljava/lang/Object;[Ljava/lang/Object;)Ljava/lang/Object;+23 java.base@25.0.1
j  java.lang.reflect.Method.invoke(Ljava/lang/Object;[Ljava/lang/Object;)Ljava/lang/Object;+102 java.base@25.0.1
j  org.codehaus.plexus.classworlds.launcher.Launcher.launchEnhanced([Ljava/lang/String;)V+45
j  org.codehaus.plexus.classworlds.launcher.Launcher.launch([Ljava/lang/String;)V+2
j  org.codehaus.plexus.classworlds.launcher.Launcher.mainWithExitCode([Ljava/lang/String;)I+108
j  org.codehaus.plexus.classworlds.launcher.Launcher.main([Ljava/lang/String;)V+1
v  ~StubRoutines::call_stub 0x000002308ff612ed
Lock stack of current Java thread (top to bottom):

native method entry point (kind = native)  [0x000002308ff6cdc0, 0x000002308ff6d8b8]  2808 bytes
[MachCode]
  0x000002308ff6cdc0: 488b 4b08 | 0fb7 492e | 584c 8d74 | ccf8 6800 | 0000 0068 | 0000 0000 | 5055 488b | ec41 5548 
  0x000002308ff6cde0: 8b43 084c | 8d68 3848 | 8b40 0868 | 0000 0000 | 5348 8b50 | 1848 8b52 | 7048 8b12 | 5248 8b53 
  0x000002308ff6ce00: 1048 85d2 | 7407 4881 | c2d0 0000 | 0052 488b | 5010 5249 | 8bc6 482b | c548 c1e8 | 0350 6800 
  0x000002308ff6ce20: 0000 0068 | f7ff ffff | 41c6 87f1 | 0400 0001 | 488b 4310 | 4885 c074 | 208b 8890 | 0000 0083 
  0x000002308ff6ce40: c102 8988 | 9000 0000 | 2388 a400 | 0000 0f84 | b209 0000 | e9cf 0000 | 0048 8b43 | 1848 85c0 
  0x000002308ff6ce60: 0f85 b000 | 0000 e805 | 0000 00e9 | 9900 0000 | 488b d348 | 8d44 2408 | 4c89 6dc0 | 498b cfc5 
  0x000002308ff6ce80: f877 4989 | af38 0400 | 0049 8987 | 2804 0000 | 4883 ec20 | 40f6 c40f | 0f84 1900 | 0000 4883 
  0x000002308ff6cea0: ec08 48b8 | 602c 2e65 | ff7f 0000 | ffd0 4883 | c408 e90c | 0000 0048 | b860 2c2e | 65ff 7f00 
  0x000002308ff6cec0: 00ff d048 | 83c4 2049 | c787 2804 | 0000 0000 | 0000 49c7 | 8738 0400 | 0000 0000 | 0049 c787 
  0x000002308ff6cee0: 3004 0000 | 0000 0000 | c5f8 7749 | 837f 0800 | 0f84 0500 | 0000 e9e5 | 42ff ff4c | 8b6d c04c 
  0x000002308ff6cf00: 8b75 c84e | 8d74 f500 | c348 8b43 | 1848 85c0 | 0f84 1200 | 0000 8b48 | 0883 c102 | 8948 0823 
  0x000002308ff6cf20: 482c 0f84 | de08 0000 | 493b a770 | 0500 000f | 8748 0000 | 0089 8424 | 00f0 ffff | 8984 2400 
  0x000002308ff6cf40: e0ff ff89 | 8424 00d0 | ffff 8984 | 2400 c0ff | ff89 8424 | 00b0 ffff | 8984 2400 | a0ff ff89 
  0x000002308ff6cf60: 8424 0090 | ffff 8984 | 2400 80ff | ff49 3ba7 | 6805 0000 | 7607 4989 | a770 0500 | 0041 c687 
  0x000002308ff6cf80: f104 0000 | 0048 8b5d | e84c 8b5b | 0845 0fb7 | 5b2e 41c1 | e303 492b | e348 83ec | 2048 83e4 
  0x000002308ff6cfa0: f04c 8b5b | 604d 85db | 0f85 ab00 | 0000 e805 | 0000 00e9 | 9900 0000 | 488b d348 | 8d44 2408 
  0x000002308ff6cfc0: 4c89 6dc0 | 498b cfc5 | f877 4989 | af38 0400 | 0049 8987 | 2804 0000 | 4883 ec20 | 40f6 c40f 
  0x000002308ff6cfe0: 0f84 1900 | 0000 4883 | ec08 48b8 | 9055 2e65 | ff7f 0000 | ffd0 4883 | c408 e90c | 0000 0048 
  0x000002308ff6d000: b890 552e | 65ff 7f00 | 00ff d048 | 83c4 2049 | c787 2804 | 0000 0000 | 0000 49c7 | 8738 0400 
  0x000002308ff6d020: 0000 0000 | 0049 c787 | 3004 0000 | 0000 0000 | c5f8 7749 | 837f 0800 | 0f84 0500 | 0000 e99d 
  0x000002308ff6d040: 41ff ff4c | 8b6d c04c | 8b75 c84e | 8d74 f500 | c348 8b5d | e84c 8b5b | 6041 ffd3 | 488b 5de8 
  0x000002308ff6d060: 4889 4518 | 440f b75b | 2c41 f6c3 | 080f 841b | 0000 004c | 8b5b 084d | 8b5b 084d | 8b5b 184d 
  0x000002308ff6d080: 8b5b 704d | 8b1b 4c89 | 5d10 488d | 5510 488b | 4358 49ba | e026 6965 | ff7f 0000 | 493b c20f 
  0x000002308ff6d0a0: 85ab 0000 | 00e8 0500 | 0000 e999 | 0000 0048 | 8bd3 488d | 4424 084c | 896d c049 | 8bcf c5f8 
  0x000002308ff6d0c0: 7749 89af | 3804 0000 | 4989 8728 | 0400 0048 | 83ec 2040 | f6c4 0f0f | 8419 0000 | 0048 83ec 
  0x000002308ff6d0e0: 0848 b890 | 552e 65ff | 7f00 00ff | d048 83c4 | 08e9 0c00 | 0000 48b8 | 9055 2e65 | ff7f 0000 
  0x000002308ff6d100: ffd0 4883 | c420 49c7 | 8728 0400 | 0000 0000 | 0049 c787 | 3804 0000 | 0000 0000 | 49c7 8730 
  0x000002308ff6d120: 0400 0000 | 0000 00c5 | f877 4983 | 7f08 000f | 8405 0000 | 00e9 a640 | ffff 4c8b | 6dc0 4c8b 
  0x000002308ff6d140: 75c8 4e8d | 74f5 00c3 | 488b 5de8 | 488b 4358 | 498d 8f48 | 0400 004c | 8d15 d500 | 0000 4d89 
  0x000002308ff6d160: 9730 0400 | 00c5 f877 | 4989 af38 | 0400 0049 | 89a7 2804 | 0000 41c7 | 87d4 0400 | 0004 0000 
  0x000002308ff6d180: 0049 3ba7 | c805 0000 | 7607 4989 | a7c8 0500 | 00ff d049 | 3ba7 c805 | 0000 720b | 49c7 87c8 
  0x000002308ff6d1a0: 0500 0000 | 0000 00c5 | f877 4883 | ec10 c5fb | 1104 2448 | 83ec 1048 | 8904 2448 | c744 2408 
  0x000002308ff6d1c0: 0000 0000 | 41c7 87d4 | 0400 0005 | 0000 00f0 | 8344 24c0 | 0049 3b6f | 280f 870e | 0000 0041 
  0x000002308ff6d1e0: 83bf d004 | 0000 000f | 8420 0000 | 0049 8bcf | 4c8b e448 | 83ec 2048 | 83e4 f048 | b810 bc2f 
  0x000002308ff6d200: 65ff 7f00 | 00ff d049 | 8be4 4d33 | e441 c787 | d404 0000 | 0800 0000 | 4d8b 97f0 | 0500 0049 
  0x000002308ff6d220: 83fa 0074 | 3549 c787 | f005 0000 | 0000 0000 | 41ff e249 | ba60 bef6 | 8f30 0200 | 0041 ffd2 
  0x000002308ff6d240: 4883 ec10 | c5fb 1104 | 2448 83ec | 1048 8904 | 2448 c744 | 2408 0000 | 0000 49c7 | 8728 0400 
  0x000002308ff6d260: 0000 0000 | 0049 c787 | 3804 0000 | 0000 0000 | 49c7 8730 | 0400 0000 | 0000 00c5 | f877 4d8b 
  0x000002308ff6d280: 9fb8 0400 | 0041 c783 | 0001 0000 | 0000 0000 | 49bb 5aa7 | f68f 3002 | 0000 4c3b | 5d18 0f85 
  0x000002308ff6d2a0: 5501 0000 | 488b 0424 | 4883 c410 | 4885 c00f | 842f 0100 | 00a8 030f | 8508 0000 | 0048 8b00 
  0x000002308ff6d2c0: e91f 0100 | 00a8 010f | 8509 0000 | 0048 8b40 | fee9 0e01 | 0000 488b | 40ff 4180 | 7f48 000f 
  0x000002308ff6d2e0: 84ff 0000 | 0048 83f8 | 000f 84f5 | 0000 004d | 8b5f 384d | 85db 0f84 | 1400 0000 | 4983 eb08 
  0x000002308ff6d300: 4d89 5f38 | 4d03 5f40 | 4989 03e9 | d400 0000 | 4883 ec70 | 4889 0424 | 4889 4c24 | 0848 8954 
  0x000002308ff6d320: 2410 4c89 | 4424 184c | 894c 2420 | 4c89 5424 | 284c 895c | 2430 c5fb | 1144 2440 | c5fb 114c 
  0x000002308ff6d340: 2448 c5fb | 1154 2450 | c5fb 115c | 2458 c5fb | 1164 2460 | c5fb 116c | 2468 498b | d748 8bc8 
  0x000002308ff6d360: 4883 ec20 | 40f6 c40f | 0f84 1900 | 0000 4883 | ec08 48b8 | e080 2265 | ff7f 0000 | ffd0 4883 
  0x000002308ff6d380: c408 e90c | 0000 0048 | b8e0 8022 | 65ff 7f00 | 00ff d048 | 83c4 20c5 | fb10 6c24 | 68c5 fb10 
  0x000002308ff6d3a0: 6424 60c5 | fb10 5c24 | 58c5 fb10 | 5424 50c5 | fb10 4c24 | 48c5 fb10 | 4424 404c | 8b5c 2430 
  0x000002308ff6d3c0: 4c8b 5424 | 284c 8b4c | 2420 4c8b | 4424 1848 | 8b54 2410 | 488b 4c24 | 0848 8b04 | 2448 83c4 
  0x000002308ff6d3e0: 70c5 f877 | 4889 4510 | 4883 ec10 | 4889 0424 | 48c7 4424 | 0800 0000 | 0041 83bf | 5005 0000 
  0x000002308ff6d400: 020f 85bf | 0000 0048 | 81ec 8000 | 0000 4889 | 4424 7848 | 894c 2470 | 4889 5424 | 6848 895c 
  0x000002308ff6d420: 2460 4889 | 6c24 5048 | 8974 2448 | 4889 7c24 | 404c 8944 | 2438 4c89 | 4c24 304c | 8954 2428 
  0x000002308ff6d440: 4c89 5c24 | 204c 8964 | 2418 4c89 | 6c24 104c | 8974 2408 | 4c89 3c24 | 4c8b e448 | 83ec 2048 
  0x000002308ff6d460: 83e4 f048 | b850 0e69 | 65ff 7f00 | 00ff d049 | 8be4 4c8b | 3c24 4c8b | 7424 084c | 8b6c 2410 
  0x000002308ff6d480: 4c8b 6424 | 184c 8b5c | 2420 4c8b | 5424 284c | 8b4c 2430 | 4c8b 4424 | 3848 8b7c | 2440 488b 
  0x000002308ff6d4a0: 7424 4848 | 8b6c 2450 | 488b 5c24 | 6048 8b54 | 2468 488b | 4c24 7048 | 8b44 2478 | 4881 c480 
  0x000002308ff6d4c0: 0000 004d | 33e4 488b | 5de8 4c8b | 6b08 4d8d | 6d38 4983 | 7f08 000f | 84bb 0000 | 00e8 0500 
  0x000002308ff6d4e0: 0000 e996 | 0000 0048 | 8d44 2408 | 4c89 6dc0 | 498b cfc5 | f877 4989 | af38 0400 | 0049 8987 
  0x000002308ff6d500: 2804 0000 | 4883 ec20 | 40f6 c40f | 0f84 1900 | 0000 4883 | ec08 48b8 | d073 2e65 | ff7f 0000 
  0x000002308ff6d520: ffd0 4883 | c408 e90c | 0000 0048 | b8d0 732e | 65ff 7f00 | 00ff d048 | 83c4 2049 | c787 2804 
  0x000002308ff6d540: 0000 0000 | 0000 49c7 | 8738 0400 | 0000 0000 | 0049 c787 | 3004 0000 | 0000 0000 | c5f8 7749 
  0x000002308ff6d560: 837f 0800 | 0f84 0500 | 0000 e971 | 3cff ff4c | 8b6d c04c | 8b75 c84e | 8d74 f500 | c348 b940 
  0x000002308ff6d580: 009b 65ff | 7f00 0048 | 83e4 f048 | b8c0 8955 | 65ff 7f00 | 00ff d0f4 | 440f b75b | 2c41 f6c3 
  0x000002308ff6d5a0: 200f 8472 | 0100 0048 | 8d55 a84c | 8b5a 084d | 85db 0f85 | bb00 0000 | e805 0000 | 00e9 9600 
  0x000002308ff6d5c0: 0000 488d | 4424 084c | 896d c049 | 8bcf c5f8 | 7749 89af | 3804 0000 | 4989 8728 | 0400 0048 
  0x000002308ff6d5e0: 83ec 2040 | f6c4 0f0f | 8419 0000 | 0048 83ec | 0848 b800 | 732e 65ff | 7f00 00ff | d048 83c4 
  0x000002308ff6d600: 08e9 0c00 | 0000 48b8 | 0073 2e65 | ff7f 0000 | ffd0 4883 | c420 49c7 | 8728 0400 | 0000 0000 
  0x000002308ff6d620: 0049 c787 | 3804 0000 | 0000 0000 | 49c7 8730 | 0400 0000 | 0000 00c5 | f877 4983 | 7f08 000f 
  0x000002308ff6d640: 8405 0000 | 00e9 963b | ffff 4c8b | 6dc0 4c8b | 75c8 4e8d | 74f5 00c3 | 48b9 4000 | 9b65 ff7f 
  0x000002308ff6d660: 0000 4883 | e4f0 48b8 | c089 5565 | ff7f 0000 | ffd0 f44c | 896d c04c | 8b4a 0848 | c742 0800 
  0x000002308ff6d680: 0000 0045 | 8b87 d806 | 0000 4f3b | 4c07 f80f | 8542 0000 | 0041 83af | d806 0000 | 084f 3b4c 
  0x000002308ff6d6a0: 07f0 0f84 | 2a00 0000 | 498b 01a8 | 020f 8512 | 0000 004c | 8bc0 4983 | c801 f04d | 0fb1 010f 
  0x000002308ff6d6c0: 840d 0000 | 0041 8387 | d806 0000 | 08e9 0500 | 0000 e93e | 0000 004c | 894a 0848 | 8bca 4883 
  0x000002308ff6d6e0: ec20 40f6 | c40f 0f84 | 1900 0000 | 4883 ec08 | 48b8 5045 | 2e65 ff7f | 0000 ffd0 | 4883 c408 
  0x000002308ff6d700: e90c 0000 | 0048 b850 | 452e 65ff | 7f00 00ff | d048 83c4 | 204c 8b6d | c041 c687 | 9603 0000 
  0x000002308ff6d720: 0149 3b6f | 280f 8705 | 0000 00e9 | ab00 0000 | 4883 ec10 | c5fb 1104 | 2448 83ec | 1048 8904 
  0x000002308ff6d740: 2448 c744 | 2408 0000 | 0000 c5f8 | 7749 89af | 3804 0000 | 49ba 4ad7 | f68f 3002 | 0000 4d89 
  0x000002308ff6d760: 9730 0400 | 0049 89a7 | 2804 0000 | 498b cf48 | 83ec 2040 | f6c4 0f0f | 8419 0000 | 0048 83ec 
  0x000002308ff6d780: 0848 b8f0 | 2b2e 65ff | 7f00 00ff | d048 83c4 | 08e9 0c00 | 0000 48b8 | f02b 2e65 | ff7f 0000 
  0x000002308ff6d7a0: ffd0 4883 | c420 49c7 | 8728 0400 | 0000 0000 | 0049 c787 | 3804 0000 | 0000 0000 | 49c7 8730 
  0x000002308ff6d7c0: 0400 0000 | 0000 00c5 | f877 488b | 0424 4883 | c410 c5fb | 1004 2448 | 83c4 1048 | 8b04 2448 
  0x000002308ff6d7e0: 83c4 10c5 | fb10 0424 | 4883 c410 | 4c8b 5d18 | 41ff d34c | 8b5d f8c9 | 41c6 8796 | 0300 0000 
  0x000002308ff6d800: 5f49 8be3 | ffe7 ba00 | 0000 00e8 | 0500 0000 | e996 0000 | 0048 8d44 | 2408 4c89 | 6dc0 498b 
  0x000002308ff6d820: cfc5 f877 | 4989 af38 | 0400 0049 | 8987 2804 | 0000 4883 | ec20 40f6 | c40f 0f84 | 1900 0000 
  0x000002308ff6d840: 4883 ec08 | 48b8 403b | 2e65 ff7f | 0000 ffd0 | 4883 c408 | e90c 0000 | 0048 b840 | 3b2e 65ff 
  0x000002308ff6d860: 7f00 00ff | d048 83c4 | 2049 c787 | 2804 0000 | 0000 0000 | 49c7 8738 | 0400 0000 | 0000 0049 
  0x000002308ff6d880: c787 3004 | 0000 0000 | 0000 c5f8 | 7749 837f | 0800 0f84 | 0500 0000 | e943 39ff | ff4c 8b6d 
  0x000002308ff6d8a0: c04c 8b75 | c84e 8d74 | f500 c348 | 8b5d e8e9 | 74f6 ffff | 0f1f 4000 
[/MachCode]

---------------  P R O C E S S  ---------------

Threads class SMR info:
_java_thread_list=0x000002309e68ad20, length=12, elements={
0x00000230fc23f3a0, 0x000002309e200a50, 0x000002309e202180, 0x000002309e206ce0,
0x000002309e2079f0, 0x000002309e2085b0, 0x000002309e209170, 0x000002309e20c070,
0x000002309e21f900, 0x000002309e26fca0, 0x000002309e2748c0, 0x000002309e68f3b0
}

Java Threads: ( => current thread )
=>0x00000230fc23f3a0 JavaThread "main"                              [_thread_in_vm, id=31280, stack(0x0000003af4000000,0x0000003af4100000) (1024K)]
  0x000002309e200a50 JavaThread "Reference Handler"          daemon [_thread_blocked, id=27864, stack(0x0000003af4800000,0x0000003af4900000) (1024K)]
  0x000002309e202180 JavaThread "Finalizer"                  daemon [_thread_blocked, id=29644, stack(0x0000003af4900000,0x0000003af4a00000) (1024K)]
  0x000002309e206ce0 JavaThread "Signal Dispatcher"          daemon [_thread_blocked, id=27496, stack(0x0000003af4a00000,0x0000003af4b00000) (1024K)]
  0x000002309e2079f0 JavaThread "Attach Listener"            daemon [_thread_blocked, id=28160, stack(0x0000003af4b00000,0x0000003af4c00000) (1024K)]
  0x000002309e2085b0 JavaThread "Service Thread"             daemon [_thread_blocked, id=26252, stack(0x0000003af4c00000,0x0000003af4d00000) (1024K)]
  0x000002309e209170 JavaThread "Monitor Deflation Thread"   daemon [_thread_blocked, id=31688, stack(0x0000003af4d00000,0x0000003af4e00000) (1024K)]
  0x000002309e20c070 JavaThread "C2 CompilerThread0"         daemon [_thread_blocked, id=28428, stack(0x0000003af4e00000,0x0000003af4f00000) (1024K)]
  0x000002309e21f900 JavaThread "C1 CompilerThread0"         daemon [_thread_blocked, id=31456, stack(0x0000003af4f00000,0x0000003af5000000) (1024K)]
  0x000002309e26fca0 JavaThread "Notification Thread"        daemon [_thread_blocked, id=28764, stack(0x0000003af5000000,0x0000003af5100000) (1024K)]
  0x000002309e2748c0 JavaThread "Common-Cleaner"             daemon [_thread_blocked, id=31128, stack(0x0000003af5100000,0x0000003af5200000) (1024K)]
  0x000002309e68f3b0 JavaThread "cleanup"                    daemon [_thread_in_native, id=31472, stack(0x0000003af5200000,0x0000003af5300000) (1024K)]
Total: 12

Other Threads:
  0x000002309e1edaa0 VMThread "VM Thread"                           [id=27872, stack(0x0000003af4700000,0x0000003af4800000) (1024K)]
  0x000002309e0be660 WatcherThread "VM Periodic Task Thread"        [id=30464, stack(0x0000003af4600000,0x0000003af4700000) (1024K)]
  0x00000230fe747200 WorkerThread "GC Thread#0"                     [id=31568, stack(0x0000003af4100000,0x0000003af4200000) (1024K)]
  0x00000230fe75fc70 ConcurrentGCThread "G1 Main Marker"            [id=31572, stack(0x0000003af4200000,0x0000003af4300000) (1024K)]
  0x00000230fe760810 WorkerThread "G1 Conc#0"                       [id=31576, stack(0x0000003af4300000,0x0000003af4400000) (1024K)]
  0x000002309e0ad920 ConcurrentGCThread "G1 Refine#0"               [id=31664, stack(0x0000003af4400000,0x0000003af4500000) (1024K)]
  0x000002309e0b2200 ConcurrentGCThread "G1 Service"                [id=31668, stack(0x0000003af4500000,0x0000003af4600000) (1024K)]
Total: 7

Threads with active compile tasks:
Total: 0

VM state: not at safepoint (normal execution)

VM Mutex/Monitor currently owned by a thread: None

Heap address: 0x0000000704400000, size: 4028 MB, Compressed Oops mode: Zero based, Oop shift amount: 3

CDS archive(s) mapped at: [0x0000000029000000-0x0000000029dd0000-0x0000000029dd0000), size 14483456, SharedBaseAddress: 0x0000000029000000, ArchiveRelocationMode: 1.
Compressed class space mapped at: 0x000000002a000000-0x000000006a000000, reserved size: 1073741824
UseCompressedClassPointers 1, UseCompactObjectHeaders 0
Narrow klass pointer bits 32, Max shift 3
Narrow klass base: 0x0000000029000000, Narrow klass shift: 0
Encoding Range: [0x0000000029000000 - 0x0000000129000000), (4294967296 bytes)
Klass Range:    [0x0000000029010000 - 0x000000006a000000), (1090453504 bytes)
Klass ID Range:  [65536 - 1090519033) (1090453497)
Protection zone: [0x0000000029000000 - 0x0000000029010000), (65536 bytes)

GC Precious Log:
 CardTable entry size: 512
 Card Set container configuration: InlinePtr #cards 4 size 8 Array Of Cards #cards 16 size 48 Howl #buckets 8 coarsen threshold 3686 Howl Bitmap #cards 512 size 80 coarsen threshold 460 Card regions per heap region 1 cards per card region 4096
 CPUs: 12 total, 12 available
 Memory: 16108M
 Large Page Support: Disabled
 NUMA Support: Disabled
 Compressed Oops: Enabled (Zero based)
 Heap Region Size: 2M
 Heap Min Capacity: 8M
 Heap Initial Capacity: 252M
 Heap Max Capacity: 4028M
 Pre-touch: Disabled
 Parallel Workers: 10
 Concurrent Workers: 3
 Concurrent Refinement Workers: 10
 Periodic GC: Disabled

Heap:
 garbage-first heap   total reserved 4124672K, committed 260096K, used 7315K [0x0000000704400000, 0x0000000800000000)
  region size 2048K, 4 young (8192K), 0 survivors (0K)

Heap Regions: E=young(eden), S=young(survivor), O=old, HS=humongous(starts), HC=humongous(continues), CS=collection set, F=free, TAMS=top-at-mark-start, PB=parsable bottom
|   0|0x0000000704400000, 0x0000000704400000, 0x0000000704600000|  0%| F|  |TAMS 0x0000000704400000| PB 0x0000000704400000| Untracked |  0
|   1|0x0000000704600000, 0x0000000704600000, 0x0000000704800000|  0%| F|  |TAMS 0x0000000704600000| PB 0x0000000704600000| Untracked |  0
|   2|0x0000000704800000, 0x0000000704800000, 0x0000000704a00000|  0%| F|  |TAMS 0x0000000704800000| PB 0x0000000704800000| Untracked |  0
|   3|0x0000000704a00000, 0x0000000704a00000, 0x0000000704c00000|  0%| F|  |TAMS 0x0000000704a00000| PB 0x0000000704a00000| Untracked |  0
|   4|0x0000000704c00000, 0x0000000704c00000, 0x0000000704e00000|  0%| F|  |TAMS 0x0000000704c00000| PB 0x0000000704c00000| Untracked |  0
|   5|0x0000000704e00000, 0x0000000704e00000, 0x0000000705000000|  0%| F|  |TAMS 0x0000000704e00000| PB 0x0000000704e00000| Untracked |  0
|   6|0x0000000705000000, 0x0000000705000000, 0x0000000705200000|  0%| F|  |TAMS 0x0000000705000000| PB 0x0000000705000000| Untracked |  0
|   7|0x0000000705200000, 0x0000000705200000, 0x0000000705400000|  0%| F|  |TAMS 0x0000000705200000| PB 0x0000000705200000| Untracked |  0
|   8|0x0000000705400000, 0x0000000705400000, 0x0000000705600000|  0%| F|  |TAMS 0x0000000705400000| PB 0x0000000705400000| Untracked |  0
|   9|0x0000000705600000, 0x0000000705600000, 0x0000000705800000|  0%| F|  |TAMS 0x0000000705600000| PB 0x0000000705600000| Untracked |  0
|  10|0x0000000705800000, 0x0000000705800000, 0x0000000705a00000|  0%| F|  |TAMS 0x0000000705800000| PB 0x0000000705800000| Untracked |  0
|  11|0x0000000705a00000, 0x0000000705a00000, 0x0000000705c00000|  0%| F|  |TAMS 0x0000000705a00000| PB 0x0000000705a00000| Untracked |  0
|  12|0x0000000705c00000, 0x0000000705c00000, 0x0000000705e00000|  0%| F|  |TAMS 0x0000000705c00000| PB 0x0000000705c00000| Untracked |  0
|  13|0x0000000705e00000, 0x0000000705e00000, 0x0000000706000000|  0%| F|  |TAMS 0x0000000705e00000| PB 0x0000000705e00000| Untracked |  0
|  14|0x0000000706000000, 0x0000000706000000, 0x0000000706200000|  0%| F|  |TAMS 0x0000000706000000| PB 0x0000000706000000| Untracked |  0
|  15|0x0000000706200000, 0x0000000706200000, 0x0000000706400000|  0%| F|  |TAMS 0x0000000706200000| PB 0x0000000706200000| Untracked |  0
|  16|0x0000000706400000, 0x0000000706400000, 0x0000000706600000|  0%| F|  |TAMS 0x0000000706400000| PB 0x0000000706400000| Untracked |  0
|  17|0x0000000706600000, 0x0000000706600000, 0x0000000706800000|  0%| F|  |TAMS 0x0000000706600000| PB 0x0000000706600000| Untracked |  0
|  18|0x0000000706800000, 0x0000000706800000, 0x0000000706a00000|  0%| F|  |TAMS 0x0000000706800000| PB 0x0000000706800000| Untracked |  0
|  19|0x0000000706a00000, 0x0000000706a00000, 0x0000000706c00000|  0%| F|  |TAMS 0x0000000706a00000| PB 0x0000000706a00000| Untracked |  0
|  20|0x0000000706c00000, 0x0000000706c00000, 0x0000000706e00000|  0%| F|  |TAMS 0x0000000706c00000| PB 0x0000000706c00000| Untracked |  0
|  21|0x0000000706e00000, 0x0000000706e00000, 0x0000000707000000|  0%| F|  |TAMS 0x0000000706e00000| PB 0x0000000706e00000| Untracked |  0
|  22|0x0000000707000000, 0x0000000707000000, 0x0000000707200000|  0%| F|  |TAMS 0x0000000707000000| PB 0x0000000707000000| Untracked |  0
|  23|0x0000000707200000, 0x0000000707200000, 0x0000000707400000|  0%| F|  |TAMS 0x0000000707200000| PB 0x0000000707200000| Untracked |  0
|  24|0x0000000707400000, 0x0000000707400000, 0x0000000707600000|  0%| F|  |TAMS 0x0000000707400000| PB 0x0000000707400000| Untracked |  0
|  25|0x0000000707600000, 0x0000000707600000, 0x0000000707800000|  0%| F|  |TAMS 0x0000000707600000| PB 0x0000000707600000| Untracked |  0
|  26|0x0000000707800000, 0x0000000707800000, 0x0000000707a00000|  0%| F|  |TAMS 0x0000000707800000| PB 0x0000000707800000| Untracked |  0
|  27|0x0000000707a00000, 0x0000000707a00000, 0x0000000707c00000|  0%| F|  |TAMS 0x0000000707a00000| PB 0x0000000707a00000| Untracked |  0
|  28|0x0000000707c00000, 0x0000000707c00000, 0x0000000707e00000|  0%| F|  |TAMS 0x0000000707c00000| PB 0x0000000707c00000| Untracked |  0
|  29|0x0000000707e00000, 0x0000000707e00000, 0x0000000708000000|  0%| F|  |TAMS 0x0000000707e00000| PB 0x0000000707e00000| Untracked |  0
|  30|0x0000000708000000, 0x0000000708000000, 0x0000000708200000|  0%| F|  |TAMS 0x0000000708000000| PB 0x0000000708000000| Untracked |  0
|  31|0x0000000708200000, 0x0000000708200000, 0x0000000708400000|  0%| F|  |TAMS 0x0000000708200000| PB 0x0000000708200000| Untracked |  0
|  32|0x0000000708400000, 0x0000000708400000, 0x0000000708600000|  0%| F|  |TAMS 0x0000000708400000| PB 0x0000000708400000| Untracked |  0
|  33|0x0000000708600000, 0x0000000708600000, 0x0000000708800000|  0%| F|  |TAMS 0x0000000708600000| PB 0x0000000708600000| Untracked |  0
|  34|0x0000000708800000, 0x0000000708800000, 0x0000000708a00000|  0%| F|  |TAMS 0x0000000708800000| PB 0x0000000708800000| Untracked |  0
|  35|0x0000000708a00000, 0x0000000708a00000, 0x0000000708c00000|  0%| F|  |TAMS 0x0000000708a00000| PB 0x0000000708a00000| Untracked |  0
|  36|0x0000000708c00000, 0x0000000708c00000, 0x0000000708e00000|  0%| F|  |TAMS 0x0000000708c00000| PB 0x0000000708c00000| Untracked |  0
|  37|0x0000000708e00000, 0x0000000708e00000, 0x0000000709000000|  0%| F|  |TAMS 0x0000000708e00000| PB 0x0000000708e00000| Untracked |  0
|  38|0x0000000709000000, 0x0000000709000000, 0x0000000709200000|  0%| F|  |TAMS 0x0000000709000000| PB 0x0000000709000000| Untracked |  0
|  39|0x0000000709200000, 0x0000000709200000, 0x0000000709400000|  0%| F|  |TAMS 0x0000000709200000| PB 0x0000000709200000| Untracked |  0
|  40|0x0000000709400000, 0x0000000709400000, 0x0000000709600000|  0%| F|  |TAMS 0x0000000709400000| PB 0x0000000709400000| Untracked |  0
|  41|0x0000000709600000, 0x0000000709600000, 0x0000000709800000|  0%| F|  |TAMS 0x0000000709600000| PB 0x0000000709600000| Untracked |  0
|  42|0x0000000709800000, 0x0000000709800000, 0x0000000709a00000|  0%| F|  |TAMS 0x0000000709800000| PB 0x0000000709800000| Untracked |  0
|  43|0x0000000709a00000, 0x0000000709a00000, 0x0000000709c00000|  0%| F|  |TAMS 0x0000000709a00000| PB 0x0000000709a00000| Untracked |  0
|  44|0x0000000709c00000, 0x0000000709c00000, 0x0000000709e00000|  0%| F|  |TAMS 0x0000000709c00000| PB 0x0000000709c00000| Untracked |  0
|  45|0x0000000709e00000, 0x0000000709e00000, 0x000000070a000000|  0%| F|  |TAMS 0x0000000709e00000| PB 0x0000000709e00000| Untracked |  0
|  46|0x000000070a000000, 0x000000070a000000, 0x000000070a200000|  0%| F|  |TAMS 0x000000070a000000| PB 0x000000070a000000| Untracked |  0
|  47|0x000000070a200000, 0x000000070a200000, 0x000000070a400000|  0%| F|  |TAMS 0x000000070a200000| PB 0x000000070a200000| Untracked |  0
|  48|0x000000070a400000, 0x000000070a400000, 0x000000070a600000|  0%| F|  |TAMS 0x000000070a400000| PB 0x000000070a400000| Untracked |  0
|  49|0x000000070a600000, 0x000000070a600000, 0x000000070a800000|  0%| F|  |TAMS 0x000000070a600000| PB 0x000000070a600000| Untracked |  0
|  50|0x000000070a800000, 0x000000070a800000, 0x000000070aa00000|  0%| F|  |TAMS 0x000000070a800000| PB 0x000000070a800000| Untracked |  0
|  51|0x000000070aa00000, 0x000000070aa00000, 0x000000070ac00000|  0%| F|  |TAMS 0x000000070aa00000| PB 0x000000070aa00000| Untracked |  0
|  52|0x000000070ac00000, 0x000000070ac00000, 0x000000070ae00000|  0%| F|  |TAMS 0x000000070ac00000| PB 0x000000070ac00000| Untracked |  0
|  53|0x000000070ae00000, 0x000000070ae00000, 0x000000070b000000|  0%| F|  |TAMS 0x000000070ae00000| PB 0x000000070ae00000| Untracked |  0
|  54|0x000000070b000000, 0x000000070b000000, 0x000000070b200000|  0%| F|  |TAMS 0x000000070b000000| PB 0x000000070b000000| Untracked |  0
|  55|0x000000070b200000, 0x000000070b200000, 0x000000070b400000|  0%| F|  |TAMS 0x000000070b200000| PB 0x000000070b200000| Untracked |  0
|  56|0x000000070b400000, 0x000000070b400000, 0x000000070b600000|  0%| F|  |TAMS 0x000000070b400000| PB 0x000000070b400000| Untracked |  0
|  57|0x000000070b600000, 0x000000070b600000, 0x000000070b800000|  0%| F|  |TAMS 0x000000070b600000| PB 0x000000070b600000| Untracked |  0
|  58|0x000000070b800000, 0x000000070b800000, 0x000000070ba00000|  0%| F|  |TAMS 0x000000070b800000| PB 0x000000070b800000| Untracked |  0
|  59|0x000000070ba00000, 0x000000070ba00000, 0x000000070bc00000|  0%| F|  |TAMS 0x000000070ba00000| PB 0x000000070ba00000| Untracked |  0
|  60|0x000000070bc00000, 0x000000070bc00000, 0x000000070be00000|  0%| F|  |TAMS 0x000000070bc00000| PB 0x000000070bc00000| Untracked |  0
|  61|0x000000070be00000, 0x000000070be00000, 0x000000070c000000|  0%| F|  |TAMS 0x000000070be00000| PB 0x000000070be00000| Untracked |  0
|  62|0x000000070c000000, 0x000000070c000000, 0x000000070c200000|  0%| F|  |TAMS 0x000000070c000000| PB 0x000000070c000000| Untracked |  0
|  63|0x000000070c200000, 0x000000070c200000, 0x000000070c400000|  0%| F|  |TAMS 0x000000070c200000| PB 0x000000070c200000| Untracked |  0
|  64|0x000000070c400000, 0x000000070c400000, 0x000000070c600000|  0%| F|  |TAMS 0x000000070c400000| PB 0x000000070c400000| Untracked |  0
|  65|0x000000070c600000, 0x000000070c600000, 0x000000070c800000|  0%| F|  |TAMS 0x000000070c600000| PB 0x000000070c600000| Untracked |  0
|  66|0x000000070c800000, 0x000000070c800000, 0x000000070ca00000|  0%| F|  |TAMS 0x000000070c800000| PB 0x000000070c800000| Untracked |  0
|  67|0x000000070ca00000, 0x000000070ca00000, 0x000000070cc00000|  0%| F|  |TAMS 0x000000070ca00000| PB 0x000000070ca00000| Untracked |  0
|  68|0x000000070cc00000, 0x000000070cc00000, 0x000000070ce00000|  0%| F|  |TAMS 0x000000070cc00000| PB 0x000000070cc00000| Untracked |  0
|  69|0x000000070ce00000, 0x000000070ce00000, 0x000000070d000000|  0%| F|  |TAMS 0x000000070ce00000| PB 0x000000070ce00000| Untracked |  0
|  70|0x000000070d000000, 0x000000070d000000, 0x000000070d200000|  0%| F|  |TAMS 0x000000070d000000| PB 0x000000070d000000| Untracked |  0
|  71|0x000000070d200000, 0x000000070d200000, 0x000000070d400000|  0%| F|  |TAMS 0x000000070d200000| PB 0x000000070d200000| Untracked |  0
|  72|0x000000070d400000, 0x000000070d400000, 0x000000070d600000|  0%| F|  |TAMS 0x000000070d400000| PB 0x000000070d400000| Untracked |  0
|  73|0x000000070d600000, 0x000000070d600000, 0x000000070d800000|  0%| F|  |TAMS 0x000000070d600000| PB 0x000000070d600000| Untracked |  0
|  74|0x000000070d800000, 0x000000070d800000, 0x000000070da00000|  0%| F|  |TAMS 0x000000070d800000| PB 0x000000070d800000| Untracked |  0
|  75|0x000000070da00000, 0x000000070da00000, 0x000000070dc00000|  0%| F|  |TAMS 0x000000070da00000| PB 0x000000070da00000| Untracked |  0
|  76|0x000000070dc00000, 0x000000070dc00000, 0x000000070de00000|  0%| F|  |TAMS 0x000000070dc00000| PB 0x000000070dc00000| Untracked |  0
|  77|0x000000070de00000, 0x000000070de00000, 0x000000070e000000|  0%| F|  |TAMS 0x000000070de00000| PB 0x000000070de00000| Untracked |  0
|  78|0x000000070e000000, 0x000000070e000000, 0x000000070e200000|  0%| F|  |TAMS 0x000000070e000000| PB 0x000000070e000000| Untracked |  0
|  79|0x000000070e200000, 0x000000070e200000, 0x000000070e400000|  0%| F|  |TAMS 0x000000070e200000| PB 0x000000070e200000| Untracked |  0
|  80|0x000000070e400000, 0x000000070e400000, 0x000000070e600000|  0%| F|  |TAMS 0x000000070e400000| PB 0x000000070e400000| Untracked |  0
|  81|0x000000070e600000, 0x000000070e600000, 0x000000070e800000|  0%| F|  |TAMS 0x000000070e600000| PB 0x000000070e600000| Untracked |  0
|  82|0x000000070e800000, 0x000000070e800000, 0x000000070ea00000|  0%| F|  |TAMS 0x000000070e800000| PB 0x000000070e800000| Untracked |  0
|  83|0x000000070ea00000, 0x000000070ea00000, 0x000000070ec00000|  0%| F|  |TAMS 0x000000070ea00000| PB 0x000000070ea00000| Untracked |  0
|  84|0x000000070ec00000, 0x000000070ec00000, 0x000000070ee00000|  0%| F|  |TAMS 0x000000070ec00000| PB 0x000000070ec00000| Untracked |  0
|  85|0x000000070ee00000, 0x000000070ee00000, 0x000000070f000000|  0%| F|  |TAMS 0x000000070ee00000| PB 0x000000070ee00000| Untracked |  0
|  86|0x000000070f000000, 0x000000070f000000, 0x000000070f200000|  0%| F|  |TAMS 0x000000070f000000| PB 0x000000070f000000| Untracked |  0
|  87|0x000000070f200000, 0x000000070f200000, 0x000000070f400000|  0%| F|  |TAMS 0x000000070f200000| PB 0x000000070f200000| Untracked |  0
|  88|0x000000070f400000, 0x000000070f400000, 0x000000070f600000|  0%| F|  |TAMS 0x000000070f400000| PB 0x000000070f400000| Untracked |  0
|  89|0x000000070f600000, 0x000000070f600000, 0x000000070f800000|  0%| F|  |TAMS 0x000000070f600000| PB 0x000000070f600000| Untracked |  0
|  90|0x000000070f800000, 0x000000070f800000, 0x000000070fa00000|  0%| F|  |TAMS 0x000000070f800000| PB 0x000000070f800000| Untracked |  0
|  91|0x000000070fa00000, 0x000000070fa00000, 0x000000070fc00000|  0%| F|  |TAMS 0x000000070fa00000| PB 0x000000070fa00000| Untracked |  0
|  92|0x000000070fc00000, 0x000000070fc00000, 0x000000070fe00000|  0%| F|  |TAMS 0x000000070fc00000| PB 0x000000070fc00000| Untracked |  0
|  93|0x000000070fe00000, 0x000000070fe00000, 0x0000000710000000|  0%| F|  |TAMS 0x000000070fe00000| PB 0x000000070fe00000| Untracked |  0
|  94|0x0000000710000000, 0x0000000710000000, 0x0000000710200000|  0%| F|  |TAMS 0x0000000710000000| PB 0x0000000710000000| Untracked |  0
|  95|0x0000000710200000, 0x0000000710200000, 0x0000000710400000|  0%| F|  |TAMS 0x0000000710200000| PB 0x0000000710200000| Untracked |  0
|  96|0x0000000710400000, 0x0000000710400000, 0x0000000710600000|  0%| F|  |TAMS 0x0000000710400000| PB 0x0000000710400000| Untracked |  0
|  97|0x0000000710600000, 0x0000000710600000, 0x0000000710800000|  0%| F|  |TAMS 0x0000000710600000| PB 0x0000000710600000| Untracked |  0
|  98|0x0000000710800000, 0x0000000710800000, 0x0000000710a00000|  0%| F|  |TAMS 0x0000000710800000| PB 0x0000000710800000| Untracked |  0
|  99|0x0000000710a00000, 0x0000000710a00000, 0x0000000710c00000|  0%| F|  |TAMS 0x0000000710a00000| PB 0x0000000710a00000| Untracked |  0
| 100|0x0000000710c00000, 0x0000000710c00000, 0x0000000710e00000|  0%| F|  |TAMS 0x0000000710c00000| PB 0x0000000710c00000| Untracked |  0
| 101|0x0000000710e00000, 0x0000000710e00000, 0x0000000711000000|  0%| F|  |TAMS 0x0000000710e00000| PB 0x0000000710e00000| Untracked |  0
| 102|0x0000000711000000, 0x0000000711000000, 0x0000000711200000|  0%| F|  |TAMS 0x0000000711000000| PB 0x0000000711000000| Untracked |  0
| 103|0x0000000711200000, 0x0000000711200000, 0x0000000711400000|  0%| F|  |TAMS 0x0000000711200000| PB 0x0000000711200000| Untracked |  0
| 104|0x0000000711400000, 0x0000000711400000, 0x0000000711600000|  0%| F|  |TAMS 0x0000000711400000| PB 0x0000000711400000| Untracked |  0
| 105|0x0000000711600000, 0x0000000711600000, 0x0000000711800000|  0%| F|  |TAMS 0x0000000711600000| PB 0x0000000711600000| Untracked |  0
| 106|0x0000000711800000, 0x0000000711800000, 0x0000000711a00000|  0%| F|  |TAMS 0x0000000711800000| PB 0x0000000711800000| Untracked |  0
| 107|0x0000000711a00000, 0x0000000711a00000, 0x0000000711c00000|  0%| F|  |TAMS 0x0000000711a00000| PB 0x0000000711a00000| Untracked |  0
| 108|0x0000000711c00000, 0x0000000711c00000, 0x0000000711e00000|  0%| F|  |TAMS 0x0000000711c00000| PB 0x0000000711c00000| Untracked |  0
| 109|0x0000000711e00000, 0x0000000711e00000, 0x0000000712000000|  0%| F|  |TAMS 0x0000000711e00000| PB 0x0000000711e00000| Untracked |  0
| 110|0x0000000712000000, 0x0000000712000000, 0x0000000712200000|  0%| F|  |TAMS 0x0000000712000000| PB 0x0000000712000000| Untracked |  0
| 111|0x0000000712200000, 0x0000000712200000, 0x0000000712400000|  0%| F|  |TAMS 0x0000000712200000| PB 0x0000000712200000| Untracked |  0
| 112|0x0000000712400000, 0x0000000712400000, 0x0000000712600000|  0%| F|  |TAMS 0x0000000712400000| PB 0x0000000712400000| Untracked |  0
| 113|0x0000000712600000, 0x0000000712600000, 0x0000000712800000|  0%| F|  |TAMS 0x0000000712600000| PB 0x0000000712600000| Untracked |  0
| 114|0x0000000712800000, 0x0000000712800000, 0x0000000712a00000|  0%| F|  |TAMS 0x0000000712800000| PB 0x0000000712800000| Untracked |  0
| 115|0x0000000712a00000, 0x0000000712a00000, 0x0000000712c00000|  0%| F|  |TAMS 0x0000000712a00000| PB 0x0000000712a00000| Untracked |  0
| 116|0x0000000712c00000, 0x0000000712c00000, 0x0000000712e00000|  0%| F|  |TAMS 0x0000000712c00000| PB 0x0000000712c00000| Untracked |  0
| 117|0x0000000712e00000, 0x0000000712e00000, 0x0000000713000000|  0%| F|  |TAMS 0x0000000712e00000| PB 0x0000000712e00000| Untracked |  0
| 118|0x0000000713000000, 0x0000000713000000, 0x0000000713200000|  0%| F|  |TAMS 0x0000000713000000| PB 0x0000000713000000| Untracked |  0
| 119|0x0000000713200000, 0x0000000713200000, 0x0000000713400000|  0%| F|  |TAMS 0x0000000713200000| PB 0x0000000713200000| Untracked |  0
| 120|0x0000000713400000, 0x0000000713400000, 0x0000000713600000|  0%| F|  |TAMS 0x0000000713400000| PB 0x0000000713400000| Untracked |  0
| 121|0x0000000713600000, 0x0000000713600000, 0x0000000713800000|  0%| F|  |TAMS 0x0000000713600000| PB 0x0000000713600000| Untracked |  0
| 122|0x0000000713800000, 0x00000007139ed630, 0x0000000713a00000| 96%| E|  |TAMS 0x0000000713800000| PB 0x0000000713800000| Complete |  0
| 123|0x0000000713a00000, 0x0000000713c00000, 0x0000000713c00000|100%| E|CS|TAMS 0x0000000713a00000| PB 0x0000000713a00000| Complete |  0
| 124|0x0000000713c00000, 0x0000000713e00000, 0x0000000713e00000|100%| E|CS|TAMS 0x0000000713c00000| PB 0x0000000713c00000| Complete |  0
| 125|0x0000000713e00000, 0x0000000714000000, 0x0000000714000000|100%| E|CS|TAMS 0x0000000713e00000| PB 0x0000000713e00000| Complete |  0
|2013|0x00000007ffe00000, 0x00000007fff24ea8, 0x0000000800000000| 57%| O|  |TAMS 0x00000007ffe00000| PB 0x00000007ffe00000| Untracked |  0

Card table byte_map: [0x00000230ff4d0000,0x00000230ffcb0000] _byte_map_base: 0x00000230fbcae000

Marking Bits: (CMBitMap*) 0x00000230fe747990
 Bits: [0x0000023097a30000, 0x000002309b920000)

Polling page: 0x00000230fc8e0000

Metaspace:
Metaspace        used 1419K, committed 1600K, reserved 1114112K
 class space     used 103K, committed 192K, reserved 1048576K

Usage:
  Non-class:      1.28 MB used.
      Class:    103.91 KB used.
       Both:      1.39 MB used.

Virtual space:
  Non-class space:       64.00 MB reserved,       1.38 MB (  2%) committed,  1 nodes.
      Class space:        1.00 GB reserved,     192.00 KB ( <1%) committed,  1 nodes.
             Both:        1.06 GB reserved,       1.56 MB ( <1%) committed. 

Chunk freelists:
   Non-Class:  11.43 MB
       Class:  15.68 MB
        Both:  27.12 MB

MaxMetaspaceSize: unlimited
CompressedClassSpaceSize: 1.00 GB
Initial GC threshold: 21.00 MB
Current GC threshold: 21.00 MB
CDS: on
 - commit_granule_bytes: 65536.
 - commit_granule_words: 8192.
 - virtual_space_node_default_size: 8388608.
 - enlarge_chunks_in_place: 1.
UseCompressedClassPointers 1, UseCompactObjectHeaders 0
Narrow klass pointer bits 32, Max shift 3
Narrow klass base: 0x0000000029000000, Narrow klass shift: 0
Encoding Range: [0x0000000029000000 - 0x0000000129000000), (4294967296 bytes)
Klass Range:    [0x0000000029010000 - 0x000000006a000000), (1090453504 bytes)
Klass ID Range:  [65536 - 1090519033) (1090453497)
Protection zone: [0x0000000029000000 - 0x0000000029010000), (65536 bytes)


Internal statistics:

num_allocs_failed_limit: 0.
num_arena_births: 30.
num_arena_deaths: 0.
num_vsnodes_births: 2.
num_vsnodes_deaths: 0.
num_space_committed: 25.
num_space_uncommitted: 0.
num_chunks_returned_to_freelist: 0.
num_chunks_taken_from_freelist: 64.
num_chunk_merges: 0.
num_chunk_splits: 43.
num_chunks_enlarged: 32.
num_inconsistent_stats: 0.

CodeHeap 'non-profiled nmethods': size=120064Kb used=143Kb max_used=143Kb free=119920Kb
 bounds [0x00000230904f0000, 0x0000023090760000, 0x0000023097a30000]
CodeHeap 'profiled nmethods': size=120000Kb used=627Kb max_used=627Kb free=119372Kb
 bounds [0x0000023088a30000, 0x0000023088ca0000, 0x000002308ff60000]
CodeHeap 'non-nmethods': size=5696Kb used=1278Kb max_used=1292Kb free=4418Kb
 bounds [0x000002308ff60000, 0x00000230901d0000, 0x00000230904f0000]
CodeCache: size=245760Kb, used=2048Kb, max_used=2062Kb, free=243710Kb
 total_blobs=924, nmethods=520, adapters=308, full_count=0
Compilation: enabled, stopped_count=0, restarted_count=0

Compilation events (20 events):
Event: 5.150 Thread 0x000002309e21f900 nmethod 484 0x0000023088aa8308 code [0x0000023088aa8400, 0x0000023088aa8b30]
Event: 5.151 Thread 0x000002309e21f900  485   !   3       sun.invoke.util.VerifyAccess::ensureTypeVisible (99 bytes)
Event: 5.152 Thread 0x000002309e21f900 nmethod 485 0x0000023088aa8b88 code [0x0000023088aa8c80, 0x0000023088aa95e0]
Event: 5.152 Thread 0x000002309e21f900  486       3       jdk.internal.classfile.impl.AbstractPoolEntry::hash2 (15 bytes)
Event: 5.152 Thread 0x000002309e21f900 nmethod 486 0x0000023088aa9608 code [0x0000023088aa9700, 0x0000023088aa9808]
Event: 5.152 Thread 0x000002309e21f900  487       1       jdk.internal.classfile.impl.AbstractPoolEntry::hashCode (5 bytes)
Event: 5.152 Thread 0x000002309e21f900 nmethod 487 0x0000023090511508 code [0x0000023090511600, 0x00000230905116c8]
Event: 5.152 Thread 0x000002309e21f900  488       1       jdk.internal.classfile.impl.AbstractPoolEntry$ClassEntryImpl::tag (3 bytes)
Event: 5.152 Thread 0x000002309e21f900 nmethod 488 0x0000023090511808 code [0x0000023090511900, 0x00000230905119c8]
Event: 5.153 Thread 0x000002309e21f900  489       3       jdk.internal.classfile.impl.BufWriterImpl::writeU2 (38 bytes)
Event: 5.154 Thread 0x000002309e21f900 nmethod 489 0x0000023088aa9908 code [0x0000023088aa9a00, 0x0000023088aa9cd8]
Event: 5.154 Thread 0x000002309e21f900  490       3       jdk.internal.classfile.impl.StackMapGenerator::processBlock (2767 bytes)
Event: 5.160 Thread 0x000002309e20c070  492       4       java.lang.StringLatin1::lastIndexOf (40 bytes)
Event: 5.169 Thread 0x000002309e20c070 nmethod 492 0x0000023090511f08 code [0x0000023090512000, 0x00000230905121f8]
Event: 5.172 Thread 0x000002309e20c070  498       4       java.util.concurrent.ConcurrentHashMap::tabAt (21 bytes)
Event: 5.173 Thread 0x000002309e20c070 nmethod 498 0x0000023090512508 code [0x0000023090512600, 0x0000023090512678]
Event: 5.173 Thread 0x000002309e20c070  499       4       jdk.internal.misc.Unsafe::putReferenceRelease (9 bytes)
Event: 5.173 Thread 0x000002309e20c070 nmethod 499 0x0000023090512808 code [0x0000023090512900, 0x0000023090512a88]
Event: 5.185 Thread 0x000002309e20c070  516       4       java.lang.ref.Reference::reachabilityFence (1 bytes)
Event: 5.185 Thread 0x000002309e20c070 nmethod 516 0x0000023090512b08 code [0x0000023090512c00, 0x0000023090512c68]

GC Heap Usage History (0 events):
No events

Metaspace Usage History (0 events):
No events

Dll operation events (6 events):
Event: 0.029 Loaded shared library C:\Program Files\Apache NetBeans\jdk\bin\java.dll
Event: 2.962 Loaded shared library C:\Program Files\Apache NetBeans\jdk\bin\net.dll
Event: 2.968 Loaded shared library C:\Program Files\Apache NetBeans\jdk\bin\nio.dll
Event: 2.979 Loaded shared library C:\Program Files\Apache NetBeans\jdk\bin\zip.dll
Event: 4.892 Loaded shared library C:\Program Files\Apache NetBeans\java\maven\lib\jansi-native\Windows\x86_64\jansi.dll
Event: 5.124 Loaded shared library C:\Program Files\Apache NetBeans\jdk\bin\verify.dll

Deoptimization events (12 events):
Event: 3.725 Thread 0x00000230fc23f3a0 DEOPT PACKING pc=0x0000023088a42178 sp=0x0000003af40fe6f0
Event: 3.725 Thread 0x00000230fc23f3a0 DEOPT UNPACKING pc=0x000002308ffb1702 sp=0x0000003af40fdb60 mode 0
Event: 4.329 Thread 0x00000230fc23f3a0 Uncommon trap: trap_request=0xffffff45 fr.pc=0x00000230904fe324 relative=0x0000000000000124
Event: 4.329 Thread 0x00000230fc23f3a0 Uncommon trap: reason=unstable_if action=reinterpret pc=0x00000230904fe324 method=java.lang.StringCoding.countPositives([BII)I @ 17 c2
Event: 4.329 Thread 0x00000230fc23f3a0 DEOPT PACKING pc=0x00000230904fe324 sp=0x0000003af40fa680
Event: 4.329 Thread 0x00000230fc23f3a0 DEOPT UNPACKING pc=0x000002308fff1a02 sp=0x0000003af40fa608 mode 2
Event: 4.355 Thread 0x00000230fc23f3a0 Uncommon trap: trap_request=0xffffff45 fr.pc=0x0000023090502a5c relative=0x000000000000005c
Event: 4.355 Thread 0x00000230fc23f3a0 Uncommon trap: reason=unstable_if action=reinterpret pc=0x0000023090502a5c method=java.io.WinNTFileSystem.isSlash(C)Z @ 9 c2
Event: 4.355 Thread 0x00000230fc23f3a0 DEOPT PACKING pc=0x0000023090502a5c sp=0x0000003af40fe7d0
Event: 4.355 Thread 0x00000230fc23f3a0 DEOPT UNPACKING pc=0x000002308fff1a02 sp=0x0000003af40fe758 mode 2
Event: 5.186 Thread 0x00000230fc23f3a0 DEOPT PACKING pc=0x0000023088a6e9f8 sp=0x0000003af40fdcd0
Event: 5.186 Thread 0x00000230fc23f3a0 DEOPT UNPACKING pc=0x000002308ffb1702 sp=0x0000003af40fd158 mode 0

Classes loaded (20 events):
Event: 5.144 Loading class java/util/LinkedHashMap$LinkedValues
Event: 5.144 Loading class java/util/LinkedHashMap$LinkedValues done
Event: 5.144 Loading class java/util/LinkedHashMap$LinkedValueIterator
Event: 5.144 Loading class java/util/LinkedHashMap$LinkedValueIterator done
Event: 5.160 Loading class java/util/AbstractList$ListItr
Event: 5.160 Loading class java/util/AbstractList$Itr
Event: 5.160 Loading class java/util/AbstractList$Itr done
Event: 5.160 Loading class java/util/AbstractList$ListItr done
Event: 5.160 Loading class java/util/LinkedList$Node
Event: 5.161 Loading class java/util/LinkedList$Node done
Event: 5.166 Loading class java/util/Collections$UnmodifiableMap$UnmodifiableEntrySet
Event: 5.169 Loading class java/util/Collections$UnmodifiableMap$UnmodifiableEntrySet done
Event: 5.169 Loading class java/util/Collections$UnmodifiableMap$UnmodifiableEntrySet$1
Event: 5.170 Loading class java/util/Collections$UnmodifiableMap$UnmodifiableEntrySet$1 done
Event: 5.170 Loading class java/util/Collections$UnmodifiableMap$UnmodifiableEntrySet$UnmodifiableEntry
Event: 5.170 Loading class java/util/Collections$UnmodifiableMap$UnmodifiableEntrySet$UnmodifiableEntry done
Event: 5.188 Loading class java/util/Stack
Event: 5.188 Loading class java/util/Vector
Event: 5.188 Loading class java/util/Vector done
Event: 5.188 Loading class java/util/Stack done

Classes unloaded (0 events):
No events

Classes redefined (0 events):
No events

Internal exceptions (20 events):
Event: 4.838 Thread 0x00000230fc23f3a0 Exception <a 'java/lang/NoSuchMethodError'{0x0000000713b38bc0}: 'java.lang.Object java.lang.invoke.DirectMethodHandle$Holder.invokeStaticInit(java.lang.Object)'> (0x0000000713b38bc0) 
thrown [s\src\hotspot\share\interpreter\linkResolver.cpp, line 804]
Event: 4.876 Thread 0x00000230fc23f3a0 Exception <a 'java/lang/NullPointerException'{0x0000000713b6b0f8}> (0x0000000713b6b0f8) 
thrown [s\src\hotspot\share\interpreter\linkResolver.cpp, line 1416]
Event: 4.896 Thread 0x00000230fc23f3a0 Exception <a 'java/lang/NullPointerException'{0x0000000713b89c28}> (0x0000000713b89c28) 
thrown [s\src\hotspot\share\interpreter\linkResolver.cpp, line 1416]
Event: 4.896 Thread 0x00000230fc23f3a0 Exception <a 'java/lang/NullPointerException'{0x0000000713b89f08}> (0x0000000713b89f08) 
thrown [s\src\hotspot\share\interpreter\linkResolver.cpp, line 1416]
Event: 4.896 Thread 0x00000230fc23f3a0 Exception <a 'java/lang/NullPointerException'{0x0000000713b8a1e8}> (0x0000000713b8a1e8) 
thrown [s\src\hotspot\share\interpreter\linkResolver.cpp, line 1416]
Event: 5.002 Thread 0x00000230fc23f3a0 Exception <a 'java/lang/NullPointerException'{0x0000000713b8eb40}> (0x0000000713b8eb40) 
thrown [s\src\hotspot\share\interpreter\linkResolver.cpp, line 1416]
Event: 5.012 Thread 0x00000230fc23f3a0 Exception <a 'java/lang/NullPointerException'{0x0000000713ba0450}> (0x0000000713ba0450) 
thrown [s\src\hotspot\share\interpreter\linkResolver.cpp, line 1416]
Event: 5.012 Thread 0x00000230fc23f3a0 Exception <a 'java/lang/NullPointerException'{0x0000000713ba0730}> (0x0000000713ba0730) 
thrown [s\src\hotspot\share\interpreter\linkResolver.cpp, line 1416]
Event: 5.012 Thread 0x00000230fc23f3a0 Exception <a 'java/lang/NullPointerException'{0x0000000713ba0a10}> (0x0000000713ba0a10) 
thrown [s\src\hotspot\share\interpreter\linkResolver.cpp, line 1416]
Event: 5.012 Thread 0x00000230fc23f3a0 Exception <a 'java/lang/NullPointerException'{0x0000000713ba0cf0}> (0x0000000713ba0cf0) 
thrown [s\src\hotspot\share\interpreter\linkResolver.cpp, line 1416]
Event: 5.031 Thread 0x00000230fc23f3a0 Exception <a 'sun/nio/fs/WindowsException'{0x0000000713bc3dd8}> (0x0000000713bc3dd8) 
thrown [s\src\hotspot\share\prims\jni.cpp, line 516]
Event: 5.032 Thread 0x00000230fc23f3a0 Exception <a 'sun/nio/fs/WindowsException'{0x0000000713bc4468}> (0x0000000713bc4468) 
thrown [s\src\hotspot\share\prims\jni.cpp, line 516]
Event: 5.032 Thread 0x00000230fc23f3a0 Exception <a 'sun/nio/fs/WindowsException'{0x0000000713bc4a88}> (0x0000000713bc4a88) 
thrown [s\src\hotspot\share\prims\jni.cpp, line 516]
Event: 5.032 Thread 0x00000230fc23f3a0 Exception <a 'sun/nio/fs/WindowsException'{0x0000000713bc4ff0}> (0x0000000713bc4ff0) 
thrown [s\src\hotspot\share\prims\jni.cpp, line 516]
Event: 5.032 Thread 0x00000230fc23f3a0 Exception <a 'sun/nio/fs/WindowsException'{0x0000000713bc5530}> (0x0000000713bc5530) 
thrown [s\src\hotspot\share\prims\jni.cpp, line 516]
Event: 5.033 Thread 0x00000230fc23f3a0 Exception <a 'sun/nio/fs/WindowsException'{0x0000000713bc5a20}> (0x0000000713bc5a20) 
thrown [s\src\hotspot\share\prims\jni.cpp, line 516]
Event: 5.033 Thread 0x00000230fc23f3a0 Exception <a 'sun/nio/fs/WindowsException'{0x0000000713bc5ec8}> (0x0000000713bc5ec8) 
thrown [s\src\hotspot\share\prims\jni.cpp, line 516]
Event: 5.149 Thread 0x00000230fc23f3a0 Exception <a 'java/lang/NoSuchMethodError'{0x0000000713812e18}: 'void java.lang.invoke.DirectMethodHandle$Holder.invokeStatic(java.lang.Object, java.lang.Object)'> (0x0000000713812e18) 
thrown [s\src\hotspot\share\interpreter\linkResolver.cpp, line 804]
Event: 5.151 Thread 0x00000230fc23f3a0 Exception <a 'java/lang/NoSuchMethodError'{0x000000071381abc0}: 'void java.lang.invoke.DirectMethodHandle$Holder.invokeStaticInit(java.lang.Object, java.lang.Object)'> (0x000000071381abc0) 
thrown [s\src\hotspot\share\interpreter\linkResolver.cpp, line 804]
Event: 5.190 Thread 0x00000230fc23f3a0 Exception <a 'java/lang/NoSuchMethodError'{0x0000000713863200}: 'void java.lang.invoke.DirectMethodHandle$Holder.invokeStatic(java.lang.Object, java.lang.Object, java.lang.Object)'> (0x0000000713863200) 
thrown [s\src\hotspot\share\interpreter\linkResolver.cpp, line 804]

VM Operations (4 events):
Event: 2.984 Executing non-safepoint VM operation: HandshakeAllThreads (Deoptimize)
Event: 2.984 Executing non-safepoint VM operation: HandshakeAllThreads (Deoptimize) done
Event: 4.872 Executing non-safepoint VM operation: HandshakeAllThreads (Deoptimize)
Event: 4.872 Executing non-safepoint VM operation: HandshakeAllThreads (Deoptimize) done

Memory protections (0 events):
No events

Nmethod flushes (0 events):
No events

Events (12 events):
Event: 1.991 Thread 0x00000230fc23f3a0 Thread added: 0x00000230fc23f3a0
Event: 2.220 Thread 0x00000230fc23f3a0 Thread added: 0x000002309e200a50
Event: 2.220 Thread 0x00000230fc23f3a0 Thread added: 0x000002309e202180
Event: 2.221 Thread 0x00000230fc23f3a0 Thread added: 0x000002309e206ce0
Event: 2.221 Thread 0x00000230fc23f3a0 Thread added: 0x000002309e2079f0
Event: 2.221 Thread 0x00000230fc23f3a0 Thread added: 0x000002309e2085b0
Event: 2.221 Thread 0x00000230fc23f3a0 Thread added: 0x000002309e209170
Event: 2.222 Thread 0x00000230fc23f3a0 Thread added: 0x000002309e20c070
Event: 2.303 Thread 0x00000230fc23f3a0 Thread added: 0x000002309e21f900
Event: 2.456 Thread 0x00000230fc23f3a0 Thread added: 0x000002309e26fca0
Event: 2.465 Thread 0x00000230fc23f3a0 Thread added: 0x000002309e2748c0
Event: 4.884 Thread 0x00000230fc23f3a0 Thread added: 0x000002309e68f3b0


Dynamic libraries:
0x00007ff62a220000 - 0x00007ff62a22e000 	C:\Program Files\Apache NetBeans\jdk\bin\java.exe
0x00007ff82ac40000 - 0x00007ff82aea7000 	C:\WINDOWS\SYSTEM32\ntdll.dll
0x00007ff829220000 - 0x00007ff8292e9000 	C:\WINDOWS\System32\KERNEL32.DLL
0x00007ff8279d0000 - 0x00007ff827dc1000 	C:\WINDOWS\System32\KERNELBASE.dll
0x00007ff827880000 - 0x00007ff8279cb000 	C:\WINDOWS\System32\ucrtbase.dll
0x00007ffff0a40000 - 0x00007ffff0a56000 	C:\Program Files\Apache NetBeans\jdk\bin\jli.dll
0x00007ff8292f0000 - 0x00007ff8294b5000 	C:\WINDOWS\System32\USER32.dll
0x00007ff8275d0000 - 0x00007ff8275f7000 	C:\WINDOWS\System32\win32u.dll
0x00007ff828e50000 - 0x00007ff828e7b000 	C:\WINDOWS\System32\GDI32.dll
0x00007ff827750000 - 0x00007ff82787b000 	C:\WINDOWS\System32\gdi32full.dll
0x00007ff827520000 - 0x00007ff8275c3000 	C:\WINDOWS\System32\msvcp_win.dll
0x00007ffffbb30000 - 0x00007ffffbb4e000 	C:\Program Files\Apache NetBeans\jdk\bin\VCRUNTIME140.dll
0x00007ff807d10000 - 0x00007ff807fa3000 	C:\WINDOWS\WinSxS\amd64_microsoft.windows.common-controls_6595b64144ccf1df_6.0.26100.8037_none_3e092faae333b53b\COMCTL32.dll
0x00007ff8295a0000 - 0x00007ff829649000 	C:\WINDOWS\System32\msvcrt.dll
0x00007ff829dc0000 - 0x00007ff829df1000 	C:\WINDOWS\System32\IMM32.DLL
0x00007ff813db0000 - 0x00007ff813dbc000 	C:\Program Files\Apache NetBeans\jdk\bin\vcruntime140_1.dll
0x00007ffff0950000 - 0x00007ffff09dd000 	C:\Program Files\Apache NetBeans\jdk\bin\msvcp140.dll
0x00007fff64e70000 - 0x00007fff65d96000 	C:\Program Files\Apache NetBeans\jdk\bin\server\jvm.dll
0x00007ff828be0000 - 0x00007ff828c9b000 	C:\WINDOWS\System32\ADVAPI32.dll
0x00007ff82ab50000 - 0x00007ff82abf7000 	C:\WINDOWS\System32\sechost.dll
0x00007ff82a850000 - 0x00007ff82a968000 	C:\WINDOWS\System32\RPCRT4.dll
0x00007ff82aad0000 - 0x00007ff82ab44000 	C:\WINDOWS\System32\WS2_32.dll
0x00007ff827380000 - 0x00007ff8273de000 	C:\WINDOWS\SYSTEM32\POWRPROF.dll
0x00007ff81c420000 - 0x00007ff81c455000 	C:\WINDOWS\SYSTEM32\WINMM.dll
0x00007ff815370000 - 0x00007ff81537b000 	C:\WINDOWS\SYSTEM32\VERSION.dll
0x00007ff827360000 - 0x00007ff827374000 	C:\WINDOWS\SYSTEM32\UMPDC.dll
0x00007ff826280000 - 0x00007ff82629b000 	C:\WINDOWS\SYSTEM32\kernel.appcore.dll
0x00007ff813b90000 - 0x00007ff813b9a000 	C:\Program Files\Apache NetBeans\jdk\bin\jimage.dll
0x00007ff8252f0000 - 0x00007ff825532000 	C:\WINDOWS\SYSTEM32\DBGHELP.DLL
0x00007ff828e80000 - 0x00007ff829202000 	C:\WINDOWS\System32\combase.dll
0x00007ff8294c0000 - 0x00007ff829597000 	C:\WINDOWS\System32\OLEAUT32.dll
0x00007ff803230000 - 0x00007ff80326b000 	C:\WINDOWS\SYSTEM32\dbgcore.DLL
0x00007ff828930000 - 0x00007ff8289d5000 	C:\WINDOWS\System32\bcryptPrimitives.dll
0x00007ffffbaf0000 - 0x00007ffffbb0e000 	C:\Program Files\Apache NetBeans\jdk\bin\java.dll
0x00007ff828ca0000 - 0x00007ff828e35000 	C:\WINDOWS\System32\ole32.dll
0x00007ff829650000 - 0x00007ff829daf000 	C:\WINDOWS\System32\SHELL32.dll
0x00007ff8287c0000 - 0x00007ff82892a000 	C:\WINDOWS\System32\wintypes.dll
0x00007ff827dd0000 - 0x00007ff828634000 	C:\WINDOWS\System32\windows.storage.dll
0x00007ff82a980000 - 0x00007ff82aa77000 	C:\WINDOWS\System32\SHCORE.dll
0x00007ff828b70000 - 0x00007ff828bd7000 	C:\WINDOWS\System32\shlwapi.dll
0x00007ff827440000 - 0x00007ff827469000 	C:\WINDOWS\SYSTEM32\profapi.dll
0x00007ffff0a00000 - 0x00007ffff0a11000 	C:\Program Files\Apache NetBeans\jdk\bin\net.dll
0x00007ff826800000 - 0x00007ff82686b000 	C:\WINDOWS\system32\mswsock.dll
0x00007ffff09e0000 - 0x00007ffff09f6000 	C:\Program Files\Apache NetBeans\jdk\bin\nio.dll
0x00007ffff0a20000 - 0x00007ffff0a37000 	C:\Program Files\Apache NetBeans\jdk\bin\zip.dll
0x00007ffff99a0000 - 0x00007ffff99c4000 	C:\Program Files\Apache NetBeans\java\maven\lib\jansi-native\Windows\x86_64\jansi.dll
0x00007ff8133f0000 - 0x00007ff813400000 	C:\Program Files\Apache NetBeans\jdk\bin\verify.dll

JVMTI agents: none

dbghelp: loaded successfully - version: 4.0.5 - missing functions: none
symbol engine: initialized successfully - sym options: 0x614 - pdb path: .;C:\Program Files\Apache NetBeans\jdk\bin;C:\WINDOWS\SYSTEM32;C:\WINDOWS\WinSxS\amd64_microsoft.windows.common-controls_6595b64144ccf1df_6.0.26100.8037_none_3e092faae333b53b;C:\Program Files\Apache NetBeans\jdk\bin\server;C:\Program Files\Apache NetBeans\java\maven\lib\jansi-native\Windows\x86_64

VM Arguments:
jvm_args: --enable-native-access=ALL-UNNAMED -Dclassworlds.conf=C:\Program Files\Apache NetBeans\java\maven\bin\m2.conf -Dmaven.home=C:\Program Files\Apache NetBeans\java\maven -Dlibrary.jansi.path=C:\Program Files\Apache NetBeans\java\maven\lib\jansi-native -Dmaven.multiModuleProjectDirectory=C:\Users\agamg\Documents\NetBeansProjects\TareaProgra\TareaProgramacion2 
java_command: org.codehaus.plexus.classworlds.launcher.Launcher -Dexec.vmArgs= -Dexec.appArgs= -Dmaven.ext.class.path=C:\Program Files\Apache NetBeans\java\maven-nblib\netbeans-eventspy.jar --no-transfer-progress clean javafx:run
java_class_path (initial): C:\Program Files\Apache NetBeans\java\maven\boot\plexus-classworlds-2.9.0.jar
Launcher Type: SUN_STANDARD

[Global flags]
     intx CICompilerCount                          = 4                                         {product} {ergonomic}
     uint ConcGCThreads                            = 3                                         {product} {ergonomic}
     uint G1ConcRefinementThreads                  = 10                                        {product} {ergonomic}
   size_t G1HeapRegionSize                         = 2097152                                   {product} {ergonomic}
   size_t InitialHeapSize                          = 264241152                                 {product} {ergonomic}
   size_t MarkStackSize                            = 4194304                                   {product} {ergonomic}
   size_t MarkStackSizeMax                         = 536870912                                 {product} {ergonomic}
   size_t MaxHeapSize                              = 4223664128                                {product} {ergonomic}
   size_t MaxNewSize                               = 2533359616                                {product} {ergonomic}
   size_t MinHeapDeltaBytes                        = 2097152                                   {product} {ergonomic}
   size_t MinHeapSize                              = 8388608                                   {product} {ergonomic}
    uintx NonNMethodCodeHeapSize                   = 5832704                                {pd product} {ergonomic}
    uintx NonProfiledCodeHeapSize                  = 122945536                              {pd product} {ergonomic}
    uintx ProfiledCodeHeapSize                     = 122880000                              {pd product} {ergonomic}
    uintx ReservedCodeCacheSize                    = 251658240                              {pd product} {ergonomic}
     bool SegmentedCodeCache                       = true                                      {product} {ergonomic}
   size_t SoftMaxHeapSize                          = 4223664128                             {manageable} {ergonomic}
     bool UseCompressedOops                        = true                           {product lp64_product} {ergonomic}
     bool UseG1GC                                  = true                                      {product} {ergonomic}
     bool UseLargePagesIndividualAllocation        = false                                  {pd product} {ergonomic}

Logging:
Log output configuration:
 #0: stdout all=warning uptime,level,tags foldmultilines=false
 #1: stderr all=off uptime,level,tags foldmultilines=false

Release file:
IMPLEMENTOR="Eclipse Adoptium" 
IMPLEMENTOR_VERSION="Temurin-25.0.1+8" 
JAVA_RUNTIME_VERSION="25.0.1+8-LTS" 
JAVA_VERSION="25.0.1" 
JAVA_VERSION_DATE="2025-10-21" 
LIBC="default" 
MODULES="java.base java.compiler java.datatransfer java.xml java.prefs java.desktop java.instrument java.logging java.management java.security.sasl java.naming java.rmi java.management.rmi java.net.http java.scripting java.security.jgss java.transaction.xa java.sql java.sql.rowset java.xml.crypto java.se java.smartcardio jdk.accessibility jdk.internal.jvmstat jdk.attach jdk.charsets jdk.internal.opt jdk.zipfs jdk.compiler jdk.crypto.cryptoki jdk.crypto.ec jdk.crypto.mscapi jdk.dynalink jdk.internal.ed jdk.editpad jdk.internal.vm.ci jdk.graal.compiler jdk.graal.compiler.management jdk.hotspot.agent jdk.httpserver jdk.incubator.vector jdk.internal.le jdk.internal.md jdk.jartool jdk.javadoc jdk.jcmd jdk.management jdk.management.agent jdk.jconsole jdk.jdeps jdk.jdwp.agent jdk.jdi jdk.jfr jdk.jlink jdk.jpackage jdk.jshell jdk.jsobject jdk.jstatd jdk.localedata jdk.management.jfr jdk.naming.dns jdk.naming.rmi jdk.net jdk.nio.mapmode jdk.sctp jdk.security.auth jdk.security.jgss jdk.unsupported jdk.unsupported.desktop jdk.xml.dom" 
OS_ARCH="x86_64" 
OS_NAME="Windows" 
SOURCE=".:git:61d6a2c1b35e" 
BUILD_SOURCE="git:839fa0b45d809157cffd3dc8515aad262a4a1776"
BUILD_SOURCE_REPO="https://github.com/adoptium/temurin-build.git"
SOURCE_REPO="https://github.com/adoptium/jdk25u.git"
FULL_VERSION="25.0.1+8-LTS"
SEMANTIC_VERSION="25.0.1+8"
BUILD_INFO="OS: Windows Server 2022 Version: 10.0"
JVM_VARIANT="Hotspot"
JVM_VERSION="25.0.1+8-LTS"
IMAGE_TYPE="JDK"

Environment Variables:
JAVA_HOME=C:\Program Files\Apache NetBeans\jdk
PATH=C:\Program Files\Common Files\Oracle\Java\javapath;C:\WINDOWS\system32;C:\WINDOWS;C:\WINDOWS\System32\Wbem;C:\WINDOWS\System32\WindowsPowerShell\v1.0\;C:\WINDOWS\System32\OpenSSH\;C:\Program Files (x86)\Windows Kits\10\Windows Performance Toolkit\;C:\Program Files\dotnet\;C:\Program Files\Docker\Docker\resources\bin;C:\Program Files\Git\cmd;C:\Users\agamg\AppData\Local\Microsoft\WindowsApps;C:\Users\agamg\.dotnet\tools;C:\Users\agamg\AppData\Local\GitHubDesktop\bin
USERNAME=agamg
OS=Windows_NT
PROCESSOR_IDENTIFIER=Intel64 Family 6 Model 154 Stepping 4, GenuineIntel
TMP=C:\Users\agamg\AppData\Local\Temp
TEMP=C:\Users\agamg\AppData\Local\Temp




Compilation memory statistics disabled.

Periodic native trim disabled

---------------  S Y S T E M  ---------------

OS:
 Windows 11 , 64 bit Build 26100 (10.0.26100.7920)
OS uptime: 0 days 4:39 hours
Hyper-V role detected

CPU: total 12 (initial active 12) (6 cores per cpu, 2 threads per core) family 6 model 154 stepping 4 microcode 0x437, cx8, cmov, fxsr, ht, mmx, 3dnowpref, sse, sse2, sse3, ssse3, sse4.1, sse4.2, popcnt, lzcnt, tsc, tscinvbit, avx, avx2, aes, erms, clmul, bmi1, bmi2, adx, sha, fma, vzeroupper, clflush, clflushopt, clwb, hv, serialize, rdtscp, rdpid, fsrm, gfni, f16c, cet_ibt, cet_ss
Processor Information for processor 0
  Max Mhz: 1300, Current Mhz: 1300, Mhz Limit: 1300
Processor Information for processor 1
  Max Mhz: 1300, Current Mhz: 1300, Mhz Limit: 1300
Processor Information for processor 2
  Max Mhz: 1300, Current Mhz: 1300, Mhz Limit: 1300
Processor Information for processor 3
  Max Mhz: 1300, Current Mhz: 1300, Mhz Limit: 1300
Processor Information for processor 4
  Max Mhz: 900, Current Mhz: 900, Mhz Limit: 900
Processor Information for processor 5
  Max Mhz: 900, Current Mhz: 900, Mhz Limit: 900
Processor Information for processor 6
  Max Mhz: 900, Current Mhz: 900, Mhz Limit: 900
Processor Information for processor 7
  Max Mhz: 900, Current Mhz: 900, Mhz Limit: 900
Processor Information for processor 8
  Max Mhz: 900, Current Mhz: 900, Mhz Limit: 900
Processor Information for processor 9
  Max Mhz: 900, Current Mhz: 900, Mhz Limit: 900
Processor Information for processor 10
  Max Mhz: 900, Current Mhz: 900, Mhz Limit: 900
Processor Information for processor 11
  Max Mhz: 900, Current Mhz: 900, Mhz Limit: 900

Memory: 4k page, system-wide physical 16108M (1201M free)
TotalPageFile size 38082M (AvailPageFile size 15M)
current process WorkingSet (physical memory assigned to process): 55M, peak: 55M
current process commit charge ("private bytes"): 353M, peak: 353M

vm_info: OpenJDK 64-Bit Server VM (25.0.1+8-LTS) for windows-amd64 JRE (25.0.1+8-LTS), built on 2025-10-21T00:00:00Z with unknown MS VC++:1942

END.
