#
# There is insufficient memory for the Java Runtime Environment to continue.
# Native memory allocation (malloc) failed to allocate 897752 bytes. Error detail: Chunk::new
# Possible reasons:
#   The system is out of physical RAM or swap space
#   This process is running with CompressedOops enabled, and the Java Heap may be blocking the growth of the native heap
# Possible solutions:
#   Reduce memory load on the system
#   Increase physical memory or swap space
#   Check if swap backing store is full
#   Decrease Java heap size (-Xmx/-Xms)
#   Decrease number of Java threads
#   Decrease Java thread stack sizes (-Xss)
#   Set larger code cache with -XX:ReservedCodeCacheSize=
#   JVM is running with Zero Based Compressed Oops mode in which the Java heap is
#     placed in the first 32GB address space. The Java Heap base address is the
#     maximum limit for the native heap growth. Please use -XX:HeapBaseMinAddress
#     to set the Java Heap base and to place the Java Heap above 32GB virtual address.
# This output file may be truncated or incomplete.
#
#  Out of Memory Error (arena.cpp:186), pid=30236, tid=26708
#
# JRE version: OpenJDK Runtime Environment Temurin-25.0.1+8 (25.0.1+8) (build 25.0.1+8-LTS)
# Java VM: OpenJDK 64-Bit Server VM Temurin-25.0.1+8 (25.0.1+8-LTS, mixed mode, sharing, tiered, compressed oops, compressed class ptrs, g1 gc, windows-amd64)
# No core dump will be written. Minidumps are not enabled by default on client versions of Windows
#

---------------  S U M M A R Y ------------

Command Line: --enable-native-access=ALL-UNNAMED -Dclassworlds.conf=C:\Program Files\Apache NetBeans\java\maven\bin\m2.conf -Dmaven.home=C:\Program Files\Apache NetBeans\java\maven -Dlibrary.jansi.path=C:\Program Files\Apache NetBeans\java\maven\lib\jansi-native -Dmaven.multiModuleProjectDirectory=C:\Users\agamg\Documents\NetBeansProjects\TareaProgra\TareaProgramacion2 org.codehaus.plexus.classworlds.launcher.Launcher -Dexec.vmArgs= -Dexec.appArgs= -Dmaven.ext.class.path=C:\Program Files\Apache NetBeans\java\maven-nblib\netbeans-eventspy.jar --no-transfer-progress clean javafx:run

Host: 12th Gen Intel(R) Core(TM) i5-1235U, 12 cores, 15G,  Windows 11 , 64 bit Build 26100 (10.0.26100.7920)
Time: Wed Mar 25 18:17:55 2026 Hora estándar, América Central elapsed time: 8.544226 seconds (0d 0h 0m 8s)

---------------  T H R E A D  ---------------

Current thread (0x0000019dc029c340):  JavaThread "C2 CompilerThread0" daemon [_thread_in_native, id=26708, stack(0x0000004fda000000,0x0000004fda100000) (1024K)]


Current CompileTask:
C2:8544  629       4       java.lang.StringLatin1::indexOf (121 bytes)

Stack: [0x0000004fda000000,0x0000004fda100000]
Native frames: (J=compiled Java code, j=interpreted, Vv=VM code, C=native code)
V  [jvm.dll+0x7a8379]  (no source info available)
V  [jvm.dll+0x7729fd]  (no source info available)
V  [jvm.dll+0x9f57b3]  (no source info available)
V  [jvm.dll+0x9f7da1]  (no source info available)
V  [jvm.dll+0x9f84a3]  (no source info available)
V  [jvm.dll+0x2fcd26]  (no source info available)
V  [jvm.dll+0x111086]  (no source info available)
V  [jvm.dll+0x1113ae]  (no source info available)
V  [jvm.dll+0x1a01a2]  (no source info available)
V  [jvm.dll+0x3b5e72]  (no source info available)
V  [jvm.dll+0x7adcec]  (no source info available)
V  [jvm.dll+0x2c0327]  (no source info available)
V  [jvm.dll+0x2bf2ef]  (no source info available)
V  [jvm.dll+0x237300]  (no source info available)
V  [jvm.dll+0x2cf386]  (no source info available)
V  [jvm.dll+0x2cd60a]  (no source info available)
V  [jvm.dll+0x48f64e]  (no source info available)
V  [jvm.dll+0x99630d]  (no source info available)
V  [jvm.dll+0x7a6955]  (no source info available)
C  [ucrtbase.dll+0x37b0]  (no source info available)
C  [KERNEL32.DLL+0x2e8d7]  (no source info available)
C  [ntdll.dll+0x8c48c]  (no source info available)

Lock stack of current Java thread (top to bottom):


---------------  P R O C E S S  ---------------

Threads class SMR info:
_java_thread_list=0x0000019dc52ba8b0, length=11, elements={
0x0000019d9e42fc30, 0x0000019dc0294d50, 0x0000019dc0296480, 0x0000019dc0297fb0,
0x0000019dc0299cd0, 0x0000019dc029a890, 0x0000019dc029b450, 0x0000019dc029c340,
0x0000019dc02ab5a0, 0x0000019dc03ee1d0, 0x0000019dc04019b0
}

Java Threads: ( => current thread )
  0x0000019d9e42fc30 JavaThread "main"                              [_thread_in_Java, id=29512, stack(0x0000004fd9200000,0x0000004fd9300000) (1024K)]
  0x0000019dc0294d50 JavaThread "Reference Handler"          daemon [_thread_blocked, id=30920, stack(0x0000004fd9a00000,0x0000004fd9b00000) (1024K)]
  0x0000019dc0296480 JavaThread "Finalizer"                  daemon [_thread_blocked, id=25988, stack(0x0000004fd9b00000,0x0000004fd9c00000) (1024K)]
  0x0000019dc0297fb0 JavaThread "Signal Dispatcher"          daemon [_thread_blocked, id=28384, stack(0x0000004fd9c00000,0x0000004fd9d00000) (1024K)]
  0x0000019dc0299cd0 JavaThread "Attach Listener"            daemon [_thread_blocked, id=31672, stack(0x0000004fd9d00000,0x0000004fd9e00000) (1024K)]
  0x0000019dc029a890 JavaThread "Service Thread"             daemon [_thread_blocked, id=16912, stack(0x0000004fd9e00000,0x0000004fd9f00000) (1024K)]
  0x0000019dc029b450 JavaThread "Monitor Deflation Thread"   daemon [_thread_blocked, id=11080, stack(0x0000004fd9f00000,0x0000004fda000000) (1024K)]
=>0x0000019dc029c340 JavaThread "C2 CompilerThread0"         daemon [_thread_in_native, id=26708, stack(0x0000004fda000000,0x0000004fda100000) (1024K)]
  0x0000019dc02ab5a0 JavaThread "C1 CompilerThread0"         daemon [_thread_blocked, id=24696, stack(0x0000004fda100000,0x0000004fda200000) (1024K)]
  0x0000019dc03ee1d0 JavaThread "Notification Thread"        daemon [_thread_blocked, id=27328, stack(0x0000004fda200000,0x0000004fda300000) (1024K)]
  0x0000019dc04019b0 JavaThread "Common-Cleaner"             daemon [_thread_blocked, id=31632, stack(0x0000004fda300000,0x0000004fda400000) (1024K)]
Total: 11

Other Threads:
  0x0000019dc0280a00 VMThread "VM Thread"                           [id=30524, stack(0x0000004fd9900000,0x0000004fd9a00000) (1024K)]
  0x0000019dc02729e0 WatcherThread "VM Periodic Task Thread"        [id=25088, stack(0x0000004fd9800000,0x0000004fd9900000) (1024K)]
  0x0000019d9e6f74f0 WorkerThread "GC Thread#0"                     [id=30968, stack(0x0000004fd9300000,0x0000004fd9400000) (1024K)]
  0x0000019d9e70ff60 ConcurrentGCThread "G1 Main Marker"            [id=30972, stack(0x0000004fd9400000,0x0000004fd9500000) (1024K)]
  0x0000019d9e710b00 WorkerThread "G1 Conc#0"                       [id=30976, stack(0x0000004fd9500000,0x0000004fd9600000) (1024K)]
  0x0000019dc0139010 ConcurrentGCThread "G1 Refine#0"               [id=30984, stack(0x0000004fd9600000,0x0000004fd9700000) (1024K)]
  0x0000019dc013ba30 ConcurrentGCThread "G1 Service"                [id=30988, stack(0x0000004fd9700000,0x0000004fd9800000) (1024K)]
Total: 7

Threads with active compile tasks:
C2 CompilerThread0  8720  629       4       java.lang.StringLatin1::indexOf (121 bytes)
Total: 1

VM state: not at safepoint (normal execution)

VM Mutex/Monitor currently owned by a thread: None

Heap address: 0x0000000704400000, size: 4028 MB, Compressed Oops mode: Zero based, Oop shift amount: 3

CDS archive(s) mapped at: [0x0000000019000000-0x0000000019dd0000-0x0000000019dd0000), size 14483456, SharedBaseAddress: 0x0000000019000000, ArchiveRelocationMode: 1.
Compressed class space mapped at: 0x000000001a000000-0x000000005a000000, reserved size: 1073741824
UseCompressedClassPointers 1, UseCompactObjectHeaders 0
Narrow klass pointer bits 32, Max shift 3
Narrow klass base: 0x0000000019000000, Narrow klass shift: 0
Encoding Range: [0x0000000019000000 - 0x0000000119000000), (4294967296 bytes)
Klass Range:    [0x0000000019010000 - 0x000000005a000000), (1090453504 bytes)
Klass ID Range:  [65536 - 1090519033) (1090453497)
Protection zone: [0x0000000019000000 - 0x0000000019010000), (65536 bytes)

GC Precious Log:
 CardTable entry size: 512
 Card Set container configuration: InlinePtr #cards 4 size 8 Array Of Cards #cards 16 size 48 Howl #buckets 8 coarsen threshold 3686 Howl Bitmap #cards 512 size 80 coarsen threshold 460 Card regions per heap region 1 cards per card region 4096
 CPUs: 12 total, 12 available
 Memory: 16108M
 Large Page Support: Disabled
 NUMA Support: Disabled
 Compressed Oops: Enabled (Zero based)
 Heap Region Size: 2M
 Heap Min Capacity: 8M
 Heap Initial Capacity: 252M
 Heap Max Capacity: 4028M
 Pre-touch: Disabled
 Parallel Workers: 10
 Concurrent Workers: 3
 Concurrent Refinement Workers: 10
 Periodic GC: Disabled

Heap:
 garbage-first heap   total reserved 4124672K, committed 260096K, used 9363K [0x0000000704400000, 0x0000000800000000)
  region size 2048K, 5 young (10240K), 0 survivors (0K)

Heap Regions: E=young(eden), S=young(survivor), O=old, HS=humongous(starts), HC=humongous(continues), CS=collection set, F=free, TAMS=top-at-mark-start, PB=parsable bottom
|   0|0x0000000704400000, 0x0000000704400000, 0x0000000704600000|  0%| F|  |TAMS 0x0000000704400000| PB 0x0000000704400000| Untracked |  0
|   1|0x0000000704600000, 0x0000000704600000, 0x0000000704800000|  0%| F|  |TAMS 0x0000000704600000| PB 0x0000000704600000| Untracked |  0
|   2|0x0000000704800000, 0x0000000704800000, 0x0000000704a00000|  0%| F|  |TAMS 0x0000000704800000| PB 0x0000000704800000| Untracked |  0
|   3|0x0000000704a00000, 0x0000000704a00000, 0x0000000704c00000|  0%| F|  |TAMS 0x0000000704a00000| PB 0x0000000704a00000| Untracked |  0
|   4|0x0000000704c00000, 0x0000000704c00000, 0x0000000704e00000|  0%| F|  |TAMS 0x0000000704c00000| PB 0x0000000704c00000| Untracked |  0
|   5|0x0000000704e00000, 0x0000000704e00000, 0x0000000705000000|  0%| F|  |TAMS 0x0000000704e00000| PB 0x0000000704e00000| Untracked |  0
|   6|0x0000000705000000, 0x0000000705000000, 0x0000000705200000|  0%| F|  |TAMS 0x0000000705000000| PB 0x0000000705000000| Untracked |  0
|   7|0x0000000705200000, 0x0000000705200000, 0x0000000705400000|  0%| F|  |TAMS 0x0000000705200000| PB 0x0000000705200000| Untracked |  0
|   8|0x0000000705400000, 0x0000000705400000, 0x0000000705600000|  0%| F|  |TAMS 0x0000000705400000| PB 0x0000000705400000| Untracked |  0
|   9|0x0000000705600000, 0x0000000705600000, 0x0000000705800000|  0%| F|  |TAMS 0x0000000705600000| PB 0x0000000705600000| Untracked |  0
|  10|0x0000000705800000, 0x0000000705800000, 0x0000000705a00000|  0%| F|  |TAMS 0x0000000705800000| PB 0x0000000705800000| Untracked |  0
|  11|0x0000000705a00000, 0x0000000705a00000, 0x0000000705c00000|  0%| F|  |TAMS 0x0000000705a00000| PB 0x0000000705a00000| Untracked |  0
|  12|0x0000000705c00000, 0x0000000705c00000, 0x0000000705e00000|  0%| F|  |TAMS 0x0000000705c00000| PB 0x0000000705c00000| Untracked |  0
|  13|0x0000000705e00000, 0x0000000705e00000, 0x0000000706000000|  0%| F|  |TAMS 0x0000000705e00000| PB 0x0000000705e00000| Untracked |  0
|  14|0x0000000706000000, 0x0000000706000000, 0x0000000706200000|  0%| F|  |TAMS 0x0000000706000000| PB 0x0000000706000000| Untracked |  0
|  15|0x0000000706200000, 0x0000000706200000, 0x0000000706400000|  0%| F|  |TAMS 0x0000000706200000| PB 0x0000000706200000| Untracked |  0
|  16|0x0000000706400000, 0x0000000706400000, 0x0000000706600000|  0%| F|  |TAMS 0x0000000706400000| PB 0x0000000706400000| Untracked |  0
|  17|0x0000000706600000, 0x0000000706600000, 0x0000000706800000|  0%| F|  |TAMS 0x0000000706600000| PB 0x0000000706600000| Untracked |  0
|  18|0x0000000706800000, 0x0000000706800000, 0x0000000706a00000|  0%| F|  |TAMS 0x0000000706800000| PB 0x0000000706800000| Untracked |  0
|  19|0x0000000706a00000, 0x0000000706a00000, 0x0000000706c00000|  0%| F|  |TAMS 0x0000000706a00000| PB 0x0000000706a00000| Untracked |  0
|  20|0x0000000706c00000, 0x0000000706c00000, 0x0000000706e00000|  0%| F|  |TAMS 0x0000000706c00000| PB 0x0000000706c00000| Untracked |  0
|  21|0x0000000706e00000, 0x0000000706e00000, 0x0000000707000000|  0%| F|  |TAMS 0x0000000706e00000| PB 0x0000000706e00000| Untracked |  0
|  22|0x0000000707000000, 0x0000000707000000, 0x0000000707200000|  0%| F|  |TAMS 0x0000000707000000| PB 0x0000000707000000| Untracked |  0
|  23|0x0000000707200000, 0x0000000707200000, 0x0000000707400000|  0%| F|  |TAMS 0x0000000707200000| PB 0x0000000707200000| Untracked |  0
|  24|0x0000000707400000, 0x0000000707400000, 0x0000000707600000|  0%| F|  |TAMS 0x0000000707400000| PB 0x0000000707400000| Untracked |  0
|  25|0x0000000707600000, 0x0000000707600000, 0x0000000707800000|  0%| F|  |TAMS 0x0000000707600000| PB 0x0000000707600000| Untracked |  0
|  26|0x0000000707800000, 0x0000000707800000, 0x0000000707a00000|  0%| F|  |TAMS 0x0000000707800000| PB 0x0000000707800000| Untracked |  0
|  27|0x0000000707a00000, 0x0000000707a00000, 0x0000000707c00000|  0%| F|  |TAMS 0x0000000707a00000| PB 0x0000000707a00000| Untracked |  0
|  28|0x0000000707c00000, 0x0000000707c00000, 0x0000000707e00000|  0%| F|  |TAMS 0x0000000707c00000| PB 0x0000000707c00000| Untracked |  0
|  29|0x0000000707e00000, 0x0000000707e00000, 0x0000000708000000|  0%| F|  |TAMS 0x0000000707e00000| PB 0x0000000707e00000| Untracked |  0
|  30|0x0000000708000000, 0x0000000708000000, 0x0000000708200000|  0%| F|  |TAMS 0x0000000708000000| PB 0x0000000708000000| Untracked |  0
|  31|0x0000000708200000, 0x0000000708200000, 0x0000000708400000|  0%| F|  |TAMS 0x0000000708200000| PB 0x0000000708200000| Untracked |  0
|  32|0x0000000708400000, 0x0000000708400000, 0x0000000708600000|  0%| F|  |TAMS 0x0000000708400000| PB 0x0000000708400000| Untracked |  0
|  33|0x0000000708600000, 0x0000000708600000, 0x0000000708800000|  0%| F|  |TAMS 0x0000000708600000| PB 0x0000000708600000| Untracked |  0
|  34|0x0000000708800000, 0x0000000708800000, 0x0000000708a00000|  0%| F|  |TAMS 0x0000000708800000| PB 0x0000000708800000| Untracked |  0
|  35|0x0000000708a00000, 0x0000000708a00000, 0x0000000708c00000|  0%| F|  |TAMS 0x0000000708a00000| PB 0x0000000708a00000| Untracked |  0
|  36|0x0000000708c00000, 0x0000000708c00000, 0x0000000708e00000|  0%| F|  |TAMS 0x0000000708c00000| PB 0x0000000708c00000| Untracked |  0
|  37|0x0000000708e00000, 0x0000000708e00000, 0x0000000709000000|  0%| F|  |TAMS 0x0000000708e00000| PB 0x0000000708e00000| Untracked |  0
|  38|0x0000000709000000, 0x0000000709000000, 0x0000000709200000|  0%| F|  |TAMS 0x0000000709000000| PB 0x0000000709000000| Untracked |  0
|  39|0x0000000709200000, 0x0000000709200000, 0x0000000709400000|  0%| F|  |TAMS 0x0000000709200000| PB 0x0000000709200000| Untracked |  0
|  40|0x0000000709400000, 0x0000000709400000, 0x0000000709600000|  0%| F|  |TAMS 0x0000000709400000| PB 0x0000000709400000| Untracked |  0
|  41|0x0000000709600000, 0x0000000709600000, 0x0000000709800000|  0%| F|  |TAMS 0x0000000709600000| PB 0x0000000709600000| Untracked |  0
|  42|0x0000000709800000, 0x0000000709800000, 0x0000000709a00000|  0%| F|  |TAMS 0x0000000709800000| PB 0x0000000709800000| Untracked |  0
|  43|0x0000000709a00000, 0x0000000709a00000, 0x0000000709c00000|  0%| F|  |TAMS 0x0000000709a00000| PB 0x0000000709a00000| Untracked |  0
|  44|0x0000000709c00000, 0x0000000709c00000, 0x0000000709e00000|  0%| F|  |TAMS 0x0000000709c00000| PB 0x0000000709c00000| Untracked |  0
|  45|0x0000000709e00000, 0x0000000709e00000, 0x000000070a000000|  0%| F|  |TAMS 0x0000000709e00000| PB 0x0000000709e00000| Untracked |  0
|  46|0x000000070a000000, 0x000000070a000000, 0x000000070a200000|  0%| F|  |TAMS 0x000000070a000000| PB 0x000000070a000000| Untracked |  0
|  47|0x000000070a200000, 0x000000070a200000, 0x000000070a400000|  0%| F|  |TAMS 0x000000070a200000| PB 0x000000070a200000| Untracked |  0
|  48|0x000000070a400000, 0x000000070a400000, 0x000000070a600000|  0%| F|  |TAMS 0x000000070a400000| PB 0x000000070a400000| Untracked |  0
|  49|0x000000070a600000, 0x000000070a600000, 0x000000070a800000|  0%| F|  |TAMS 0x000000070a600000| PB 0x000000070a600000| Untracked |  0
|  50|0x000000070a800000, 0x000000070a800000, 0x000000070aa00000|  0%| F|  |TAMS 0x000000070a800000| PB 0x000000070a800000| Untracked |  0
|  51|0x000000070aa00000, 0x000000070aa00000, 0x000000070ac00000|  0%| F|  |TAMS 0x000000070aa00000| PB 0x000000070aa00000| Untracked |  0
|  52|0x000000070ac00000, 0x000000070ac00000, 0x000000070ae00000|  0%| F|  |TAMS 0x000000070ac00000| PB 0x000000070ac00000| Untracked |  0
|  53|0x000000070ae00000, 0x000000070ae00000, 0x000000070b000000|  0%| F|  |TAMS 0x000000070ae00000| PB 0x000000070ae00000| Untracked |  0
|  54|0x000000070b000000, 0x000000070b000000, 0x000000070b200000|  0%| F|  |TAMS 0x000000070b000000| PB 0x000000070b000000| Untracked |  0
|  55|0x000000070b200000, 0x000000070b200000, 0x000000070b400000|  0%| F|  |TAMS 0x000000070b200000| PB 0x000000070b200000| Untracked |  0
|  56|0x000000070b400000, 0x000000070b400000, 0x000000070b600000|  0%| F|  |TAMS 0x000000070b400000| PB 0x000000070b400000| Untracked |  0
|  57|0x000000070b600000, 0x000000070b600000, 0x000000070b800000|  0%| F|  |TAMS 0x000000070b600000| PB 0x000000070b600000| Untracked |  0
|  58|0x000000070b800000, 0x000000070b800000, 0x000000070ba00000|  0%| F|  |TAMS 0x000000070b800000| PB 0x000000070b800000| Untracked |  0
|  59|0x000000070ba00000, 0x000000070ba00000, 0x000000070bc00000|  0%| F|  |TAMS 0x000000070ba00000| PB 0x000000070ba00000| Untracked |  0
|  60|0x000000070bc00000, 0x000000070bc00000, 0x000000070be00000|  0%| F|  |TAMS 0x000000070bc00000| PB 0x000000070bc00000| Untracked |  0
|  61|0x000000070be00000, 0x000000070be00000, 0x000000070c000000|  0%| F|  |TAMS 0x000000070be00000| PB 0x000000070be00000| Untracked |  0
|  62|0x000000070c000000, 0x000000070c000000, 0x000000070c200000|  0%| F|  |TAMS 0x000000070c000000| PB 0x000000070c000000| Untracked |  0
|  63|0x000000070c200000, 0x000000070c200000, 0x000000070c400000|  0%| F|  |TAMS 0x000000070c200000| PB 0x000000070c200000| Untracked |  0
|  64|0x000000070c400000, 0x000000070c400000, 0x000000070c600000|  0%| F|  |TAMS 0x000000070c400000| PB 0x000000070c400000| Untracked |  0
|  65|0x000000070c600000, 0x000000070c600000, 0x000000070c800000|  0%| F|  |TAMS 0x000000070c600000| PB 0x000000070c600000| Untracked |  0
|  66|0x000000070c800000, 0x000000070c800000, 0x000000070ca00000|  0%| F|  |TAMS 0x000000070c800000| PB 0x000000070c800000| Untracked |  0
|  67|0x000000070ca00000, 0x000000070ca00000, 0x000000070cc00000|  0%| F|  |TAMS 0x000000070ca00000| PB 0x000000070ca00000| Untracked |  0
|  68|0x000000070cc00000, 0x000000070cc00000, 0x000000070ce00000|  0%| F|  |TAMS 0x000000070cc00000| PB 0x000000070cc00000| Untracked |  0
|  69|0x000000070ce00000, 0x000000070ce00000, 0x000000070d000000|  0%| F|  |TAMS 0x000000070ce00000| PB 0x000000070ce00000| Untracked |  0
|  70|0x000000070d000000, 0x000000070d000000, 0x000000070d200000|  0%| F|  |TAMS 0x000000070d000000| PB 0x000000070d000000| Untracked |  0
|  71|0x000000070d200000, 0x000000070d200000, 0x000000070d400000|  0%| F|  |TAMS 0x000000070d200000| PB 0x000000070d200000| Untracked |  0
|  72|0x000000070d400000, 0x000000070d400000, 0x000000070d600000|  0%| F|  |TAMS 0x000000070d400000| PB 0x000000070d400000| Untracked |  0
|  73|0x000000070d600000, 0x000000070d600000, 0x000000070d800000|  0%| F|  |TAMS 0x000000070d600000| PB 0x000000070d600000| Untracked |  0
|  74|0x000000070d800000, 0x000000070d800000, 0x000000070da00000|  0%| F|  |TAMS 0x000000070d800000| PB 0x000000070d800000| Untracked |  0
|  75|0x000000070da00000, 0x000000070da00000, 0x000000070dc00000|  0%| F|  |TAMS 0x000000070da00000| PB 0x000000070da00000| Untracked |  0
|  76|0x000000070dc00000, 0x000000070dc00000, 0x000000070de00000|  0%| F|  |TAMS 0x000000070dc00000| PB 0x000000070dc00000| Untracked |  0
|  77|0x000000070de00000, 0x000000070de00000, 0x000000070e000000|  0%| F|  |TAMS 0x000000070de00000| PB 0x000000070de00000| Untracked |  0
|  78|0x000000070e000000, 0x000000070e000000, 0x000000070e200000|  0%| F|  |TAMS 0x000000070e000000| PB 0x000000070e000000| Untracked |  0
|  79|0x000000070e200000, 0x000000070e200000, 0x000000070e400000|  0%| F|  |TAMS 0x000000070e200000| PB 0x000000070e200000| Untracked |  0
|  80|0x000000070e400000, 0x000000070e400000, 0x000000070e600000|  0%| F|  |TAMS 0x000000070e400000| PB 0x000000070e400000| Untracked |  0
|  81|0x000000070e600000, 0x000000070e600000, 0x000000070e800000|  0%| F|  |TAMS 0x000000070e600000| PB 0x000000070e600000| Untracked |  0
|  82|0x000000070e800000, 0x000000070e800000, 0x000000070ea00000|  0%| F|  |TAMS 0x000000070e800000| PB 0x000000070e800000| Untracked |  0
|  83|0x000000070ea00000, 0x000000070ea00000, 0x000000070ec00000|  0%| F|  |TAMS 0x000000070ea00000| PB 0x000000070ea00000| Untracked |  0
|  84|0x000000070ec00000, 0x000000070ec00000, 0x000000070ee00000|  0%| F|  |TAMS 0x000000070ec00000| PB 0x000000070ec00000| Untracked |  0
|  85|0x000000070ee00000, 0x000000070ee00000, 0x000000070f000000|  0%| F|  |TAMS 0x000000070ee00000| PB 0x000000070ee00000| Untracked |  0
|  86|0x000000070f000000, 0x000000070f000000, 0x000000070f200000|  0%| F|  |TAMS 0x000000070f000000| PB 0x000000070f000000| Untracked |  0
|  87|0x000000070f200000, 0x000000070f200000, 0x000000070f400000|  0%| F|  |TAMS 0x000000070f200000| PB 0x000000070f200000| Untracked |  0
|  88|0x000000070f400000, 0x000000070f400000, 0x000000070f600000|  0%| F|  |TAMS 0x000000070f400000| PB 0x000000070f400000| Untracked |  0
|  89|0x000000070f600000, 0x000000070f600000, 0x000000070f800000|  0%| F|  |TAMS 0x000000070f600000| PB 0x000000070f600000| Untracked |  0
|  90|0x000000070f800000, 0x000000070f800000, 0x000000070fa00000|  0%| F|  |TAMS 0x000000070f800000| PB 0x000000070f800000| Untracked |  0
|  91|0x000000070fa00000, 0x000000070fa00000, 0x000000070fc00000|  0%| F|  |TAMS 0x000000070fa00000| PB 0x000000070fa00000| Untracked |  0
|  92|0x000000070fc00000, 0x000000070fc00000, 0x000000070fe00000|  0%| F|  |TAMS 0x000000070fc00000| PB 0x000000070fc00000| Untracked |  0
|  93|0x000000070fe00000, 0x000000070fe00000, 0x0000000710000000|  0%| F|  |TAMS 0x000000070fe00000| PB 0x000000070fe00000| Untracked |  0
|  94|0x0000000710000000, 0x0000000710000000, 0x0000000710200000|  0%| F|  |TAMS 0x0000000710000000| PB 0x0000000710000000| Untracked |  0
|  95|0x0000000710200000, 0x0000000710200000, 0x0000000710400000|  0%| F|  |TAMS 0x0000000710200000| PB 0x0000000710200000| Untracked |  0
|  96|0x0000000710400000, 0x0000000710400000, 0x0000000710600000|  0%| F|  |TAMS 0x0000000710400000| PB 0x0000000710400000| Untracked |  0
|  97|0x0000000710600000, 0x0000000710600000, 0x0000000710800000|  0%| F|  |TAMS 0x0000000710600000| PB 0x0000000710600000| Untracked |  0
|  98|0x0000000710800000, 0x0000000710800000, 0x0000000710a00000|  0%| F|  |TAMS 0x0000000710800000| PB 0x0000000710800000| Untracked |  0
|  99|0x0000000710a00000, 0x0000000710a00000, 0x0000000710c00000|  0%| F|  |TAMS 0x0000000710a00000| PB 0x0000000710a00000| Untracked |  0
| 100|0x0000000710c00000, 0x0000000710c00000, 0x0000000710e00000|  0%| F|  |TAMS 0x0000000710c00000| PB 0x0000000710c00000| Untracked |  0
| 101|0x0000000710e00000, 0x0000000710e00000, 0x0000000711000000|  0%| F|  |TAMS 0x0000000710e00000| PB 0x0000000710e00000| Untracked |  0
| 102|0x0000000711000000, 0x0000000711000000, 0x0000000711200000|  0%| F|  |TAMS 0x0000000711000000| PB 0x0000000711000000| Untracked |  0
| 103|0x0000000711200000, 0x0000000711200000, 0x0000000711400000|  0%| F|  |TAMS 0x0000000711200000| PB 0x0000000711200000| Untracked |  0
| 104|0x0000000711400000, 0x0000000711400000, 0x0000000711600000|  0%| F|  |TAMS 0x0000000711400000| PB 0x0000000711400000| Untracked |  0
| 105|0x0000000711600000, 0x0000000711600000, 0x0000000711800000|  0%| F|  |TAMS 0x0000000711600000| PB 0x0000000711600000| Untracked |  0
| 106|0x0000000711800000, 0x0000000711800000, 0x0000000711a00000|  0%| F|  |TAMS 0x0000000711800000| PB 0x0000000711800000| Untracked |  0
| 107|0x0000000711a00000, 0x0000000711a00000, 0x0000000711c00000|  0%| F|  |TAMS 0x0000000711a00000| PB 0x0000000711a00000| Untracked |  0
| 108|0x0000000711c00000, 0x0000000711c00000, 0x0000000711e00000|  0%| F|  |TAMS 0x0000000711c00000| PB 0x0000000711c00000| Untracked |  0
| 109|0x0000000711e00000, 0x0000000711e00000, 0x0000000712000000|  0%| F|  |TAMS 0x0000000711e00000| PB 0x0000000711e00000| Untracked |  0
| 110|0x0000000712000000, 0x0000000712000000, 0x0000000712200000|  0%| F|  |TAMS 0x0000000712000000| PB 0x0000000712000000| Untracked |  0
| 111|0x0000000712200000, 0x0000000712200000, 0x0000000712400000|  0%| F|  |TAMS 0x0000000712200000| PB 0x0000000712200000| Untracked |  0
| 112|0x0000000712400000, 0x0000000712400000, 0x0000000712600000|  0%| F|  |TAMS 0x0000000712400000| PB 0x0000000712400000| Untracked |  0
| 113|0x0000000712600000, 0x0000000712600000, 0x0000000712800000|  0%| F|  |TAMS 0x0000000712600000| PB 0x0000000712600000| Untracked |  0
| 114|0x0000000712800000, 0x0000000712800000, 0x0000000712a00000|  0%| F|  |TAMS 0x0000000712800000| PB 0x0000000712800000| Untracked |  0
| 115|0x0000000712a00000, 0x0000000712a00000, 0x0000000712c00000|  0%| F|  |TAMS 0x0000000712a00000| PB 0x0000000712a00000| Untracked |  0
| 116|0x0000000712c00000, 0x0000000712c00000, 0x0000000712e00000|  0%| F|  |TAMS 0x0000000712c00000| PB 0x0000000712c00000| Untracked |  0
| 117|0x0000000712e00000, 0x0000000712e00000, 0x0000000713000000|  0%| F|  |TAMS 0x0000000712e00000| PB 0x0000000712e00000| Untracked |  0
| 118|0x0000000713000000, 0x0000000713000000, 0x0000000713200000|  0%| F|  |TAMS 0x0000000713000000| PB 0x0000000713000000| Untracked |  0
| 119|0x0000000713200000, 0x0000000713200000, 0x0000000713400000|  0%| F|  |TAMS 0x0000000713200000| PB 0x0000000713200000| Untracked |  0
| 120|0x0000000713400000, 0x0000000713400000, 0x0000000713600000|  0%| F|  |TAMS 0x0000000713400000| PB 0x0000000713400000| Untracked |  0
| 121|0x0000000713600000, 0x00000007136f5cb8, 0x0000000713800000| 48%| E|  |TAMS 0x0000000713600000| PB 0x0000000713600000| Complete |  0
| 122|0x0000000713800000, 0x0000000713a00000, 0x0000000713a00000|100%| E|CS|TAMS 0x0000000713800000| PB 0x0000000713800000| Complete |  0
| 123|0x0000000713a00000, 0x0000000713c00000, 0x0000000713c00000|100%| E|CS|TAMS 0x0000000713a00000| PB 0x0000000713a00000| Complete |  0
| 124|0x0000000713c00000, 0x0000000713e00000, 0x0000000713e00000|100%| E|CS|TAMS 0x0000000713c00000| PB 0x0000000713c00000| Complete |  0
| 125|0x0000000713e00000, 0x0000000714000000, 0x0000000714000000|100%| E|CS|TAMS 0x0000000713e00000| PB 0x0000000713e00000| Complete |  0
|2013|0x00000007ffe00000, 0x00000007fff24ea8, 0x0000000800000000| 57%| O|  |TAMS 0x00000007ffe00000| PB 0x00000007ffe00000| Untracked |  0

Card table byte_map: [0x0000019db8f10000,0x0000019db96f0000] _byte_map_base: 0x0000019db56ee000

Marking Bits: (CMBitMap*) 0x0000019d9e6f7c80
 Bits: [0x0000019db96f0000, 0x0000019dbd5e0000)

Polling page: 0x0000019d9e760000

Metaspace:
Metaspace        used 2120K, committed 2304K, reserved 1114112K
 class space     used 158K, committed 256K, reserved 1048576K

Usage:
  Non-class:      1.92 MB used.
      Class:    158.62 KB used.
       Both:      2.07 MB used.

Virtual space:
  Non-class space:       64.00 MB reserved,       2.00 MB (  3%) committed,  1 nodes.
      Class space:        1.00 GB reserved,     256.00 KB ( <1%) committed,  1 nodes.
             Both:        1.06 GB reserved,       2.25 MB ( <1%) committed. 

Chunk freelists:
   Non-Class:  11.11 MB
       Class:  15.66 MB
        Both:  26.77 MB

MaxMetaspaceSize: unlimited
CompressedClassSpaceSize: 1.00 GB
Initial GC threshold: 21.00 MB
Current GC threshold: 21.00 MB
CDS: on
 - commit_granule_bytes: 65536.
 - commit_granule_words: 8192.
 - virtual_space_node_default_size: 8388608.
 - enlarge_chunks_in_place: 1.
UseCompressedClassPointers 1, UseCompactObjectHeaders 0
Narrow klass pointer bits 32, Max shift 3
Narrow klass base: 0x0000000019000000, Narrow klass shift: 0
Encoding Range: [0x0000000019000000 - 0x0000000119000000), (4294967296 bytes)
Klass Range:    [0x0000000019010000 - 0x000000005a000000), (1090453504 bytes)
Klass ID Range:  [65536 - 1090519033) (1090453497)
Protection zone: [0x0000000019000000 - 0x0000000019010000), (65536 bytes)


Internal statistics:

num_allocs_failed_limit: 0.
num_arena_births: 30.
num_arena_deaths: 0.
num_vsnodes_births: 2.
num_vsnodes_deaths: 0.
num_space_committed: 36.
num_space_uncommitted: 0.
num_chunks_returned_to_freelist: 0.
num_chunks_taken_from_freelist: 88.
num_chunk_merges: 0.
num_chunk_splits: 55.
num_chunks_enlarged: 39.
num_inconsistent_stats: 0.

CodeHeap 'non-profiled nmethods': size=120064Kb used=167Kb max_used=167Kb free=119896Kb
 bounds [0x0000019db0550000, 0x0000019db07c0000, 0x0000019db7a90000]
CodeHeap 'profiled nmethods': size=120000Kb used=819Kb max_used=819Kb free=119181Kb
 bounds [0x0000019da8a90000, 0x0000019da8d00000, 0x0000019daffc0000]
CodeHeap 'non-nmethods': size=5696Kb used=1289Kb max_used=1295Kb free=4407Kb
 bounds [0x0000019daffc0000, 0x0000019db0230000, 0x0000019db0550000]
CodeCache: size=245760Kb, used=2275Kb, max_used=2281Kb, free=243484Kb
 total_blobs=1068, nmethods=658, adapters=313, full_count=0
Compilation: enabled, stopped_count=0, restarted_count=0

Compilation events (20 events):
Event: 8.360 Thread 0x0000019dc02ab5a0  617       1       java.util.jar.Manifest::getEntries (5 bytes)
Event: 8.360 Thread 0x0000019dc02ab5a0 nmethod 617 0x0000019db0578188 code [0x0000019db0578280, 0x0000019db0578348]
Event: 8.360 Thread 0x0000019dc02ab5a0  618       1       java.util.jar.Manifest::getMainAttributes (5 bytes)
Event: 8.360 Thread 0x0000019dc02ab5a0 nmethod 618 0x0000019db0578488 code [0x0000019db0578580, 0x0000019db0578648]
Event: 8.360 Thread 0x0000019dc02ab5a0  620       1       java.util.zip.ZipEntry::getCrc (5 bytes)
Event: 8.360 Thread 0x0000019dc02ab5a0 nmethod 620 0x0000019db0578788 code [0x0000019db0578880, 0x0000019db0578948]
Event: 8.360 Thread 0x0000019dc02ab5a0  622       3       java.security.CodeSource::getCertificates (95 bytes)
Event: 8.361 Thread 0x0000019dc02ab5a0 nmethod 622 0x0000019da8b4ea08 code [0x0000019da8b4eb00, 0x0000019da8b4f5e0]
Event: 8.368 Thread 0x0000019dc029c340 nmethod 615% 0x0000019db0578a88 code [0x0000019db0578b80, 0x0000019db0579030]
Event: 8.393 Thread 0x0000019dc02ab5a0  625       1       java.lang.invoke.MethodHandle::type (5 bytes)
Event: 8.393 Thread 0x0000019dc02ab5a0 nmethod 625 0x0000019db0579788 code [0x0000019db0579880, 0x0000019db0579948]
Event: 8.393 Thread 0x0000019dc02ab5a0  626       3       java.util.Arrays::copyOf (40 bytes)
Event: 8.394 Thread 0x0000019dc02ab5a0 nmethod 626 0x0000019da8b4f608 code [0x0000019da8b4f700, 0x0000019da8b4fd18]
Event: 8.394 Thread 0x0000019dc02ab5a0  627       3       jdk.internal.classfile.impl.SplitConstantPool::utf8Entry (6 bytes)
Event: 8.394 Thread 0x0000019dc02ab5a0 nmethod 627 0x0000019da8b4fd88 code [0x0000019da8b4fe80, 0x0000019da8b50038]
Event: 8.394 Thread 0x0000019dc02ab5a0  628       3       java.util.regex.Pattern::has (15 bytes)
Event: 8.395 Thread 0x0000019dc02ab5a0 nmethod 628 0x0000019da8b50088 code [0x0000019da8b50180, 0x0000019da8b502d8]
Event: 8.530 Thread 0x0000019dc029c340  629       4       java.lang.StringLatin1::indexOf (121 bytes)
Event: 8.534 Thread 0x0000019dc02ab5a0  630       3       java.io.WinNTFileSystem::getFileForWin32Calls (18 bytes)
Event: 8.534 Thread 0x0000019dc02ab5a0 nmethod 630 0x0000019da8b50388 code [0x0000019da8b50480, 0x0000019da8b50820]

GC Heap Usage History (0 events):
No events

Metaspace Usage History (0 events):
No events

Dll operation events (7 events):
Event: 0.025 Loaded shared library C:\Program Files\Apache NetBeans\jdk\bin\java.dll
Event: 4.189 Loaded shared library C:\Program Files\Apache NetBeans\jdk\bin\net.dll
Event: 4.268 Loaded shared library C:\Program Files\Apache NetBeans\jdk\bin\nio.dll
Event: 4.280 Loaded shared library C:\Program Files\Apache NetBeans\jdk\bin\zip.dll
Event: 5.480 Loaded shared library C:\Program Files\Apache NetBeans\java\maven\lib\jansi-native\Windows\x86_64\jansi.dll
Event: 5.512 Loaded shared library C:\Program Files\Apache NetBeans\jdk\bin\jimage.dll
Event: 5.515 Loaded shared library C:\Program Files\Apache NetBeans\jdk\bin\verify.dll

Deoptimization events (18 events):
Event: 4.965 Thread 0x0000019d9e42fc30 DEOPT PACKING pc=0x0000019da8aa0878 sp=0x0000004fd92fea30
Event: 4.965 Thread 0x0000019d9e42fc30 DEOPT UNPACKING pc=0x0000019db0011702 sp=0x0000004fd92fdea0 mode 0
Event: 5.173 Thread 0x0000019d9e42fc30 Uncommon trap: trap_request=0xffffff45 fr.pc=0x0000019db055dd24 relative=0x0000000000000124
Event: 5.173 Thread 0x0000019d9e42fc30 Uncommon trap: reason=unstable_if action=reinterpret pc=0x0000019db055dd24 method=java.lang.StringCoding.countPositives([BII)I @ 17 c2
Event: 5.173 Thread 0x0000019d9e42fc30 DEOPT PACKING pc=0x0000019db055dd24 sp=0x0000004fd92fa9c0
Event: 5.173 Thread 0x0000019d9e42fc30 DEOPT UNPACKING pc=0x0000019db004df02 sp=0x0000004fd92fa948 mode 2
Event: 5.258 Thread 0x0000019d9e42fc30 Uncommon trap: trap_request=0xffffff45 fr.pc=0x0000019db056245c relative=0x000000000000005c
Event: 5.258 Thread 0x0000019d9e42fc30 Uncommon trap: reason=unstable_if action=reinterpret pc=0x0000019db056245c method=java.io.WinNTFileSystem.isSlash(C)Z @ 9 c2
Event: 5.258 Thread 0x0000019d9e42fc30 DEOPT PACKING pc=0x0000019db056245c sp=0x0000004fd92feb10
Event: 5.258 Thread 0x0000019d9e42fc30 DEOPT UNPACKING pc=0x0000019db004df02 sp=0x0000004fd92fea98 mode 2
Event: 5.599 Thread 0x0000019d9e42fc30 DEOPT PACKING pc=0x0000019da8acd8f8 sp=0x0000004fd92fdf70
Event: 5.599 Thread 0x0000019d9e42fc30 DEOPT UNPACKING pc=0x0000019db0011702 sp=0x0000004fd92fd3f8 mode 0
Event: 8.306 Thread 0x0000019d9e42fc30 DEOPT PACKING pc=0x0000019da8aae919 sp=0x0000004fd92fdd40
Event: 8.306 Thread 0x0000019d9e42fc30 DEOPT UNPACKING pc=0x0000019db0011702 sp=0x0000004fd92fd1b8 mode 0
Event: 8.356 Thread 0x0000019d9e42fc30 Uncommon trap: trap_request=0xffffff66 fr.pc=0x0000019db0577428 relative=0x0000000000000428
Event: 8.356 Thread 0x0000019d9e42fc30 Uncommon trap: reason=loop_limit_check action=maybe_recompile pc=0x0000019db0577428 method=java.lang.StringLatin1.indexOf([BI[BII)I @ 37 c2
Event: 8.356 Thread 0x0000019d9e42fc30 DEOPT PACKING pc=0x0000019db0577428 sp=0x0000004fd92fec20
Event: 8.356 Thread 0x0000019d9e42fc30 DEOPT UNPACKING pc=0x0000019db004df02 sp=0x0000004fd92feb80 mode 2

Classes loaded (20 events):
Event: 6.019 Loading class java/util/LinkedHashMap$LinkedKeySet
Event: 6.020 Loading class java/util/LinkedHashMap$LinkedKeySet done
Event: 6.020 Loading class java/util/LinkedHashMap$LinkedKeyIterator
Event: 6.020 Loading class java/util/LinkedHashMap$LinkedKeyIterator done
Event: 6.038 Loading class jdk/internal/loader/URLClassPath$FileLoader$1
Event: 6.038 Loading class jdk/internal/loader/URLClassPath$FileLoader$1 done
Event: 6.150 Loading class java/lang/InstantiationException
Event: 8.301 Loading class java/lang/InstantiationException done
Event: 8.348 Loading class java/util/StringTokenizer
Event: 8.349 Loading class java/util/StringTokenizer done
Event: 8.361 Loading class java/io/StringReader
Event: 8.372 Loading class java/io/StringReader done
Event: 8.374 Loading class java/util/regex/Pattern$BnM
Event: 8.388 Loading class java/util/regex/Pattern$BnM done
Event: 8.388 Loading class java/util/regex/Pattern$SliceS
Event: 8.393 Loading class java/util/regex/Pattern$SliceS done
Event: 8.395 Loading class java/text/MessageFormat
Event: 8.416 Loading class java/text/MessageFormat done
Event: 8.417 Loading class java/io/Reader$2
Event: 8.527 Loading class java/io/Reader$2 done

Classes unloaded (0 events):
No events

Classes redefined (0 events):
No events

Internal exceptions (20 events):
Event: 5.377 Thread 0x0000019d9e42fc30 Exception <a 'java/lang/NoSuchMethodError'{0x0000000713b38bc0}: 'java.lang.Object java.lang.invoke.DirectMethodHandle$Holder.invokeStaticInit(java.lang.Object)'> (0x0000000713b38bc0) 
thrown [s\src\hotspot\share\interpreter\linkResolver.cpp, line 804]
Event: 5.396 Thread 0x0000019d9e42fc30 Exception <a 'java/lang/NullPointerException'{0x0000000713b6b0f8}> (0x0000000713b6b0f8) 
thrown [s\src\hotspot\share\interpreter\linkResolver.cpp, line 1416]
Event: 5.488 Thread 0x0000019d9e42fc30 Exception <a 'java/lang/NullPointerException'{0x0000000713b89c28}> (0x0000000713b89c28) 
thrown [s\src\hotspot\share\interpreter\linkResolver.cpp, line 1416]
Event: 5.488 Thread 0x0000019d9e42fc30 Exception <a 'java/lang/NullPointerException'{0x0000000713b89f08}> (0x0000000713b89f08) 
thrown [s\src\hotspot\share\interpreter\linkResolver.cpp, line 1416]
Event: 5.488 Thread 0x0000019d9e42fc30 Exception <a 'java/lang/NullPointerException'{0x0000000713b8a1e8}> (0x0000000713b8a1e8) 
thrown [s\src\hotspot\share\interpreter\linkResolver.cpp, line 1416]
Event: 5.491 Thread 0x0000019d9e42fc30 Exception <a 'java/lang/NullPointerException'{0x0000000713b8eb40}> (0x0000000713b8eb40) 
thrown [s\src\hotspot\share\interpreter\linkResolver.cpp, line 1416]
Event: 5.495 Thread 0x0000019d9e42fc30 Exception <a 'java/lang/NullPointerException'{0x0000000713ba0450}> (0x0000000713ba0450) 
thrown [s\src\hotspot\share\interpreter\linkResolver.cpp, line 1416]
Event: 5.495 Thread 0x0000019d9e42fc30 Exception <a 'java/lang/NullPointerException'{0x0000000713ba0730}> (0x0000000713ba0730) 
thrown [s\src\hotspot\share\interpreter\linkResolver.cpp, line 1416]
Event: 5.495 Thread 0x0000019d9e42fc30 Exception <a 'java/lang/NullPointerException'{0x0000000713ba0a10}> (0x0000000713ba0a10) 
thrown [s\src\hotspot\share\interpreter\linkResolver.cpp, line 1416]
Event: 5.495 Thread 0x0000019d9e42fc30 Exception <a 'java/lang/NullPointerException'{0x0000000713ba0cf0}> (0x0000000713ba0cf0) 
thrown [s\src\hotspot\share\interpreter\linkResolver.cpp, line 1416]
Event: 5.511 Thread 0x0000019d9e42fc30 Exception <a 'sun/nio/fs/WindowsException'{0x0000000713bc3dd8}> (0x0000000713bc3dd8) 
thrown [s\src\hotspot\share\prims\jni.cpp, line 516]
Event: 5.511 Thread 0x0000019d9e42fc30 Exception <a 'sun/nio/fs/WindowsException'{0x0000000713bc4468}> (0x0000000713bc4468) 
thrown [s\src\hotspot\share\prims\jni.cpp, line 516]
Event: 5.512 Thread 0x0000019d9e42fc30 Exception <a 'sun/nio/fs/WindowsException'{0x0000000713bc4a88}> (0x0000000713bc4a88) 
thrown [s\src\hotspot\share\prims\jni.cpp, line 516]
Event: 5.512 Thread 0x0000019d9e42fc30 Exception <a 'sun/nio/fs/WindowsException'{0x0000000713bc4ff0}> (0x0000000713bc4ff0) 
thrown [s\src\hotspot\share\prims\jni.cpp, line 516]
Event: 5.512 Thread 0x0000019d9e42fc30 Exception <a 'sun/nio/fs/WindowsException'{0x0000000713bc5530}> (0x0000000713bc5530) 
thrown [s\src\hotspot\share\prims\jni.cpp, line 516]
Event: 5.512 Thread 0x0000019d9e42fc30 Exception <a 'sun/nio/fs/WindowsException'{0x0000000713bc5a20}> (0x0000000713bc5a20) 
thrown [s\src\hotspot\share\prims\jni.cpp, line 516]
Event: 5.513 Thread 0x0000019d9e42fc30 Exception <a 'sun/nio/fs/WindowsException'{0x0000000713bc5ec8}> (0x0000000713bc5ec8) 
thrown [s\src\hotspot\share\prims\jni.cpp, line 516]
Event: 5.601 Thread 0x0000019d9e42fc30 Exception <a 'java/lang/NoSuchMethodError'{0x0000000713908a50}: 'void java.lang.invoke.DirectMethodHandle$Holder.invokeStatic(java.lang.Object, java.lang.Object)'> (0x0000000713908a50) 
thrown [s\src\hotspot\share\interpreter\linkResolver.cpp, line 804]
Event: 5.602 Thread 0x0000019d9e42fc30 Exception <a 'java/lang/NoSuchMethodError'{0x00000007139107f8}: 'void java.lang.invoke.DirectMethodHandle$Holder.invokeStaticInit(java.lang.Object, java.lang.Object)'> (0x00000007139107f8) 
thrown [s\src\hotspot\share\interpreter\linkResolver.cpp, line 804]
Event: 5.702 Thread 0x0000019d9e42fc30 Exception <a 'java/lang/NoSuchMethodError'{0x0000000713958e08}: 'void java.lang.invoke.DirectMethodHandle$Holder.invokeStatic(java.lang.Object, java.lang.Object, java.lang.Object)'> (0x0000000713958e08) 
thrown [s\src\hotspot\share\interpreter\linkResolver.cpp, line 804]

VM Operations (6 events):
Event: 4.282 Executing non-safepoint VM operation: HandshakeAllThreads (Deoptimize)
Event: 4.282 Executing non-safepoint VM operation: HandshakeAllThreads (Deoptimize) done
Event: 5.393 Executing non-safepoint VM operation: HandshakeAllThreads (Deoptimize)
Event: 5.393 Executing non-safepoint VM operation: HandshakeAllThreads (Deoptimize) done
Event: 5.536 Executing non-safepoint VM operation: HandshakeAllThreads (Deoptimize)
Event: 5.536 Executing non-safepoint VM operation: HandshakeAllThreads (Deoptimize) done

Memory protections (0 events):
No events

Nmethod flushes (0 events):
No events

Events (13 events):
Event: 2.953 Thread 0x0000019d9e42fc30 Thread added: 0x0000019d9e42fc30
Event: 3.210 Thread 0x0000019d9e42fc30 Thread added: 0x0000019dc0294d50
Event: 3.210 Thread 0x0000019d9e42fc30 Thread added: 0x0000019dc0296480
Event: 3.211 Thread 0x0000019d9e42fc30 Thread added: 0x0000019dc0297fb0
Event: 3.211 Thread 0x0000019d9e42fc30 Thread added: 0x0000019dc0299cd0
Event: 3.212 Thread 0x0000019d9e42fc30 Thread added: 0x0000019dc029a890
Event: 3.212 Thread 0x0000019d9e42fc30 Thread added: 0x0000019dc029b450
Event: 3.212 Thread 0x0000019d9e42fc30 Thread added: 0x0000019dc029c340
Event: 3.283 Thread 0x0000019d9e42fc30 Thread added: 0x0000019dc02ab5a0
Event: 3.857 Thread 0x0000019d9e42fc30 Thread added: 0x0000019dc03ee1d0
Event: 4.081 Thread 0x0000019d9e42fc30 Thread added: 0x0000019dc04019b0
Event: 5.403 Thread 0x0000019d9e42fc30 Thread added: 0x0000019dc0678d70
Event: 6.036 Thread 0x0000019dc0678d70 Thread exited: 0x0000019dc0678d70


Dynamic libraries:
0x00007ff62a220000 - 0x00007ff62a22e000 	C:\Program Files\Apache NetBeans\jdk\bin\java.exe
0x00007ff82ac40000 - 0x00007ff82aea7000 	C:\WINDOWS\SYSTEM32\ntdll.dll
0x00007ff829220000 - 0x00007ff8292e9000 	C:\WINDOWS\System32\KERNEL32.DLL
0x00007ff8279d0000 - 0x00007ff827dc1000 	C:\WINDOWS\System32\KERNELBASE.dll
0x00007ff827880000 - 0x00007ff8279cb000 	C:\WINDOWS\System32\ucrtbase.dll
0x00007ffff0a40000 - 0x00007ffff0a56000 	C:\Program Files\Apache NetBeans\jdk\bin\jli.dll
0x00007ff8292f0000 - 0x00007ff8294b5000 	C:\WINDOWS\System32\USER32.dll
0x00007ff8275d0000 - 0x00007ff8275f7000 	C:\WINDOWS\System32\win32u.dll
0x00007ff828e50000 - 0x00007ff828e7b000 	C:\WINDOWS\System32\GDI32.dll
0x00007ff827750000 - 0x00007ff82787b000 	C:\WINDOWS\System32\gdi32full.dll
0x00007ff827520000 - 0x00007ff8275c3000 	C:\WINDOWS\System32\msvcp_win.dll
0x00007ffffbb30000 - 0x00007ffffbb4e000 	C:\Program Files\Apache NetBeans\jdk\bin\VCRUNTIME140.dll
0x00007ff807d10000 - 0x00007ff807fa3000 	C:\WINDOWS\WinSxS\amd64_microsoft.windows.common-controls_6595b64144ccf1df_6.0.26100.8037_none_3e092faae333b53b\COMCTL32.dll
0x00007ff8295a0000 - 0x00007ff829649000 	C:\WINDOWS\System32\msvcrt.dll
0x00007ff829dc0000 - 0x00007ff829df1000 	C:\WINDOWS\System32\IMM32.DLL
0x00007ff813db0000 - 0x00007ff813dbc000 	C:\Program Files\Apache NetBeans\jdk\bin\vcruntime140_1.dll
0x00007ffff0950000 - 0x00007ffff09dd000 	C:\Program Files\Apache NetBeans\jdk\bin\msvcp140.dll
0x00007fff64e70000 - 0x00007fff65d96000 	C:\Program Files\Apache NetBeans\jdk\bin\server\jvm.dll
0x00007ff828be0000 - 0x00007ff828c9b000 	C:\WINDOWS\System32\ADVAPI32.dll
0x00007ff82ab50000 - 0x00007ff82abf7000 	C:\WINDOWS\System32\sechost.dll
0x00007ff82a850000 - 0x00007ff82a968000 	C:\WINDOWS\System32\RPCRT4.dll
0x00007ff82aad0000 - 0x00007ff82ab44000 	C:\WINDOWS\System32\WS2_32.dll
0x00007ff827380000 - 0x00007ff8273de000 	C:\WINDOWS\SYSTEM32\POWRPROF.dll
0x00007ff81c420000 - 0x00007ff81c455000 	C:\WINDOWS\SYSTEM32\WINMM.dll
0x00007ff815370000 - 0x00007ff81537b000 	C:\WINDOWS\SYSTEM32\VERSION.dll
0x00007ff827360000 - 0x00007ff827374000 	C:\WINDOWS\SYSTEM32\UMPDC.dll
0x00007ff826280000 - 0x00007ff82629b000 	C:\WINDOWS\SYSTEM32\kernel.appcore.dll
0x00007ff813b90000 - 0x00007ff813b9a000 	C:\Program Files\Apache NetBeans\jdk\bin\jimage.dll
0x00007ff8252f0000 - 0x00007ff825532000 	C:\WINDOWS\SYSTEM32\DBGHELP.DLL
0x00007ff828e80000 - 0x00007ff829202000 	C:\WINDOWS\System32\combase.dll
0x00007ff8294c0000 - 0x00007ff829597000 	C:\WINDOWS\System32\OLEAUT32.dll
0x00007ff803230000 - 0x00007ff80326b000 	C:\WINDOWS\SYSTEM32\dbgcore.DLL
0x00007ff828930000 - 0x00007ff8289d5000 	C:\WINDOWS\System32\bcryptPrimitives.dll
0x00007ffffbaf0000 - 0x00007ffffbb0e000 	C:\Program Files\Apache NetBeans\jdk\bin\java.dll
0x00007ff828ca0000 - 0x00007ff828e35000 	C:\WINDOWS\System32\ole32.dll
0x00007ff829650000 - 0x00007ff829daf000 	C:\WINDOWS\System32\SHELL32.dll
0x00007ff8287c0000 - 0x00007ff82892a000 	C:\WINDOWS\System32\wintypes.dll
0x00007ff827dd0000 - 0x00007ff828634000 	C:\WINDOWS\System32\windows.storage.dll
0x00007ff82a980000 - 0x00007ff82aa77000 	C:\WINDOWS\System32\SHCORE.dll
0x00007ff828b70000 - 0x00007ff828bd7000 	C:\WINDOWS\System32\shlwapi.dll
0x00007ff827440000 - 0x00007ff827469000 	C:\WINDOWS\SYSTEM32\profapi.dll
0x00007ffff0a00000 - 0x00007ffff0a11000 	C:\Program Files\Apache NetBeans\jdk\bin\net.dll
0x00007ff826800000 - 0x00007ff82686b000 	C:\WINDOWS\system32\mswsock.dll
0x00007ffff09e0000 - 0x00007ffff09f6000 	C:\Program Files\Apache NetBeans\jdk\bin\nio.dll
0x00007ffff0a20000 - 0x00007ffff0a37000 	C:\Program Files\Apache NetBeans\jdk\bin\zip.dll
0x00007ffff99a0000 - 0x00007ffff99c4000 	C:\Program Files\Apache NetBeans\java\maven\lib\jansi-native\Windows\x86_64\jansi.dll
0x00007ff8133f0000 - 0x00007ff813400000 	C:\Program Files\Apache NetBeans\jdk\bin\verify.dll

JVMTI agents: none

dbghelp: loaded successfully - version: 4.0.5 - missing functions: none
symbol engine: initialized successfully - sym options: 0x614 - pdb path: .;C:\Program Files\Apache NetBeans\jdk\bin;C:\WINDOWS\SYSTEM32;C:\WINDOWS\WinSxS\amd64_microsoft.windows.common-controls_6595b64144ccf1df_6.0.26100.8037_none_3e092faae333b53b;C:\Program Files\Apache NetBeans\jdk\bin\server;C:\Program Files\Apache NetBeans\java\maven\lib\jansi-native\Windows\x86_64

VM Arguments:
jvm_args: --enable-native-access=ALL-UNNAMED -Dclassworlds.conf=C:\Program Files\Apache NetBeans\java\maven\bin\m2.conf -Dmaven.home=C:\Program Files\Apache NetBeans\java\maven -Dlibrary.jansi.path=C:\Program Files\Apache NetBeans\java\maven\lib\jansi-native -Dmaven.multiModuleProjectDirectory=C:\Users\agamg\Documents\NetBeansProjects\TareaProgra\TareaProgramacion2 
java_command: org.codehaus.plexus.classworlds.launcher.Launcher -Dexec.vmArgs= -Dexec.appArgs= -Dmaven.ext.class.path=C:\Program Files\Apache NetBeans\java\maven-nblib\netbeans-eventspy.jar --no-transfer-progress clean javafx:run
java_class_path (initial): C:\Program Files\Apache NetBeans\java\maven\boot\plexus-classworlds-2.9.0.jar
Launcher Type: SUN_STANDARD

[Global flags]
     intx CICompilerCount                          = 4                                         {product} {ergonomic}
     uint ConcGCThreads                            = 3                                         {product} {ergonomic}
     uint G1ConcRefinementThreads                  = 10                                        {product} {ergonomic}
   size_t G1HeapRegionSize                         = 2097152                                   {product} {ergonomic}
   size_t InitialHeapSize                          = 264241152                                 {product} {ergonomic}
   size_t MarkStackSize                            = 4194304                                   {product} {ergonomic}
   size_t MarkStackSizeMax                         = 536870912                                 {product} {ergonomic}
   size_t MaxHeapSize                              = 4223664128                                {product} {ergonomic}
   size_t MaxNewSize                               = 2533359616                                {product} {ergonomic}
   size_t MinHeapDeltaBytes                        = 2097152                                   {product} {ergonomic}
   size_t MinHeapSize                              = 8388608                                   {product} {ergonomic}
    uintx NonNMethodCodeHeapSize                   = 5832704                                {pd product} {ergonomic}
    uintx NonProfiledCodeHeapSize                  = 122945536                              {pd product} {ergonomic}
    uintx ProfiledCodeHeapSize                     = 122880000                              {pd product} {ergonomic}
    uintx ReservedCodeCacheSize                    = 251658240                              {pd product} {ergonomic}
     bool SegmentedCodeCache                       = true                                      {product} {ergonomic}
   size_t SoftMaxHeapSize                          = 4223664128                             {manageable} {ergonomic}
     bool UseCompressedOops                        = true                           {product lp64_product} {ergonomic}
     bool UseG1GC                                  = true                                      {product} {ergonomic}
     bool UseLargePagesIndividualAllocation        = false                                  {pd product} {ergonomic}

Logging:
Log output configuration:
 #0: stdout all=warning uptime,level,tags foldmultilines=false
 #1: stderr all=off uptime,level,tags foldmultilines=false

Release file:
IMPLEMENTOR="Eclipse Adoptium" 
IMPLEMENTOR_VERSION="Temurin-25.0.1+8" 
JAVA_RUNTIME_VERSION="25.0.1+8-LTS" 
JAVA_VERSION="25.0.1" 
JAVA_VERSION_DATE="2025-10-21" 
LIBC="default" 
MODULES="java.base java.compiler java.datatransfer java.xml java.prefs java.desktop java.instrument java.logging java.management java.security.sasl java.naming java.rmi java.management.rmi java.net.http java.scripting java.security.jgss java.transaction.xa java.sql java.sql.rowset java.xml.crypto java.se java.smartcardio jdk.accessibility jdk.internal.jvmstat jdk.attach jdk.charsets jdk.internal.opt jdk.zipfs jdk.compiler jdk.crypto.cryptoki jdk.crypto.ec jdk.crypto.mscapi jdk.dynalink jdk.internal.ed jdk.editpad jdk.internal.vm.ci jdk.graal.compiler jdk.graal.compiler.management jdk.hotspot.agent jdk.httpserver jdk.incubator.vector jdk.internal.le jdk.internal.md jdk.jartool jdk.javadoc jdk.jcmd jdk.management jdk.management.agent jdk.jconsole jdk.jdeps jdk.jdwp.agent jdk.jdi jdk.jfr jdk.jlink jdk.jpackage jdk.jshell jdk.jsobject jdk.jstatd jdk.localedata jdk.management.jfr jdk.naming.dns jdk.naming.rmi jdk.net jdk.nio.mapmode jdk.sctp jdk.security.auth jdk.security.jgss jdk.unsupported jdk.unsupported.desktop jdk.xml.dom" 
OS_ARCH="x86_64" 
OS_NAME="Windows" 
SOURCE=".:git:61d6a2c1b35e" 
BUILD_SOURCE="git:839fa0b45d809157cffd3dc8515aad262a4a1776"
BUILD_SOURCE_REPO="https://github.com/adoptium/temurin-build.git"
SOURCE_REPO="https://github.com/adoptium/jdk25u.git"
FULL_VERSION="25.0.1+8-LTS"
SEMANTIC_VERSION="25.0.1+8"
BUILD_INFO="OS: Windows Server 2022 Version: 10.0"
JVM_VARIANT="Hotspot"
JVM_VERSION="25.0.1+8-LTS"
IMAGE_TYPE="JDK"

Environment Variables:
JAVA_HOME=C:\Program Files\Apache NetBeans\jdk
PATH=C:\Program Files\Common Files\Oracle\Java\javapath;C:\WINDOWS\system32;C:\WINDOWS;C:\WINDOWS\System32\Wbem;C:\WINDOWS\System32\WindowsPowerShell\v1.0\;C:\WINDOWS\System32\OpenSSH\;C:\Program Files (x86)\Windows Kits\10\Windows Performance Toolkit\;C:\Program Files\dotnet\;C:\Program Files\Docker\Docker\resources\bin;C:\Program Files\Git\cmd;C:\Users\agamg\AppData\Local\Microsoft\WindowsApps;C:\Users\agamg\.dotnet\tools;C:\Users\agamg\AppData\Local\GitHubDesktop\bin
USERNAME=agamg
OS=Windows_NT
PROCESSOR_IDENTIFIER=Intel64 Family 6 Model 154 Stepping 4, GenuineIntel
TMP=C:\Users\agamg\AppData\Local\Temp
TEMP=C:\Users\agamg\AppData\Local\Temp




Compilation memory statistics disabled.

Periodic native trim disabled

---------------  S Y S T E M  ---------------

OS:
 Windows 11 , 64 bit Build 26100 (10.0.26100.7920)
OS uptime: 0 days 4:39 hours
Hyper-V role detected

CPU: total 12 (initial active 12) (6 cores per cpu, 2 threads per core) family 6 model 154 stepping 4 microcode 0x437, cx8, cmov, fxsr, ht, mmx, 3dnowpref, sse, sse2, sse3, ssse3, sse4.1, sse4.2, popcnt, lzcnt, tsc, tscinvbit, avx, avx2, aes, erms, clmul, bmi1, bmi2, adx, sha, fma, vzeroupper, clflush, clflushopt, clwb, hv, serialize, rdtscp, rdpid, fsrm, gfni, f16c, cet_ibt, cet_ss
Processor Information for processor 0
  Max Mhz: 1300, Current Mhz: 1300, Mhz Limit: 1300
Processor Information for processor 1
  Max Mhz: 1300, Current Mhz: 1300, Mhz Limit: 1300
Processor Information for processor 2
  Max Mhz: 1300, Current Mhz: 1300, Mhz Limit: 1300
Processor Information for processor 3
  Max Mhz: 1300, Current Mhz: 1300, Mhz Limit: 1300
Processor Information for processor 4
  Max Mhz: 900, Current Mhz: 900, Mhz Limit: 900
Processor Information for processor 5
  Max Mhz: 900, Current Mhz: 900, Mhz Limit: 900
Processor Information for processor 6
  Max Mhz: 900, Current Mhz: 900, Mhz Limit: 900
Processor Information for processor 7
  Max Mhz: 900, Current Mhz: 900, Mhz Limit: 900
Processor Information for processor 8
  Max Mhz: 900, Current Mhz: 900, Mhz Limit: 900
Processor Information for processor 9
  Max Mhz: 900, Current Mhz: 900, Mhz Limit: 900
Processor Information for processor 10
  Max Mhz: 900, Current Mhz: 900, Mhz Limit: 900
Processor Information for processor 11
  Max Mhz: 900, Current Mhz: 900, Mhz Limit: 900

Memory: 4k page, system-wide physical 16108M (1803M free)
TotalPageFile size 38082M (AvailPageFile size 5M)
current process WorkingSet (physical memory assigned to process): 59M, peak: 59M
current process commit charge ("private bytes"): 354M, peak: 355M

vm_info: OpenJDK 64-Bit Server VM (25.0.1+8-LTS) for windows-amd64 JRE (25.0.1+8-LTS), built on 2025-10-21T00:00:00Z with unknown MS VC++:1942

END.
