#
# A fatal error has been detected by the Java Runtime Environment:
#
#  EXCEPTION_ACCESS_VIOLATION (0xc0000005) at pc=0x00007ff813b91b65, pid=30328, tid=24700
#
# JRE version:  (25.0.1+8) (build )
# Java VM: OpenJDK 64-Bit Server VM (25.0.1+8-LTS, mixed mode, sharing, tiered, compressed class ptrs, unknown gc, windows-amd64)
# Problematic frame:
# C  [jimage.dll+0x1b65]
#
# No core dump will be written. Minidumps are not enabled by default on client versions of Windows
#
#

---------------  S U M M A R Y ------------

Command Line: 

Host: 12th Gen Intel(R) Core(TM) i5-1235U, 12 cores, 15G,  Windows 11 , 64 bit Build 26100 (10.0.26100.7920)
Time: Wed Mar 25 18:17:55 2026 Hora estándar, América Central elapsed time: 0.800497 seconds (0d 0h 0m 0s)

---------------  T H R E A D  ---------------

Current thread is native thread

Stack: [0x00000036f8000000,0x00000036f8100000],  sp=0x00000036f80fd4c0,  free space=1013k
Native frames: (J=compiled Java code, j=interpreted, Vv=VM code, C=native code)
C  [jimage.dll+0x1b65]  (no source info available)
C  [jimage.dll+0x1cef]  (no source info available)
C  [jimage.dll+0x25b9]  (no source info available)
V  [jvm.dll+0x292f42]  (no source info available)
V  [jvm.dll+0x114dfc]  (no source info available)
V  [jvm.dll+0x99f8a8]  (no source info available)
V  [jvm.dll+0x4fa061]  (no source info available)
V  [jvm.dll+0x4fb951]  (no source info available)
C  [jli.dll+0x53fa]  (no source info available)
C  [ucrtbase.dll+0x37b0]  (no source info available)
C  [KERNEL32.DLL+0x2e8d7]  (no source info available)
C  [ntdll.dll+0x8c48c]  (no source info available)


siginfo: EXCEPTION_ACCESS_VIOLATION (0xc0000005), reading address 0x00000000000060ec


Registers:
RAX=0x00000000000007a7, RBX=0x00000036f80fd5b1, RCX=0x00007ff813b96000, RDX=0x0000000000001834
RSP=0x00000036f80fd4c0, RBP=0x00000036f80fd5b0, RSI=0x00000000000076f8, RDI=0x00000036f80fd5b0
R8 =0x00007ff813b94298, R9 =0x000000000000001c, R10=0x00007ffffbb30000, R11=0x00007ff813b96000
R12=0x0000000000000002, R13=0x0000000000000000, R14=0x00000036f80fe620, R15=0x00007fff659c0640
RIP=0x00007ff813b91b65, EFLAGS=0x0000000000010247

XMM[0]=0x0000000000000000 0x0000000000000000
XMM[1]=0x2f6d762f6c616e72 0x65746e692f6b646a
XMM[2]=0x736e6f6974706f2f 0x6d762f6c616e7265
XMM[3]=0x0000000000000000 0x0000000000000000
XMM[4]=0x0000000000000000 0x0000000000000000
XMM[5]=0x0000000000000000 0x0000000000000000
XMM[6]=0x0000000000000000 0x0000000000000000
XMM[7]=0x0000000000000000 0x0000000000000000
XMM[8]=0x0000000000000000 0x0000000000000000
XMM[9]=0x0000000000000000 0x0000000000000000
XMM[10]=0x0000000000000000 0x0000000000000000
XMM[11]=0x0000000000000000 0x0000000000000000
XMM[12]=0x0000000000000000 0x0000000000000000
XMM[13]=0x0000000000000000 0x0000000000000000
XMM[14]=0x0000000000000000 0x0000000000000000
XMM[15]=0x0000000000000000 0x0000000000000000
  MXCSR=0x00001f80


Top of Stack: (sp=0x00000036f80fd4c0)
0x00000036f80fd4c0:   0000000000000000 0000000000000000   ................
0x00000036f80fd4d0:   0000000000000000 0000000000000000   ................
0x00000036f80fd4e0:   00000207013ac470 00007ff813b91cef   p.:.............
0x00000036f80fd4f0:   000000000000000b 00000207013ac470   ........p.:.....
0x00000036f80fd500:   0000000000000000 0000000000000000   ................
0x00000036f80fd510:   0000000000000000 0000000000000000   ................
0x00000036f80fd520:   0000000000000000 0000000000000000   ................
0x00000036f80fd530:   0000003100000000 0000000000000000   ....1...........
0x00000036f80fd540:   0000000000000000 0000000000000000   ................
0x00000036f80fd550:   0000cb3bda01ce51 0000000000000000   Q...;...........
0x00000036f80fd560:   00007fff6599d250 0000000000000017   P..e............
0x00000036f80fd570:   00000207013ac470 00000036f80fe620   p.:..... ...6...
0x00000036f80fd580:   000000000000000b 00007ff813b925b9   .........%......
0x00000036f80fd590:   0000000000000000 0000000000000000   ................
0x00000036f80fd5a0:   00000207013caaf0 0000000000000000   ..<.............
0x00000036f80fd5b0:   61622e6176616a2f 692f6b646a2f6573   /java.base/jdk/i
0x00000036f80fd5c0:   2f6c616e7265746e 6f6974706f2f6d76   nternal/vm/optio
0x00000036f80fd5d0:   000000000000736e 0000000000000000   ns..............
0x00000036f80fd5e0:   0000000000000000 0000000000000000   ................
0x00000036f80fd5f0:   00000207013ca850 0000000000000000   P.<.............
0x00000036f80fd600:   0000000000000000 0000000000000000   ................
0x00000036f80fd610:   0000000000000000 0000000000000000   ................
0x00000036f80fd620:   0000000000000000 0000000000000000   ................
0x00000036f80fd630:   0000000000000000 0000000000000000   ................
0x00000036f80fd640:   0000000000000000 0000000000000000   ................
0x00000036f80fd650:   0000000000000000 0000000000000000   ................
0x00000036f80fd660:   0000000000000000 0000000000000000   ................
0x00000036f80fd670:   0000000000000000 0000000000000000   ................
0x00000036f80fd680:   0000000000000000 0000000000000000   ................
0x00000036f80fd690:   0000020703966540 0000000000000007   @e..............
0x00000036f80fd6a0:   0000000000008210 00000000000081fe   ................
0x00000036f80fd6b0:   0000000000008210 00007ff82ac91544   ........D..*....

Instructions: (pc=0x00007ff813b91b65)
  0x00007ff813b91a65:   48 85 c9 74 1d 80 3d 9f 45 00 00 00 74 06 48 8b
  0x00007ff813b91a75:   53 18 eb 04 48 8b 53 40 e8 92 0e 00 00 48 83 63
  0x00007ff813b91a85:   48 00 8b 4b 0c 83 f9 ff 74 09 e8 c8 0c 00 00 83
  0x00007ff813b91a95:   4b 0c ff 48 8b 4b 70 48 85 c9 74 0f ba 10 00 00
  0x00007ff813b91aa5:   00 e8 e9 0e 00 00 48 83 63 70 00 48 83 c4 20 5b
  0x00007ff813b91ab5:   c3 cc cc 40 53 48 83 ec 20 48 8b d9 48 8d 0d b8
  0x00007ff813b91ac5:   47 00 00 e8 97 0c 00 00 83 6b 08 01 75 24 48 8b
  0x00007ff813b91ad5:   d3 48 8d 0d 3b 45 00 00 e8 0a 08 00 00 48 8b cb
  0x00007ff813b91ae5:   e8 d6 fe ff ff ba 78 00 00 00 48 8b cb e8 9d 0e
  0x00007ff813b91af5:   00 00 48 8d 0d 82 47 00 00 48 83 c4 20 5b e9 64
  0x00007ff813b91b05:   0c 00 00 48 89 5c 24 08 48 89 74 24 10 57 48 83
  0x00007ff813b91b15:   ec 20 41 8b f1 4d 8b c8 48 8b fa 4c 8b d9 4d 85
  0x00007ff813b91b25:   c0 74 73 85 f6 74 6f 44 8a 12 48 8d 5a 01 48 8b
  0x00007ff813b91b35:   d3 b8 93 01 00 01 eb 12 69 c0 93 01 00 01 41 0f
  0x00007ff813b91b45:   b6 ca 44 8a 12 33 c1 48 ff c2 45 84 d2 75 e9 4d
  0x00007ff813b91b55:   8b 03 33 d2 0f ba f0 1f 49 8b cb f7 f6 48 63 d2
=>0x00007ff813b91b65:   41 8b 14 91 41 ff 50 08 85 c0 7e 24 8a 0f eb 10
  0x00007ff813b91b75:   69 c0 93 01 00 01 0f b6 c9 33 c1 8a 0b 48 ff c3
  0x00007ff813b91b85:   84 c9 75 ec 0f ba f0 1f 33 d2 f7 f6 8b c2 eb 09
  0x00007ff813b91b95:   79 04 f7 d0 eb 03 83 c8 ff 48 8b 5c 24 30 48 8b
  0x00007ff813b91ba5:   74 24 38 48 83 c4 20 5f c3 cc cc 48 89 5c 24 08
  0x00007ff813b91bb5:   48 89 74 24 10 57 48 83 ec 20 48 8b f1 48 8d 0d
  0x00007ff813b91bc5:   b7 46 00 00 e8 96 0b 00 00 33 ff 39 3d 42 44 00
  0x00007ff813b91bd5:   00 76 24 48 8b 05 41 44 00 00 48 8b d6 48 8b 1c
  0x00007ff813b91be5:   f8 48 8b 0b e8 5c 1f 00 00 85 c0 74 2b ff c7 3b
  0x00007ff813b91bf5:   3d 1e 44 00 00 72 dc 33 db 48 8d 0d 7b 46 00 00
  0x00007ff813b91c05:   e8 62 0b 00 00 48 8b 74 24 38 48 8b c3 48 8b 5c
  0x00007ff813b91c15:   24 30 48 83 c4 20 5f c3 ff 43 08 eb dc cc cc 48
  0x00007ff813b91c25:   89 5c 24 08 48 89 74 24 10 57 48 83 ec 20 48 8b
  0x00007ff813b91c35:   d9 48 8b f2 48 8b 49 10 49 8b f8 8b 53 30 48 8b
  0x00007ff813b91c45:   01 ff 50 20 4c 8b 43 50 48 8b d6 48 8b 4b 10 44
  0x00007ff813b91c55:   8b c8 e8 ac fe ff ff 83 f8 ff 74 38 48 8b 4b 10



---------------  P R O C E S S  ---------------

VM state: not at safepoint (not fully initialized)

VM Mutex/Monitor currently owned by a thread: None

CDS archive(s) mapped at: [0x0000000000000000-0x0000000000000000-0x0000000000000000), size 0, SharedBaseAddress: 0x0000000800000000, ArchiveRelocationMode: 1.
UseCompressedClassPointers 1, UseCompactObjectHeaders 0
Narrow klass pointer bits -1, Max shift -1
Narrow klass base: 0xffffffffffffffff, Narrow klass shift: -1
Encoding Range: [0xffffffffffffffff - 0x3fffffffffffffff), (4611686018427387904 bytes)
Klass Range:    [0x0000000000000000 - 0x0000000000000000), (0 bytes)
Klass ID Range:  [4294967295 - 0) (1)
No protection zone.

GC Precious Log:
<Not initialized>


Dynamic libraries:
0x00007ff62a220000 - 0x00007ff62a22e000 	C:\Program Files\Apache NetBeans\jdk\bin\java.exe
0x00007ff82ac40000 - 0x00007ff82aea7000 	C:\WINDOWS\SYSTEM32\ntdll.dll
0x00007ff829220000 - 0x00007ff8292e9000 	C:\WINDOWS\System32\KERNEL32.DLL
0x00007ff8279d0000 - 0x00007ff827dc1000 	C:\WINDOWS\System32\KERNELBASE.dll
0x00007ff827880000 - 0x00007ff8279cb000 	C:\WINDOWS\System32\ucrtbase.dll
0x00007ffff0a40000 - 0x00007ffff0a56000 	C:\Program Files\Apache NetBeans\jdk\bin\jli.dll
0x00007ffffbb30000 - 0x00007ffffbb4e000 	C:\Program Files\Apache NetBeans\jdk\bin\VCRUNTIME140.dll
0x00007ff8292f0000 - 0x00007ff8294b5000 	C:\WINDOWS\System32\USER32.dll
0x00007ff8275d0000 - 0x00007ff8275f7000 	C:\WINDOWS\System32\win32u.dll
0x00007ff807d10000 - 0x00007ff807fa3000 	C:\WINDOWS\WinSxS\amd64_microsoft.windows.common-controls_6595b64144ccf1df_6.0.26100.8037_none_3e092faae333b53b\COMCTL32.dll
0x00007ff8295a0000 - 0x00007ff829649000 	C:\WINDOWS\System32\msvcrt.dll
0x00007ff828e50000 - 0x00007ff828e7b000 	C:\WINDOWS\System32\GDI32.dll
0x00007ff827750000 - 0x00007ff82787b000 	C:\WINDOWS\System32\gdi32full.dll
0x00007ff827520000 - 0x00007ff8275c3000 	C:\WINDOWS\System32\msvcp_win.dll
0x00007ff829dc0000 - 0x00007ff829df1000 	C:\WINDOWS\System32\IMM32.DLL
0x00007ff813db0000 - 0x00007ff813dbc000 	C:\Program Files\Apache NetBeans\jdk\bin\vcruntime140_1.dll
0x00007ffff0950000 - 0x00007ffff09dd000 	C:\Program Files\Apache NetBeans\jdk\bin\msvcp140.dll
0x00007fff64e70000 - 0x00007fff65d96000 	C:\Program Files\Apache NetBeans\jdk\bin\server\jvm.dll
0x00007ff828be0000 - 0x00007ff828c9b000 	C:\WINDOWS\System32\ADVAPI32.dll
0x00007ff82ab50000 - 0x00007ff82abf7000 	C:\WINDOWS\System32\sechost.dll
0x00007ff82a850000 - 0x00007ff82a968000 	C:\WINDOWS\System32\RPCRT4.dll
0x00007ff82aad0000 - 0x00007ff82ab44000 	C:\WINDOWS\System32\WS2_32.dll
0x00007ff827380000 - 0x00007ff8273de000 	C:\WINDOWS\SYSTEM32\POWRPROF.dll
0x00007ff81c420000 - 0x00007ff81c455000 	C:\WINDOWS\SYSTEM32\WINMM.dll
0x00007ff815370000 - 0x00007ff81537b000 	C:\WINDOWS\SYSTEM32\VERSION.dll
0x00007ff827360000 - 0x00007ff827374000 	C:\WINDOWS\SYSTEM32\UMPDC.dll
0x00007ff826280000 - 0x00007ff82629b000 	C:\WINDOWS\SYSTEM32\kernel.appcore.dll
0x00007ff813b90000 - 0x00007ff813b9a000 	C:\Program Files\Apache NetBeans\jdk\bin\jimage.dll
0x00007ff8252f0000 - 0x00007ff825532000 	C:\WINDOWS\SYSTEM32\DBGHELP.DLL
0x00007ff828e80000 - 0x00007ff829202000 	C:\WINDOWS\System32\combase.dll
0x00007ff8294c0000 - 0x00007ff829597000 	C:\WINDOWS\System32\OLEAUT32.dll
0x00007ff803230000 - 0x00007ff80326b000 	C:\WINDOWS\SYSTEM32\dbgcore.DLL
0x00007ff828930000 - 0x00007ff8289d5000 	C:\WINDOWS\System32\bcryptPrimitives.dll

JVMTI agents: none

dbghelp: loaded successfully - version: 4.0.5 - missing functions: none
symbol engine: initialized successfully - sym options: 0x614 - pdb path: .;C:\Program Files\Apache NetBeans\jdk\bin;C:\WINDOWS\SYSTEM32;C:\WINDOWS\WinSxS\amd64_microsoft.windows.common-controls_6595b64144ccf1df_6.0.26100.8037_none_3e092faae333b53b;C:\Program Files\Apache NetBeans\jdk\bin\server

VM Arguments:
java_command: <unknown>
java_class_path (initial): <not set>
Launcher Type: SUN_STANDARD

[Global flags]
     bool UseLargePagesIndividualAllocation        = false                                  {pd product} {ergonomic}

Logging:
Log output configuration:
 #0: stdout all=warning uptime,level,tags foldmultilines=false
 #1: stderr all=off uptime,level,tags foldmultilines=false

Release file:
<release file has not been read>
Environment Variables:
JAVA_HOME=C:\Program Files\Apache NetBeans\jdk
PATH=C:\Program Files\Common Files\Oracle\Java\javapath;C:\WINDOWS\system32;C:\WINDOWS;C:\WINDOWS\System32\Wbem;C:\WINDOWS\System32\WindowsPowerShell\v1.0\;C:\WINDOWS\System32\OpenSSH\;C:\Program Files (x86)\Windows Kits\10\Windows Performance Toolkit\;C:\Program Files\dotnet\;C:\Program Files\Docker\Docker\resources\bin;C:\Program Files\Git\cmd;C:\Users\agamg\AppData\Local\Microsoft\WindowsApps;C:\Users\agamg\.dotnet\tools;C:\Users\agamg\AppData\Local\GitHubDesktop\bin
USERNAME=agamg
OS=Windows_NT
PROCESSOR_IDENTIFIER=Intel64 Family 6 Model 154 Stepping 4, GenuineIntel
TMP=C:\Users\agamg\AppData\Local\Temp
TEMP=C:\Users\agamg\AppData\Local\Temp




Compilation memory statistics disabled.

Periodic native trim disabled

---------------  S Y S T E M  ---------------

OS:
 Windows 11 , 64 bit Build 26100 (10.0.26100.7920)
OS uptime: 0 days 4:39 hours

CPU: total 12 (initial active 0) 
Processor Information for processor 0
  Max Mhz: 1300, Current Mhz: 1300, Mhz Limit: 1300
Processor Information for processor 1
  Max Mhz: 1300, Current Mhz: 1300, Mhz Limit: 1300
Processor Information for processor 2
  Max Mhz: 1300, Current Mhz: 1300, Mhz Limit: 1300
Processor Information for processor 3
  Max Mhz: 1300, Current Mhz: 1300, Mhz Limit: 1300
Processor Information for processor 4
  Max Mhz: 900, Current Mhz: 900, Mhz Limit: 900
Processor Information for processor 5
  Max Mhz: 900, Current Mhz: 900, Mhz Limit: 900
Processor Information for processor 6
  Max Mhz: 900, Current Mhz: 900, Mhz Limit: 900
Processor Information for processor 7
  Max Mhz: 900, Current Mhz: 900, Mhz Limit: 900
Processor Information for processor 8
  Max Mhz: 900, Current Mhz: 900, Mhz Limit: 900
Processor Information for processor 9
  Max Mhz: 900, Current Mhz: 900, Mhz Limit: 900
Processor Information for processor 10
  Max Mhz: 900, Current Mhz: 900, Mhz Limit: 900
Processor Information for processor 11
  Max Mhz: 900, Current Mhz: 900, Mhz Limit: 900

Memory: 4k page, system-wide physical 16108M (1802M free)
TotalPageFile size 38082M (AvailPageFile size 24M)
current process WorkingSet (physical memory assigned to process): 10M, peak: 10M
current process commit charge ("private bytes"): 3M, peak: 3M

vm_info: OpenJDK 64-Bit Server VM (25.0.1+8-LTS) for windows-amd64 JRE (25.0.1+8-LTS), built on 2025-10-21T00:00:00Z with unknown MS VC++:1942

END.
